09-09-26 19:25:20: Namespace(exp_name='C1_dgcnn_da0', out_path='/home/pearl/25m0301/plant3d-thesis/results', epochs=100, batch_size=32, test_batch_size=32, lr=0.001, wd=5e-05, dropout=0.5, seed=1, gpu=0)
09-09-26 19:25:21: Using GPU 0: NVIDIA A100-SXM4-80GB
09-09-26 19:25:21: Crops3D train: 263 {'Tomato': 71, 'Maize': 192}
09-09-26 19:25:21: Crops3D val:   45 {'Tomato': 12, 'Maize': 33}
09-09-26 19:25:21: Pheno4D held-out eval (target, never trained on): 63 {'Tomato': 40, 'Maize': 23}
09-09-26 19:26:02: Trn - Source 0, cls loss: 0.3355
09-09-26 19:26:03: Val - Source 0, acc: 0.7333, avg acc: 0.5000, cls loss: 0.7328
09-09-26 19:26:04: Eval(no-train) - Target 0, acc: 0.3651, avg acc: 0.5000, cls loss: 1.6053  <- domain gap indicator (DA-0 baseline)
09-09-26 19:26:07: Trn - Source 1, cls loss: 0.2093
09-09-26 19:26:07: Val - Source 1, acc: 0.7333, avg acc: 0.5000, cls loss: 0.9631
09-09-26 19:26:08: Eval(no-train) - Target 1, acc: 0.3651, avg acc: 0.5000, cls loss: 2.2299  <- domain gap indicator (DA-0 baseline)
09-09-26 19:26:11: Trn - Source 2, cls loss: 0.0801
09-09-26 19:26:11: Val - Source 2, acc: 0.7333, avg acc: 0.5000, cls loss: 1.1339
09-09-26 19:26:12: Eval(no-train) - Target 2, acc: 0.3651, avg acc: 0.5000, cls loss: 2.7060  <- domain gap indicator (DA-0 baseline)
09-09-26 19:26:15: Trn - Source 3, cls loss: 0.1090
09-09-26 19:26:15: Val - Source 3, acc: 0.7333, avg acc: 0.5000, cls loss: 1.1711
09-09-26 19:26:16: Eval(no-train) - Target 3, acc: 0.3651, avg acc: 0.5000, cls loss: 2.3520  <- domain gap indicator (DA-0 baseline)
09-09-26 19:26:19: Trn - Source 4, cls loss: 0.0715
09-09-26 19:26:19: Val - Source 4, acc: 0.8222, avg acc: 0.6667, cls loss: 0.4075
09-09-26 19:26:20: Eval(no-train) - Target 4, acc: 0.7302, avg acc: 0.7505, cls loss: 0.4229  <- domain gap indicator (DA-0 baseline)
09-09-26 19:26:23: Trn - Source 5, cls loss: 0.0883
09-09-26 19:26:23: Val - Source 5, acc: 0.9556, avg acc: 0.9167, cls loss: 0.1036
09-09-26 19:26:24: Eval(no-train) - Target 5, acc: 0.8889, avg acc: 0.8478, cls loss: 0.7036  <- domain gap indicator (DA-0 baseline)
09-09-26 19:26:27: Trn - Source 6, cls loss: 0.0410
09-09-26 19:26:28: Val - Source 6, acc: 0.9556, avg acc: 0.9167, cls loss: 0.0962
09-09-26 19:26:28: Eval(no-train) - Target 6, acc: 0.9048, avg acc: 0.8696, cls loss: 0.4790  <- domain gap indicator (DA-0 baseline)
09-09-26 19:26:31: Trn - Source 7, cls loss: 0.0506
09-09-26 19:26:32: Val - Source 7, acc: 0.8444, avg acc: 0.7083, cls loss: 0.4118
09-09-26 19:26:32: Eval(no-train) - Target 7, acc: 0.8254, avg acc: 0.8440, cls loss: 0.3786  <- domain gap indicator (DA-0 baseline)
09-09-26 19:26:35: Trn - Source 8, cls loss: 0.0490
09-09-26 19:26:36: Val - Source 8, acc: 0.9111, avg acc: 0.8333, cls loss: 0.1654
09-09-26 19:26:36: Eval(no-train) - Target 8, acc: 0.9048, avg acc: 0.8880, cls loss: 0.2854  <- domain gap indicator (DA-0 baseline)
09-09-26 19:26:39: Trn - Source 9, cls loss: 0.0344
09-09-26 19:26:40: Val - Source 9, acc: 1.0000, avg acc: 1.0000, cls loss: 0.0111
09-09-26 19:26:40: Eval(no-train) - Target 9, acc: 0.9048, avg acc: 0.8696, cls loss: 0.6221  <- domain gap indicator (DA-0 baseline)
09-09-26 19:26:43: Trn - Source 10, cls loss: 0.0452
09-09-26 19:26:44: Val - Source 10, acc: 1.0000, avg acc: 1.0000, cls loss: 0.0516
09-09-26 19:26:44: Eval(no-train) - Target 10, acc: 0.9048, avg acc: 0.8696, cls loss: 0.5618  <- domain gap indicator (DA-0 baseline)
09-09-26 19:26:47: Trn - Source 11, cls loss: 0.0495
09-09-26 19:26:48: Val - Source 11, acc: 0.9556, avg acc: 0.9167, cls loss: 0.0688
09-09-26 19:26:48: Eval(no-train) - Target 11, acc: 0.8730, avg acc: 0.8261, cls loss: 0.6394  <- domain gap indicator (DA-0 baseline)
09-09-26 19:26:51: Trn - Source 12, cls loss: 0.0515
09-09-26 19:26:52: Val - Source 12, acc: 1.0000, avg acc: 1.0000, cls loss: 0.0097
09-09-26 19:26:53: Eval(no-train) - Target 12, acc: 0.8730, avg acc: 0.8261, cls loss: 1.0128  <- domain gap indicator (DA-0 baseline)
09-09-26 19:26:56: Trn - Source 13, cls loss: 0.0299
09-09-26 19:26:56: Val - Source 13, acc: 1.0000, avg acc: 1.0000, cls loss: 0.0058
09-09-26 19:26:57: Eval(no-train) - Target 13, acc: 0.8730, avg acc: 0.8261, cls loss: 1.1545  <- domain gap indicator (DA-0 baseline)
09-09-26 19:27:00: Trn - Source 14, cls loss: 0.0346
09-09-26 19:27:00: Val - Source 14, acc: 0.9556, avg acc: 0.9167, cls loss: 0.0618
09-09-26 19:27:01: Eval(no-train) - Target 14, acc: 0.8571, avg acc: 0.8875, cls loss: 0.3084  <- domain gap indicator (DA-0 baseline)
09-09-26 19:27:04: Trn - Source 15, cls loss: 0.0625
09-09-26 19:27:04: Val - Source 15, acc: 1.0000, avg acc: 1.0000, cls loss: 0.0066
09-09-26 19:27:05: Eval(no-train) - Target 15, acc: 0.8730, avg acc: 0.8261, cls loss: 0.8203  <- domain gap indicator (DA-0 baseline)
09-09-26 19:27:08: Trn - Source 16, cls loss: 0.0526
09-09-26 19:27:08: Val - Source 16, acc: 0.9556, avg acc: 0.9697, cls loss: 0.1241
09-09-26 19:27:09: Eval(no-train) - Target 16, acc: 0.8730, avg acc: 0.8261, cls loss: 0.9845  <- domain gap indicator (DA-0 baseline)
09-09-26 19:27:12: Trn - Source 17, cls loss: 0.0756
09-09-26 19:27:12: Val - Source 17, acc: 1.0000, avg acc: 1.0000, cls loss: 0.0215
09-09-26 19:27:13: Eval(no-train) - Target 17, acc: 0.9365, avg acc: 0.9223, cls loss: 0.2398  <- domain gap indicator (DA-0 baseline)
09-09-26 19:27:16: Trn - Source 18, cls loss: 0.0707
09-09-26 19:27:16: Val - Source 18, acc: 1.0000, avg acc: 1.0000, cls loss: 0.0079
09-09-26 19:27:17: Eval(no-train) - Target 18, acc: 0.9048, avg acc: 0.8696, cls loss: 0.6272  <- domain gap indicator (DA-0 baseline)
09-09-26 19:27:20: Trn - Source 19, cls loss: 0.0570
09-09-26 19:27:20: Val - Source 19, acc: 1.0000, avg acc: 1.0000, cls loss: 0.0128
09-09-26 19:27:21: Eval(no-train) - Target 19, acc: 0.8889, avg acc: 0.8571, cls loss: 0.7269  <- domain gap indicator (DA-0 baseline)
09-09-26 19:27:24: Trn - Source 20, cls loss: 0.0306
09-09-26 19:27:24: Val - Source 20, acc: 1.0000, avg acc: 1.0000, cls loss: 0.0082
09-09-26 19:27:25: Eval(no-train) - Target 20, acc: 0.8889, avg acc: 0.8571, cls loss: 0.5842  <- domain gap indicator (DA-0 baseline)
09-09-26 19:27:28: Trn - Source 21, cls loss: 0.0780
09-09-26 19:27:28: Val - Source 21, acc: 1.0000, avg acc: 1.0000, cls loss: 0.0041
09-09-26 19:27:29: Eval(no-train) - Target 21, acc: 0.8095, avg acc: 0.8315, cls loss: 0.3676  <- domain gap indicator (DA-0 baseline)
09-09-26 19:27:32: Trn - Source 22, cls loss: 0.0547
09-09-26 19:27:32: Val - Source 22, acc: 1.0000, avg acc: 1.0000, cls loss: 0.0018
09-09-26 19:27:33: Eval(no-train) - Target 22, acc: 0.9365, avg acc: 0.9130, cls loss: 0.3063  <- domain gap indicator (DA-0 baseline)
09-09-26 19:27:36: Trn - Source 23, cls loss: 0.0760
09-09-26 19:27:37: Val - Source 23, acc: 1.0000, avg acc: 1.0000, cls loss: 0.0100
09-09-26 19:27:37: Eval(no-train) - Target 23, acc: 0.8889, avg acc: 0.8478, cls loss: 0.9086  <- domain gap indicator (DA-0 baseline)
09-09-26 19:27:40: Trn - Source 24, cls loss: 0.0223
09-09-26 19:27:41: Val - Source 24, acc: 1.0000, avg acc: 1.0000, cls loss: 0.0047
09-09-26 19:27:41: Eval(no-train) - Target 24, acc: 0.9048, avg acc: 0.8696, cls loss: 0.5182  <- domain gap indicator (DA-0 baseline)
09-09-26 19:27:44: Trn - Source 25, cls loss: 0.0168
09-09-26 19:27:45: Val - Source 25, acc: 1.0000, avg acc: 1.0000, cls loss: 0.0084
09-09-26 19:27:45: Eval(no-train) - Target 25, acc: 0.9048, avg acc: 0.8696, cls loss: 0.3975  <- domain gap indicator (DA-0 baseline)
09-09-26 19:27:48: Trn - Source 26, cls loss: 0.0251
09-09-26 19:27:49: Val - Source 26, acc: 1.0000, avg acc: 1.0000, cls loss: 0.0269
09-09-26 19:27:49: Eval(no-train) - Target 26, acc: 0.8413, avg acc: 0.8196, cls loss: 0.3777  <- domain gap indicator (DA-0 baseline)
09-09-26 19:27:52: Trn - Source 27, cls loss: 0.0321
09-09-26 19:27:53: Val - Source 27, acc: 0.9556, avg acc: 0.9167, cls loss: 0.1015
09-09-26 19:27:53: Eval(no-train) - Target 27, acc: 0.4127, avg acc: 0.5375, cls loss: 1.9321  <- domain gap indicator (DA-0 baseline)
09-09-26 19:27:56: Trn - Source 28, cls loss: 0.0474
09-09-26 19:27:57: Val - Source 28, acc: 1.0000, avg acc: 1.0000, cls loss: 0.0037
09-09-26 19:27:57: Eval(no-train) - Target 28, acc: 0.8889, avg acc: 0.8478, cls loss: 0.5046  <- domain gap indicator (DA-0 baseline)
09-09-26 19:28:00: Trn - Source 29, cls loss: 0.0349
09-09-26 19:28:01: Val - Source 29, acc: 1.0000, avg acc: 1.0000, cls loss: 0.0024
09-09-26 19:28:02: Eval(no-train) - Target 29, acc: 0.8889, avg acc: 0.8478, cls loss: 0.8390  <- domain gap indicator (DA-0 baseline)
09-09-26 19:28:05: Trn - Source 30, cls loss: 0.0389
09-09-26 19:28:05: Val - Source 30, acc: 1.0000, avg acc: 1.0000, cls loss: 0.0040
09-09-26 19:28:06: Eval(no-train) - Target 30, acc: 0.9206, avg acc: 0.8913, cls loss: 0.3695  <- domain gap indicator (DA-0 baseline)
09-09-26 19:28:09: Trn - Source 31, cls loss: 0.0255
09-09-26 19:28:09: Val - Source 31, acc: 1.0000, avg acc: 1.0000, cls loss: 0.0054
09-09-26 19:28:10: Eval(no-train) - Target 31, acc: 0.9048, avg acc: 0.8973, cls loss: 0.3016  <- domain gap indicator (DA-0 baseline)
09-09-26 19:28:13: Trn - Source 32, cls loss: 0.0135
09-09-26 19:28:13: Val - Source 32, acc: 1.0000, avg acc: 1.0000, cls loss: 0.0245
09-09-26 19:28:14: Eval(no-train) - Target 32, acc: 0.6825, avg acc: 0.7315, cls loss: 0.6526  <- domain gap indicator (DA-0 baseline)
09-09-26 19:28:17: Trn - Source 33, cls loss: 0.0123
09-09-26 19:28:17: Val - Source 33, acc: 1.0000, avg acc: 1.0000, cls loss: 0.0061
09-09-26 19:28:18: Eval(no-train) - Target 33, acc: 0.9048, avg acc: 0.8973, cls loss: 0.2869  <- domain gap indicator (DA-0 baseline)
09-09-26 19:28:21: Trn - Source 34, cls loss: 0.0220
09-09-26 19:28:21: Val - Source 34, acc: 1.0000, avg acc: 1.0000, cls loss: 0.0034
09-09-26 19:28:22: Eval(no-train) - Target 34, acc: 0.9048, avg acc: 0.8788, cls loss: 0.3487  <- domain gap indicator (DA-0 baseline)
09-09-26 19:28:25: Trn - Source 35, cls loss: 0.0146
09-09-26 19:28:25: Val - Source 35, acc: 1.0000, avg acc: 1.0000, cls loss: 0.0041
09-09-26 19:28:26: Eval(no-train) - Target 35, acc: 0.9206, avg acc: 0.8913, cls loss: 0.4740  <- domain gap indicator (DA-0 baseline)
09-09-26 19:28:29: Trn - Source 36, cls loss: 0.0204
09-09-26 19:28:29: Val - Source 36, acc: 1.0000, avg acc: 1.0000, cls loss: 0.0185
09-09-26 19:28:30: Eval(no-train) - Target 36, acc: 0.9365, avg acc: 0.9130, cls loss: 0.2631  <- domain gap indicator (DA-0 baseline)
09-09-26 19:28:33: Trn - Source 37, cls loss: 0.0184
09-09-26 19:28:33: Val - Source 37, acc: 0.9778, avg acc: 0.9583, cls loss: 0.0332
09-09-26 19:28:34: Eval(no-train) - Target 37, acc: 0.9524, avg acc: 0.9440, cls loss: 0.1828  <- domain gap indicator (DA-0 baseline)
09-09-26 19:28:37: Trn - Source 38, cls loss: 0.0105
09-09-26 19:28:37: Val - Source 38, acc: 1.0000, avg acc: 1.0000, cls loss: 0.0083
09-09-26 19:28:38: Eval(no-train) - Target 38, acc: 0.9206, avg acc: 0.8913, cls loss: 0.5197  <- domain gap indicator (DA-0 baseline)
09-09-26 19:28:41: Trn - Source 39, cls loss: 0.0419
09-09-26 19:28:42: Val - Source 39, acc: 1.0000, avg acc: 1.0000, cls loss: 0.0380
09-09-26 19:28:42: Eval(no-train) - Target 39, acc: 0.6190, avg acc: 0.7000, cls loss: 0.9502  <- domain gap indicator (DA-0 baseline)
09-09-26 19:28:45: Trn - Source 40, cls loss: 0.0333
09-09-26 19:28:46: Val - Source 40, acc: 1.0000, avg acc: 1.0000, cls loss: 0.0182
09-09-26 19:28:46: Eval(no-train) - Target 40, acc: 0.9048, avg acc: 0.8788, cls loss: 0.3195  <- domain gap indicator (DA-0 baseline)
09-09-26 19:28:49: Trn - Source 41, cls loss: 0.0100
09-09-26 19:28:50: Val - Source 41, acc: 1.0000, avg acc: 1.0000, cls loss: 0.0115
09-09-26 19:28:50: Eval(no-train) - Target 41, acc: 0.9048, avg acc: 0.8696, cls loss: 0.3991  <- domain gap indicator (DA-0 baseline)
09-09-26 19:28:53: Trn - Source 42, cls loss: 0.0143
09-09-26 19:28:54: Val - Source 42, acc: 1.0000, avg acc: 1.0000, cls loss: 0.0005
09-09-26 19:28:54: Eval(no-train) - Target 42, acc: 0.8730, avg acc: 0.8261, cls loss: 1.1362  <- domain gap indicator (DA-0 baseline)
09-09-26 19:28:57: Trn - Source 43, cls loss: 0.0573
09-09-26 19:28:58: Val - Source 43, acc: 1.0000, avg acc: 1.0000, cls loss: 0.0041
09-09-26 19:28:58: Eval(no-train) - Target 43, acc: 0.8730, avg acc: 0.8261, cls loss: 1.2881  <- domain gap indicator (DA-0 baseline)
09-09-26 19:29:01: Trn - Source 44, cls loss: 0.0247
09-09-26 19:29:02: Val - Source 44, acc: 1.0000, avg acc: 1.0000, cls loss: 0.0050
09-09-26 19:29:02: Eval(no-train) - Target 44, acc: 0.9048, avg acc: 0.8696, cls loss: 0.6573  <- domain gap indicator (DA-0 baseline)
09-09-26 19:29:05: Trn - Source 45, cls loss: 0.0181
09-09-26 19:29:06: Val - Source 45, acc: 1.0000, avg acc: 1.0000, cls loss: 0.0183
09-09-26 19:29:06: Eval(no-train) - Target 45, acc: 0.6349, avg acc: 0.7125, cls loss: 0.8835  <- domain gap indicator (DA-0 baseline)
09-09-26 19:29:09: Trn - Source 46, cls loss: 0.0431
09-09-26 19:29:10: Val - Source 46, acc: 1.0000, avg acc: 1.0000, cls loss: 0.0017
09-09-26 19:29:10: Eval(no-train) - Target 46, acc: 0.9048, avg acc: 0.8696, cls loss: 1.2742  <- domain gap indicator (DA-0 baseline)
09-09-26 19:29:13: Trn - Source 47, cls loss: 0.0163
09-09-26 19:29:14: Val - Source 47, acc: 1.0000, avg acc: 1.0000, cls loss: 0.0031
09-09-26 19:29:15: Eval(no-train) - Target 47, acc: 0.9048, avg acc: 0.8696, cls loss: 0.9897  <- domain gap indicator (DA-0 baseline)
09-09-26 19:29:18: Trn - Source 48, cls loss: 0.0638
09-09-26 19:29:18: Val - Source 48, acc: 1.0000, avg acc: 1.0000, cls loss: 0.0080
09-09-26 19:29:19: Eval(no-train) - Target 48, acc: 0.8730, avg acc: 0.8538, cls loss: 0.3801  <- domain gap indicator (DA-0 baseline)
09-09-26 19:29:22: Trn - Source 49, cls loss: 0.0270
09-09-26 19:29:22: Val - Source 49, acc: 0.9333, avg acc: 0.8750, cls loss: 0.0697
09-09-26 19:29:23: Eval(no-train) - Target 49, acc: 0.4127, avg acc: 0.5375, cls loss: 2.0360  <- domain gap indicator (DA-0 baseline)
09-09-26 19:29:26: Trn - Source 50, cls loss: 0.0097
09-09-26 19:29:26: Val - Source 50, acc: 1.0000, avg acc: 1.0000, cls loss: 0.0055
09-09-26 19:29:27: Eval(no-train) - Target 50, acc: 0.9206, avg acc: 0.9190, cls loss: 0.2451  <- domain gap indicator (DA-0 baseline)
09-09-26 19:29:30: Trn - Source 51, cls loss: 0.0214
09-09-26 19:29:30: Val - Source 51, acc: 1.0000, avg acc: 1.0000, cls loss: 0.0009
09-09-26 19:29:31: Eval(no-train) - Target 51, acc: 0.9048, avg acc: 0.8696, cls loss: 0.7499  <- domain gap indicator (DA-0 baseline)
09-09-26 19:29:34: Trn - Source 52, cls loss: 0.0134
09-09-26 19:29:34: Val - Source 52, acc: 1.0000, avg acc: 1.0000, cls loss: 0.0005
09-09-26 19:29:35: Eval(no-train) - Target 52, acc: 0.9048, avg acc: 0.8696, cls loss: 0.8827  <- domain gap indicator (DA-0 baseline)
09-09-26 19:29:38: Trn - Source 53, cls loss: 0.0197
09-09-26 19:29:38: Val - Source 53, acc: 1.0000, avg acc: 1.0000, cls loss: 0.0017
09-09-26 19:29:39: Eval(no-train) - Target 53, acc: 0.9048, avg acc: 0.8696, cls loss: 0.6972  <- domain gap indicator (DA-0 baseline)
09-09-26 19:29:42: Trn - Source 54, cls loss: 0.0088
09-09-26 19:29:42: Val - Source 54, acc: 1.0000, avg acc: 1.0000, cls loss: 0.0046
09-09-26 19:29:43: Eval(no-train) - Target 54, acc: 0.9048, avg acc: 0.8696, cls loss: 0.5278  <- domain gap indicator (DA-0 baseline)
09-09-26 19:29:46: Trn - Source 55, cls loss: 0.0024
09-09-26 19:29:46: Val - Source 55, acc: 1.0000, avg acc: 1.0000, cls loss: 0.0049
09-09-26 19:29:47: Eval(no-train) - Target 55, acc: 0.9048, avg acc: 0.8696, cls loss: 0.4713  <- domain gap indicator (DA-0 baseline)
09-09-26 19:29:50: Trn - Source 56, cls loss: 0.0101
09-09-26 19:29:51: Val - Source 56, acc: 1.0000, avg acc: 1.0000, cls loss: 0.0078
09-09-26 19:29:51: Eval(no-train) - Target 56, acc: 0.9048, avg acc: 0.8696, cls loss: 0.3514  <- domain gap indicator (DA-0 baseline)
09-09-26 19:29:54: Trn - Source 57, cls loss: 0.0153
09-09-26 19:29:55: Val - Source 57, acc: 1.0000, avg acc: 1.0000, cls loss: 0.0019
09-09-26 19:29:55: Eval(no-train) - Target 57, acc: 0.9048, avg acc: 0.8696, cls loss: 0.5308  <- domain gap indicator (DA-0 baseline)
09-09-26 19:29:58: Trn - Source 58, cls loss: 0.0106
09-09-26 19:29:59: Val - Source 58, acc: 1.0000, avg acc: 1.0000, cls loss: 0.0007
09-09-26 19:29:59: Eval(no-train) - Target 58, acc: 0.9048, avg acc: 0.8696, cls loss: 0.8061  <- domain gap indicator (DA-0 baseline)
09-09-26 19:30:02: Trn - Source 59, cls loss: 0.0092
09-09-26 19:30:03: Val - Source 59, acc: 1.0000, avg acc: 1.0000, cls loss: 0.0013
09-09-26 19:30:03: Eval(no-train) - Target 59, acc: 0.9048, avg acc: 0.8696, cls loss: 0.7643  <- domain gap indicator (DA-0 baseline)
09-09-26 19:30:06: Trn - Source 60, cls loss: 0.0043
09-09-26 19:30:07: Val - Source 60, acc: 1.0000, avg acc: 1.0000, cls loss: 0.0041
09-09-26 19:30:07: Eval(no-train) - Target 60, acc: 0.9048, avg acc: 0.8696, cls loss: 0.5395  <- domain gap indicator (DA-0 baseline)
09-09-26 19:30:10: Trn - Source 61, cls loss: 0.0055
09-09-26 19:30:11: Val - Source 61, acc: 1.0000, avg acc: 1.0000, cls loss: 0.0069
09-09-26 19:30:11: Eval(no-train) - Target 61, acc: 0.9048, avg acc: 0.8696, cls loss: 0.4446  <- domain gap indicator (DA-0 baseline)
09-09-26 19:30:14: Trn - Source 62, cls loss: 0.0091
09-09-26 19:30:15: Val - Source 62, acc: 1.0000, avg acc: 1.0000, cls loss: 0.0108
09-09-26 19:30:16: Eval(no-train) - Target 62, acc: 0.9365, avg acc: 0.9130, cls loss: 0.3163  <- domain gap indicator (DA-0 baseline)
09-09-26 19:30:19: Trn - Source 63, cls loss: 0.0563
09-09-26 19:30:19: Val - Source 63, acc: 1.0000, avg acc: 1.0000, cls loss: 0.0091
09-09-26 19:30:20: Eval(no-train) - Target 63, acc: 0.9048, avg acc: 0.8696, cls loss: 0.4345  <- domain gap indicator (DA-0 baseline)
09-09-26 19:30:23: Trn - Source 64, cls loss: 0.0050
09-09-26 19:30:23: Val - Source 64, acc: 1.0000, avg acc: 1.0000, cls loss: 0.0096
09-09-26 19:30:24: Eval(no-train) - Target 64, acc: 0.9048, avg acc: 0.8696, cls loss: 0.5951  <- domain gap indicator (DA-0 baseline)
09-09-26 19:30:27: Trn - Source 65, cls loss: 0.0132
09-09-26 19:30:27: Val - Source 65, acc: 1.0000, avg acc: 1.0000, cls loss: 0.0086
09-09-26 19:30:28: Eval(no-train) - Target 65, acc: 0.9048, avg acc: 0.8696, cls loss: 0.6529  <- domain gap indicator (DA-0 baseline)
09-09-26 19:30:31: Trn - Source 66, cls loss: 0.0235
09-09-26 19:30:31: Val - Source 66, acc: 1.0000, avg acc: 1.0000, cls loss: 0.0126
09-09-26 19:30:32: Eval(no-train) - Target 66, acc: 0.9048, avg acc: 0.8696, cls loss: 0.5448  <- domain gap indicator (DA-0 baseline)
09-09-26 19:30:35: Trn - Source 67, cls loss: 0.0091
09-09-26 19:30:35: Val - Source 67, acc: 1.0000, avg acc: 1.0000, cls loss: 0.0097
09-09-26 19:30:36: Eval(no-train) - Target 67, acc: 0.9048, avg acc: 0.8696, cls loss: 0.4957  <- domain gap indicator (DA-0 baseline)
09-09-26 19:30:39: Trn - Source 68, cls loss: 0.0071
09-09-26 19:30:39: Val - Source 68, acc: 1.0000, avg acc: 1.0000, cls loss: 0.0052
09-09-26 19:30:40: Eval(no-train) - Target 68, acc: 0.9048, avg acc: 0.8696, cls loss: 0.5306  <- domain gap indicator (DA-0 baseline)
09-09-26 19:30:43: Trn - Source 69, cls loss: 0.0178
09-09-26 19:30:43: Val - Source 69, acc: 1.0000, avg acc: 1.0000, cls loss: 0.0057
09-09-26 19:30:44: Eval(no-train) - Target 69, acc: 0.9048, avg acc: 0.8696, cls loss: 0.4815  <- domain gap indicator (DA-0 baseline)
09-09-26 19:30:47: Trn - Source 70, cls loss: 0.0047
09-09-26 19:30:47: Val - Source 70, acc: 1.0000, avg acc: 1.0000, cls loss: 0.0032
09-09-26 19:30:48: Eval(no-train) - Target 70, acc: 0.9048, avg acc: 0.8696, cls loss: 0.5346  <- domain gap indicator (DA-0 baseline)
09-09-26 19:30:51: Trn - Source 71, cls loss: 0.0129
09-09-26 19:30:51: Val - Source 71, acc: 1.0000, avg acc: 1.0000, cls loss: 0.0016
09-09-26 19:30:52: Eval(no-train) - Target 71, acc: 0.9048, avg acc: 0.8696, cls loss: 0.6528  <- domain gap indicator (DA-0 baseline)
09-09-26 19:30:55: Trn - Source 72, cls loss: 0.0078
09-09-26 19:30:55: Val - Source 72, acc: 1.0000, avg acc: 1.0000, cls loss: 0.0016
09-09-26 19:30:56: Eval(no-train) - Target 72, acc: 0.9048, avg acc: 0.8696, cls loss: 0.6904  <- domain gap indicator (DA-0 baseline)
09-09-26 19:30:59: Trn - Source 73, cls loss: 0.0073
09-09-26 19:30:59: Val - Source 73, acc: 1.0000, avg acc: 1.0000, cls loss: 0.0017
09-09-26 19:31:00: Eval(no-train) - Target 73, acc: 0.9048, avg acc: 0.8696, cls loss: 0.7045  <- domain gap indicator (DA-0 baseline)
09-09-26 19:31:03: Trn - Source 74, cls loss: 0.0357
09-09-26 19:31:04: Val - Source 74, acc: 1.0000, avg acc: 1.0000, cls loss: 0.0026
09-09-26 19:31:04: Eval(no-train) - Target 74, acc: 0.9048, avg acc: 0.8696, cls loss: 0.6604  <- domain gap indicator (DA-0 baseline)
09-09-26 19:31:07: Trn - Source 75, cls loss: 0.0065
09-09-26 19:31:08: Val - Source 75, acc: 1.0000, avg acc: 1.0000, cls loss: 0.0066
09-09-26 19:31:08: Eval(no-train) - Target 75, acc: 0.8889, avg acc: 0.8571, cls loss: 0.4738  <- domain gap indicator (DA-0 baseline)
09-09-26 19:31:11: Trn - Source 76, cls loss: 0.0054
09-09-26 19:31:12: Val - Source 76, acc: 1.0000, avg acc: 1.0000, cls loss: 0.0074
09-09-26 19:31:12: Eval(no-train) - Target 76, acc: 0.8571, avg acc: 0.8413, cls loss: 0.4607  <- domain gap indicator (DA-0 baseline)
09-09-26 19:31:15: Trn - Source 77, cls loss: 0.0062
09-09-26 19:31:16: Val - Source 77, acc: 1.0000, avg acc: 1.0000, cls loss: 0.0084
09-09-26 19:31:16: Eval(no-train) - Target 77, acc: 0.8413, avg acc: 0.8288, cls loss: 0.4800  <- domain gap indicator (DA-0 baseline)
09-09-26 19:31:19: Trn - Source 78, cls loss: 0.0019
09-09-26 19:31:20: Val - Source 78, acc: 1.0000, avg acc: 1.0000, cls loss: 0.0056
09-09-26 19:31:20: Eval(no-train) - Target 78, acc: 0.8095, avg acc: 0.8038, cls loss: 0.5043  <- domain gap indicator (DA-0 baseline)
09-09-26 19:31:23: Trn - Source 79, cls loss: 0.0037
09-09-26 19:31:24: Val - Source 79, acc: 1.0000, avg acc: 1.0000, cls loss: 0.0025
09-09-26 19:31:25: Eval(no-train) - Target 79, acc: 0.8413, avg acc: 0.8196, cls loss: 0.5106  <- domain gap indicator (DA-0 baseline)
09-09-26 19:31:28: Trn - Source 80, cls loss: 0.0095
09-09-26 19:31:28: Val - Source 80, acc: 1.0000, avg acc: 1.0000, cls loss: 0.0018
09-09-26 19:31:29: Eval(no-train) - Target 80, acc: 0.8730, avg acc: 0.8446, cls loss: 0.5338  <- domain gap indicator (DA-0 baseline)
09-09-26 19:31:32: Trn - Source 81, cls loss: 0.0083
09-09-26 19:31:32: Val - Source 81, acc: 1.0000, avg acc: 1.0000, cls loss: 0.0013
09-09-26 19:31:33: Eval(no-train) - Target 81, acc: 0.8730, avg acc: 0.8446, cls loss: 0.5677  <- domain gap indicator (DA-0 baseline)
09-09-26 19:31:36: Trn - Source 82, cls loss: 0.0051
09-09-26 19:31:36: Val - Source 82, acc: 1.0000, avg acc: 1.0000, cls loss: 0.0011
09-09-26 19:31:37: Eval(no-train) - Target 82, acc: 0.9048, avg acc: 0.8696, cls loss: 0.6303  <- domain gap indicator (DA-0 baseline)
09-09-26 19:31:40: Trn - Source 83, cls loss: 0.0239
09-09-26 19:31:40: Val - Source 83, acc: 1.0000, avg acc: 1.0000, cls loss: 0.0024
09-09-26 19:31:41: Eval(no-train) - Target 83, acc: 0.8889, avg acc: 0.8571, cls loss: 0.5609  <- domain gap indicator (DA-0 baseline)
09-09-26 19:31:44: Trn - Source 84, cls loss: 0.0035
09-09-26 19:31:44: Val - Source 84, acc: 1.0000, avg acc: 1.0000, cls loss: 0.0044
09-09-26 19:31:45: Eval(no-train) - Target 84, acc: 0.8730, avg acc: 0.8446, cls loss: 0.5090  <- domain gap indicator (DA-0 baseline)
09-09-26 19:31:48: Trn - Source 85, cls loss: 0.0047
09-09-26 19:31:48: Val - Source 85, acc: 1.0000, avg acc: 1.0000, cls loss: 0.0039
09-09-26 19:31:49: Eval(no-train) - Target 85, acc: 0.8730, avg acc: 0.8446, cls loss: 0.5222  <- domain gap indicator (DA-0 baseline)
09-09-26 19:31:52: Trn - Source 86, cls loss: 0.0039
09-09-26 19:31:52: Val - Source 86, acc: 1.0000, avg acc: 1.0000, cls loss: 0.0031
09-09-26 19:31:53: Eval(no-train) - Target 86, acc: 0.8889, avg acc: 0.8571, cls loss: 0.5404  <- domain gap indicator (DA-0 baseline)
09-09-26 19:31:56: Trn - Source 87, cls loss: 0.0288
09-09-26 19:31:56: Val - Source 87, acc: 1.0000, avg acc: 1.0000, cls loss: 0.0027
09-09-26 19:31:57: Eval(no-train) - Target 87, acc: 0.8889, avg acc: 0.8571, cls loss: 0.5504  <- domain gap indicator (DA-0 baseline)
09-09-26 19:32:00: Trn - Source 88, cls loss: 0.0026
09-09-26 19:32:00: Val - Source 88, acc: 1.0000, avg acc: 1.0000, cls loss: 0.0024
09-09-26 19:32:01: Eval(no-train) - Target 88, acc: 0.8889, avg acc: 0.8571, cls loss: 0.5603  <- domain gap indicator (DA-0 baseline)
09-09-26 19:32:04: Trn - Source 89, cls loss: 0.0022
09-09-26 19:32:04: Val - Source 89, acc: 1.0000, avg acc: 1.0000, cls loss: 0.0029
09-09-26 19:32:05: Eval(no-train) - Target 89, acc: 0.8889, avg acc: 0.8571, cls loss: 0.5418  <- domain gap indicator (DA-0 baseline)
09-09-26 19:32:08: Trn - Source 90, cls loss: 0.0022
09-09-26 19:32:09: Val - Source 90, acc: 1.0000, avg acc: 1.0000, cls loss: 0.0037
09-09-26 19:32:09: Eval(no-train) - Target 90, acc: 0.8889, avg acc: 0.8571, cls loss: 0.5220  <- domain gap indicator (DA-0 baseline)
09-09-26 19:32:12: Trn - Source 91, cls loss: 0.0026
09-09-26 19:32:13: Val - Source 91, acc: 1.0000, avg acc: 1.0000, cls loss: 0.0027
09-09-26 19:32:13: Eval(no-train) - Target 91, acc: 0.8889, avg acc: 0.8571, cls loss: 0.5373  <- domain gap indicator (DA-0 baseline)
09-09-26 19:32:16: Trn - Source 92, cls loss: 0.0053
09-09-26 19:32:17: Val - Source 92, acc: 1.0000, avg acc: 1.0000, cls loss: 0.0030
09-09-26 19:32:17: Eval(no-train) - Target 92, acc: 0.8889, avg acc: 0.8571, cls loss: 0.5341  <- domain gap indicator (DA-0 baseline)
09-09-26 19:32:20: Trn - Source 93, cls loss: 0.0078
09-09-26 19:32:21: Val - Source 93, acc: 1.0000, avg acc: 1.0000, cls loss: 0.0041
09-09-26 19:32:21: Eval(no-train) - Target 93, acc: 0.8889, avg acc: 0.8571, cls loss: 0.5068  <- domain gap indicator (DA-0 baseline)
09-09-26 19:32:24: Trn - Source 94, cls loss: 0.0076
09-09-26 19:32:25: Val - Source 94, acc: 1.0000, avg acc: 1.0000, cls loss: 0.0045
09-09-26 19:32:25: Eval(no-train) - Target 94, acc: 0.8889, avg acc: 0.8571, cls loss: 0.5060  <- domain gap indicator (DA-0 baseline)
09-09-26 19:32:28: Trn - Source 95, cls loss: 0.0030
09-09-26 19:32:29: Val - Source 95, acc: 1.0000, avg acc: 1.0000, cls loss: 0.0044
09-09-26 19:32:29: Eval(no-train) - Target 95, acc: 0.8889, avg acc: 0.8571, cls loss: 0.5089  <- domain gap indicator (DA-0 baseline)
09-09-26 19:32:32: Trn - Source 96, cls loss: 0.0023
09-09-26 19:32:33: Val - Source 96, acc: 1.0000, avg acc: 1.0000, cls loss: 0.0044
09-09-26 19:32:33: Eval(no-train) - Target 96, acc: 0.8889, avg acc: 0.8571, cls loss: 0.5005  <- domain gap indicator (DA-0 baseline)
09-09-26 19:32:36: Trn - Source 97, cls loss: 0.0061
09-09-26 19:32:37: Val - Source 97, acc: 1.0000, avg acc: 1.0000, cls loss: 0.0034
09-09-26 19:32:37: Eval(no-train) - Target 97, acc: 0.8889, avg acc: 0.8571, cls loss: 0.5409  <- domain gap indicator (DA-0 baseline)
09-09-26 19:32:40: Trn - Source 98, cls loss: 0.0032
09-09-26 19:32:41: Val - Source 98, acc: 1.0000, avg acc: 1.0000, cls loss: 0.0040
09-09-26 19:32:42: Eval(no-train) - Target 98, acc: 0.8889, avg acc: 0.8571, cls loss: 0.5072  <- domain gap indicator (DA-0 baseline)
09-09-26 19:32:44: Trn - Source 99, cls loss: 0.0075
09-09-26 19:32:45: Val - Source 99, acc: 1.0000, avg acc: 1.0000, cls loss: 0.0034
09-09-26 19:32:46: Eval(no-train) - Target 99, acc: 0.8889, avg acc: 0.8571, cls loss: 0.5236  <- domain gap indicator (DA-0 baseline)
09-09-26 19:32:46: Best model at epoch 9, source val acc 1.0000
09-09-26 19:32:46: FINAL target (Pheno4D held-out) test accuracy: 0.9048, avg acc: 0.8696, loss: 0.6221
09-09-26 19:32:46: Confusion matrix (rows=true, cols=pred, order=['Tomato', 'Maize']):
[[40  0]
 [ 6 17]]
