12-09-26 00:07:24: Namespace(exp_name='C4_dgcnn_da_a_ln', out_path='/home/pearl/25m0301/plant3d-thesis/results', epochs=100, batch_size=32, test_batch_size=32, lr=0.001, wd=5e-05, dropout=0.5, disc_dropout=0.3, gamma=10.0, lambda_ent=0.1, seed=1, gpu=0)
12-09-26 00:07:25: Using GPU 0: NVIDIA A100-SXM4-80GB
12-09-26 00:07:29: Augment mode: ln_only (L-N only -- Gaussian jitter, no rotation/scale/flip/crop/dropout/cubic symmetry)
12-09-26 00:07:29: Crops3D train (source): 263 {'Tomato': 71, 'Maize': 192}
12-09-26 00:07:29: Crops3D val (source):   45 {'Tomato': 12, 'Maize': 33}
12-09-26 00:07:29: Pheno4D adaptation pool (target, unlabeled for training -- species labels below shown for bookkeeping only, never used in the loss): 160 {'Tomato': 100, 'Maize': 60}
12-09-26 00:07:29: Pheno4D held-out eval (target, never trained on, cls-only): 63 {'Tomato': 40, 'Maize': 23}
12-09-26 00:07:31: L_cls class weights (w_c=(f_c+eps)^-1, normalized): {'Tomato': 1.4600751399993896, 'Maize': 0.5399248600006104}
12-09-26 00:07:31: L_seg class weights for Tomato (counts=[59711, 228589, 2516]): [0.12004272639751434, 0.031357139348983765, 2.848600149154663]
12-09-26 00:07:31: L_seg class weights for Maize (counts=[105103, 53541, 475303, 3874, 3443, 145168]): [0.09747688472270966, 0.19134941697120667, 0.021555034443736076, 2.6440656185150146, 2.974978446960449, 0.0705743357539177]
12-09-26 00:07:31: Batches/epoch: source=8 (drives epoch length), target_adapt=5 (cycled)
12-09-26 00:08:25: Trn - Source 0, cls loss: 0.2640, seg loss: 2.1300, dom loss: 0.7542, ent loss (target): 0.2986, lambda_p: 0.0437, lambda_ent: 0.0044, kendall s_cls: -0.0036, s_seg: 0.0079
12-09-26 00:08:25: Val - Source 0, cls acc: 0.7333, cls avg acc: 0.5000, cls loss: 1.2627, seg loss: 2.2256, total loss: 3.4776
12-09-26 00:08:25: Val - Source 0, Tomato seg: loss=1.6657, mIoU=0.0064, acc=0.0193
12-09-26 00:08:25: Val - Source 0, Maize seg: loss=2.4292, mIoU=0.1641, acc=0.4901
12-09-26 00:08:26: Eval(no-train) - Target 0, acc: 0.3651, avg acc: 0.5000, cls loss: 3.0618  <- domain gap indicator (DA-A, cls-only, held-out -- never trained on)
12-09-26 00:08:33: Trn - Source 1, cls loss: 0.1452, seg loss: 1.7159, dom loss: 0.7157, ent loss (target): 0.1933, lambda_p: 0.0935, lambda_ent: 0.0093, kendall s_cls: -0.0109, s_seg: 0.0154
12-09-26 00:08:33: Val - Source 1, cls acc: 0.7333, cls avg acc: 0.5000, cls loss: 1.0749, seg loss: 1.9192, total loss: 2.9789
12-09-26 00:08:33: Val - Source 1, Tomato seg: loss=1.7089, mIoU=0.0081, acc=0.0234
12-09-26 00:08:33: Val - Source 1, Maize seg: loss=1.9957, mIoU=0.1368, acc=0.4218
12-09-26 00:08:34: Eval(no-train) - Target 1, acc: 0.3651, avg acc: 0.5000, cls loss: 2.6421  <- domain gap indicator (DA-A, cls-only, held-out -- never trained on)
12-09-26 00:08:40: Trn - Source 2, cls loss: 0.0593, seg loss: 1.5134, dom loss: 0.6959, ent loss (target): 0.1885, lambda_p: 0.1428, lambda_ent: 0.0143, kendall s_cls: -0.0190, s_seg: 0.0223
12-09-26 00:08:41: Val - Source 2, cls acc: 0.8000, cls avg acc: 0.6250, cls loss: 0.5495, seg loss: 1.8199, total loss: 2.3414
12-09-26 00:08:41: Val - Source 2, Tomato seg: loss=1.5868, mIoU=0.0622, acc=0.1551
12-09-26 00:08:41: Val - Source 2, Maize seg: loss=1.9047, mIoU=0.1299, acc=0.3105
12-09-26 00:08:42: Eval(no-train) - Target 2, acc: 0.7619, avg acc: 0.8033, cls loss: 0.7018  <- domain gap indicator (DA-A, cls-only, held-out -- never trained on)
12-09-26 00:08:48: Trn - Source 3, cls loss: 0.0496, seg loss: 1.3549, dom loss: 0.7055, ent loss (target): 0.1464, lambda_p: 0.1914, lambda_ent: 0.0191, kendall s_cls: -0.0274, s_seg: 0.0288
12-09-26 00:08:48: Val - Source 3, cls acc: 0.9778, cls avg acc: 0.9583, cls loss: 0.0650, seg loss: 1.9313, total loss: 1.9440
12-09-26 00:08:48: Val - Source 3, Tomato seg: loss=1.9659, mIoU=0.0529, acc=0.1321
12-09-26 00:08:48: Val - Source 3, Maize seg: loss=1.9188, mIoU=0.1554, acc=0.3842
12-09-26 00:08:49: Eval(no-train) - Target 3, acc: 0.9365, avg acc: 0.9130, cls loss: 0.2767  <- domain gap indicator (DA-A, cls-only, held-out -- never trained on)
12-09-26 00:08:55: Trn - Source 4, cls loss: 0.0291, seg loss: 1.2865, dom loss: 0.6891, ent loss (target): 0.1385, lambda_p: 0.2390, lambda_ent: 0.0239, kendall s_cls: -0.0360, s_seg: 0.0347
12-09-26 00:08:56: Val - Source 4, cls acc: 0.9556, cls avg acc: 0.9167, cls loss: 0.0961, seg loss: 1.8722, total loss: 1.9073
12-09-26 00:08:56: Val - Source 4, Tomato seg: loss=2.0720, mIoU=0.0183, acc=0.0483
12-09-26 00:08:56: Val - Source 4, Maize seg: loss=1.7996, mIoU=0.1587, acc=0.3752
12-09-26 00:08:57: Eval(no-train) - Target 4, acc: 0.9365, avg acc: 0.9315, cls loss: 0.2065  <- domain gap indicator (DA-A, cls-only, held-out -- never trained on)
12-09-26 00:09:03: Trn - Source 5, cls loss: 0.0125, seg loss: 1.2257, dom loss: 0.6991, ent loss (target): 0.1380, lambda_p: 0.2856, lambda_ent: 0.0286, kendall s_cls: -0.0447, s_seg: 0.0404
12-09-26 00:09:03: Val - Source 5, cls acc: 0.9778, cls avg acc: 0.9583, cls loss: 0.0643, seg loss: 1.5616, total loss: 1.5649
12-09-26 00:09:03: Val - Source 5, Tomato seg: loss=1.6471, mIoU=0.1323, acc=0.2962
12-09-26 00:09:03: Val - Source 5, Maize seg: loss=1.5306, mIoU=0.2129, acc=0.5383
12-09-26 00:09:04: Eval(no-train) - Target 5, acc: 0.7143, avg acc: 0.7750, cls loss: 0.8872  <- domain gap indicator (DA-A, cls-only, held-out -- never trained on)
12-09-26 00:09:10: Trn - Source 6, cls loss: 0.0076, seg loss: 1.1709, dom loss: 0.7055, ent loss (target): 0.1108, lambda_p: 0.3308, lambda_ent: 0.0331, kendall s_cls: -0.0534, s_seg: 0.0458
12-09-26 00:09:11: Val - Source 6, cls acc: 0.9778, cls avg acc: 0.9583, cls loss: 0.0640, seg loss: 1.4878, total loss: 1.4849
12-09-26 00:09:11: Val - Source 6, Tomato seg: loss=1.6616, mIoU=0.1532, acc=0.3389
12-09-26 00:09:11: Val - Source 6, Maize seg: loss=1.4246, mIoU=0.2339, acc=0.5892
12-09-26 00:09:12: Eval(no-train) - Target 6, acc: 0.7460, avg acc: 0.7908, cls loss: 0.5843  <- domain gap indicator (DA-A, cls-only, held-out -- never trained on)
12-09-26 00:09:18: Trn - Source 7, cls loss: 0.0237, seg loss: 1.1462, dom loss: 0.7051, ent loss (target): 0.0767, lambda_p: 0.3746, lambda_ent: 0.0375, kendall s_cls: -0.0621, s_seg: 0.0509
12-09-26 00:09:18: Val - Source 7, cls acc: 0.9778, cls avg acc: 0.9583, cls loss: 0.0879, seg loss: 1.2624, total loss: 1.2877
12-09-26 00:09:18: Val - Source 7, Tomato seg: loss=1.4526, mIoU=0.2189, acc=0.4735
12-09-26 00:09:18: Val - Source 7, Maize seg: loss=1.1932, mIoU=0.2762, acc=0.7048
12-09-26 00:09:19: Eval(no-train) - Target 7, acc: 0.8730, avg acc: 0.8908, cls loss: 0.2854  <- domain gap indicator (DA-A, cls-only, held-out -- never trained on)
12-09-26 00:09:25: Trn - Source 8, cls loss: 0.0043, seg loss: 1.1430, dom loss: 0.6933, ent loss (target): 0.0839, lambda_p: 0.4167, lambda_ent: 0.0417, kendall s_cls: -0.0706, s_seg: 0.0561
12-09-26 00:09:26: Val - Source 8, cls acc: 0.8889, cls avg acc: 0.7917, cls loss: 0.5180, seg loss: 1.5701, total loss: 2.0331
12-09-26 00:09:26: Val - Source 8, Tomato seg: loss=1.4347, mIoU=0.2040, acc=0.4127
12-09-26 00:09:26: Val - Source 8, Maize seg: loss=1.6193, mIoU=0.2157, acc=0.5380
12-09-26 00:09:27: Eval(no-train) - Target 8, acc: 0.4762, avg acc: 0.5875, cls loss: 2.8907  <- domain gap indicator (DA-A, cls-only, held-out -- never trained on)
12-09-26 00:09:33: Trn - Source 9, cls loss: 0.0347, seg loss: 1.1323, dom loss: 0.6947, ent loss (target): 0.0740, lambda_p: 0.4572, lambda_ent: 0.0457, kendall s_cls: -0.0788, s_seg: 0.0611
12-09-26 00:09:33: Val - Source 9, cls acc: 0.9778, cls avg acc: 0.9848, cls loss: 0.0442, seg loss: 1.4848, total loss: 1.4358
12-09-26 00:09:33: Val - Source 9, Tomato seg: loss=1.2794, mIoU=0.2898, acc=0.5974
12-09-26 00:09:33: Val - Source 9, Maize seg: loss=1.5595, mIoU=0.2022, acc=0.4907
12-09-26 00:09:34: Eval(no-train) - Target 9, acc: 0.9365, avg acc: 0.9130, cls loss: 0.2329  <- domain gap indicator (DA-A, cls-only, held-out -- never trained on)
12-09-26 00:09:40: Trn - Source 10, cls loss: 0.0360, seg loss: 1.0589, dom loss: 0.6915, ent loss (target): 0.0588, lambda_p: 0.4958, lambda_ent: 0.0496, kendall s_cls: -0.0868, s_seg: 0.0660
12-09-26 00:09:41: Val - Source 10, cls acc: 0.9556, cls avg acc: 0.9167, cls loss: 0.1959, seg loss: 1.2385, total loss: 1.3626
12-09-26 00:09:41: Val - Source 10, Tomato seg: loss=1.2164, mIoU=0.2921, acc=0.6078
12-09-26 00:09:41: Val - Source 10, Maize seg: loss=1.2465, mIoU=0.2668, acc=0.6576
12-09-26 00:09:41: Eval(no-train) - Target 10, acc: 0.7143, avg acc: 0.7750, cls loss: 0.8076  <- domain gap indicator (DA-A, cls-only, held-out -- never trained on)
12-09-26 00:09:48: Trn - Source 11, cls loss: 0.0093, seg loss: 1.0759, dom loss: 0.6884, ent loss (target): 0.0742, lambda_p: 0.5326, lambda_ent: 0.0533, kendall s_cls: -0.0950, s_seg: 0.0707
12-09-26 00:09:48: Val - Source 11, cls acc: 0.9556, cls avg acc: 0.9167, cls loss: 0.1148, seg loss: 1.3050, total loss: 1.3301
12-09-26 00:09:48: Val - Source 11, Tomato seg: loss=1.0848, mIoU=0.3804, acc=0.7817
12-09-26 00:09:48: Val - Source 11, Maize seg: loss=1.3851, mIoU=0.2496, acc=0.6849
12-09-26 00:09:49: Eval(no-train) - Target 11, acc: 0.4603, avg acc: 0.5750, cls loss: 3.3850  <- domain gap indicator (DA-A, cls-only, held-out -- never trained on)
12-09-26 00:09:55: Trn - Source 12, cls loss: 0.0043, seg loss: 1.0429, dom loss: 0.6932, ent loss (target): 0.0600, lambda_p: 0.5674, lambda_ent: 0.0567, kendall s_cls: -0.1031, s_seg: 0.0754
12-09-26 00:09:56: Val - Source 12, cls acc: 0.9778, cls avg acc: 0.9583, cls loss: 0.1842, seg loss: 1.2546, total loss: 1.3538
12-09-26 00:09:56: Val - Source 12, Tomato seg: loss=1.2863, mIoU=0.2728, acc=0.5475
12-09-26 00:09:56: Val - Source 12, Maize seg: loss=1.2430, mIoU=0.2278, acc=0.5265
12-09-26 00:09:56: Eval(no-train) - Target 12, acc: 0.3810, avg acc: 0.5125, cls loss: 4.0571  <- domain gap indicator (DA-A, cls-only, held-out -- never trained on)
12-09-26 00:10:02: Trn - Source 13, cls loss: 0.0032, seg loss: 1.0009, dom loss: 0.7074, ent loss (target): 0.0492, lambda_p: 0.6004, lambda_ent: 0.0600, kendall s_cls: -0.1113, s_seg: 0.0798
12-09-26 00:10:03: Val - Source 13, cls acc: 1.0000, cls avg acc: 1.0000, cls loss: 0.0071, seg loss: 1.1524, total loss: 1.0562
12-09-26 00:10:03: Val - Source 13, Tomato seg: loss=1.1364, mIoU=0.3210, acc=0.6583
12-09-26 00:10:03: Val - Source 13, Maize seg: loss=1.1582, mIoU=0.2933, acc=0.7173
12-09-26 00:10:04: Eval(no-train) - Target 13, acc: 0.6349, avg acc: 0.7125, cls loss: 2.6817  <- domain gap indicator (DA-A, cls-only, held-out -- never trained on)
12-09-26 00:10:10: Trn - Source 14, cls loss: 0.0013, seg loss: 0.9342, dom loss: 0.7023, ent loss (target): 0.0323, lambda_p: 0.6314, lambda_ent: 0.0631, kendall s_cls: -0.1194, s_seg: 0.0839
12-09-26 00:10:11: Val - Source 14, cls acc: 1.0000, cls avg acc: 1.0000, cls loss: 0.0175, seg loss: 1.1443, total loss: 1.0542
12-09-26 00:10:11: Val - Source 14, Tomato seg: loss=1.3659, mIoU=0.2373, acc=0.4513
12-09-26 00:10:11: Val - Source 14, Maize seg: loss=1.0638, mIoU=0.3486, acc=0.7886
12-09-26 00:10:11: Eval(no-train) - Target 14, acc: 0.5714, avg acc: 0.6625, cls loss: 2.9521  <- domain gap indicator (DA-A, cls-only, held-out -- never trained on)
12-09-26 00:10:17: Trn - Source 15, cls loss: 0.0059, seg loss: 0.9021, dom loss: 0.7000, ent loss (target): 0.0435, lambda_p: 0.6605, lambda_ent: 0.0661, kendall s_cls: -0.1275, s_seg: 0.0876
12-09-26 00:10:18: Val - Source 15, cls acc: 0.9111, cls avg acc: 0.8333, cls loss: 0.3023, seg loss: 1.1751, total loss: 1.3999
12-09-26 00:10:18: Val - Source 15, Tomato seg: loss=1.5330, mIoU=0.1708, acc=0.3452
12-09-26 00:10:18: Val - Source 15, Maize seg: loss=1.0449, mIoU=0.3532, acc=0.8149
12-09-26 00:10:19: Eval(no-train) - Target 15, acc: 0.4444, avg acc: 0.5625, cls loss: 3.3487  <- domain gap indicator (DA-A, cls-only, held-out -- never trained on)
12-09-26 00:10:25: Trn - Source 16, cls loss: 0.0085, seg loss: 0.8979, dom loss: 0.7110, ent loss (target): 0.0512, lambda_p: 0.6878, lambda_ent: 0.0688, kendall s_cls: -0.1354, s_seg: 0.0910
12-09-26 00:10:25: Val - Source 16, cls acc: 0.9333, cls avg acc: 0.8750, cls loss: 0.2815, seg loss: 1.0817, total loss: 1.2878
12-09-26 00:10:25: Val - Source 16, Tomato seg: loss=1.0622, mIoU=0.3383, acc=0.6703
12-09-26 00:10:25: Val - Source 16, Maize seg: loss=1.0888, mIoU=0.3380, acc=0.7494
12-09-26 00:10:26: Eval(no-train) - Target 16, acc: 0.6032, avg acc: 0.6875, cls loss: 1.9652  <- domain gap indicator (DA-A, cls-only, held-out -- never trained on)
12-09-26 00:10:32: Trn - Source 17, cls loss: 0.0018, seg loss: 0.8547, dom loss: 0.6835, ent loss (target): 0.0465, lambda_p: 0.7132, lambda_ent: 0.0713, kendall s_cls: -0.1432, s_seg: 0.0943
12-09-26 00:10:33: Val - Source 17, cls acc: 0.9778, cls avg acc: 0.9583, cls loss: 0.0592, seg loss: 0.9960, total loss: 0.9503
12-09-26 00:10:33: Val - Source 17, Tomato seg: loss=1.3185, mIoU=0.2665, acc=0.4981
12-09-26 00:10:33: Val - Source 17, Maize seg: loss=0.8788, mIoU=0.3926, acc=0.8280
12-09-26 00:10:34: Eval(no-train) - Target 17, acc: 0.7937, avg acc: 0.8375, cls loss: 0.7930  <- domain gap indicator (DA-A, cls-only, held-out -- never trained on)
12-09-26 00:10:40: Trn - Source 18, cls loss: 0.0073, seg loss: 0.8828, dom loss: 0.6989, ent loss (target): 0.0318, lambda_p: 0.7369, lambda_ent: 0.0737, kendall s_cls: -0.1509, s_seg: 0.0975
12-09-26 00:10:40: Val - Source 18, cls acc: 1.0000, cls avg acc: 1.0000, cls loss: 0.0097, seg loss: 1.0809, total loss: 0.9650
12-09-26 00:10:40: Val - Source 18, Tomato seg: loss=1.0809, mIoU=0.3607, acc=0.7113
12-09-26 00:10:40: Val - Source 18, Maize seg: loss=1.0809, mIoU=0.3485, acc=0.7654
12-09-26 00:10:41: Eval(no-train) - Target 18, acc: 0.5873, avg acc: 0.6750, cls loss: 2.7897  <- domain gap indicator (DA-A, cls-only, held-out -- never trained on)
12-09-26 00:10:47: Trn - Source 19, cls loss: 0.0059, seg loss: 0.8820, dom loss: 0.6881, ent loss (target): 0.0286, lambda_p: 0.7590, lambda_ent: 0.0759, kendall s_cls: -0.1585, s_seg: 0.1007
12-09-26 00:10:48: Val - Source 19, cls acc: 1.0000, cls avg acc: 1.0000, cls loss: 0.0012, seg loss: 1.6470, total loss: 1.4616
12-09-26 00:10:48: Val - Source 19, Tomato seg: loss=3.0832, mIoU=0.0469, acc=0.0635
12-09-26 00:10:48: Val - Source 19, Maize seg: loss=1.1247, mIoU=0.2880, acc=0.6775
12-09-26 00:10:48: Eval(no-train) - Target 19, acc: 0.7937, avg acc: 0.8375, cls loss: 1.2389  <- domain gap indicator (DA-A, cls-only, held-out -- never trained on)
12-09-26 00:10:55: Trn - Source 20, cls loss: 0.0072, seg loss: 0.8345, dom loss: 0.6838, ent loss (target): 0.0344, lambda_p: 0.7794, lambda_ent: 0.0779, kendall s_cls: -0.1661, s_seg: 0.1038
12-09-26 00:10:55: Val - Source 20, cls acc: 0.9778, cls avg acc: 0.9583, cls loss: 0.0221, seg loss: 1.1069, total loss: 0.9927
12-09-26 00:10:55: Val - Source 20, Tomato seg: loss=1.2925, mIoU=0.3099, acc=0.6102
12-09-26 00:10:55: Val - Source 20, Maize seg: loss=1.0394, mIoU=0.3763, acc=0.8279
12-09-26 00:10:56: Eval(no-train) - Target 20, acc: 0.6032, avg acc: 0.6875, cls loss: 2.1407  <- domain gap indicator (DA-A, cls-only, held-out -- never trained on)
12-09-26 00:11:02: Trn - Source 21, cls loss: 0.0018, seg loss: 0.7952, dom loss: 0.6944, ent loss (target): 0.0202, lambda_p: 0.7982, lambda_ent: 0.0798, kendall s_cls: -0.1735, s_seg: 0.1066
12-09-26 00:11:03: Val - Source 21, cls acc: 1.0000, cls avg acc: 1.0000, cls loss: 0.0174, seg loss: 0.9188, total loss: 0.8131
12-09-26 00:11:03: Val - Source 21, Tomato seg: loss=1.2167, mIoU=0.3507, acc=0.6783
12-09-26 00:11:03: Val - Source 21, Maize seg: loss=0.8105, mIoU=0.4202, acc=0.8629
12-09-26 00:11:03: Eval(no-train) - Target 21, acc: 0.5397, avg acc: 0.6375, cls loss: 2.5483  <- domain gap indicator (DA-A, cls-only, held-out -- never trained on)
12-09-26 00:11:10: Trn - Source 22, cls loss: 0.0199, seg loss: 0.7872, dom loss: 0.6907, ent loss (target): 0.0235, lambda_p: 0.8157, lambda_ent: 0.0816, kendall s_cls: -0.1808, s_seg: 0.1091
12-09-26 00:11:10: Val - Source 22, cls acc: 0.9556, cls avg acc: 0.9167, cls loss: 0.2245, seg loss: 0.9494, total loss: 1.0845
12-09-26 00:11:10: Val - Source 22, Tomato seg: loss=1.1009, mIoU=0.3723, acc=0.7339
12-09-26 00:11:10: Val - Source 22, Maize seg: loss=0.8943, mIoU=0.3928, acc=0.8452
12-09-26 00:11:11: Eval(no-train) - Target 22, acc: 0.3968, avg acc: 0.5250, cls loss: 4.9002  <- domain gap indicator (DA-A, cls-only, held-out -- never trained on)
12-09-26 00:11:17: Trn - Source 23, cls loss: 0.0079, seg loss: 0.8070, dom loss: 0.6944, ent loss (target): 0.0333, lambda_p: 0.8317, lambda_ent: 0.0832, kendall s_cls: -0.1880, s_seg: 0.1115
12-09-26 00:11:18: Val - Source 23, cls acc: 1.0000, cls avg acc: 1.0000, cls loss: 0.0028, seg loss: 0.9941, total loss: 0.8544
12-09-26 00:11:18: Val - Source 23, Tomato seg: loss=1.0421, mIoU=0.3721, acc=0.6992
12-09-26 00:11:18: Val - Source 23, Maize seg: loss=0.9767, mIoU=0.3790, acc=0.7909
12-09-26 00:11:18: Eval(no-train) - Target 23, acc: 0.7937, avg acc: 0.8283, cls loss: 1.7458  <- domain gap indicator (DA-A, cls-only, held-out -- never trained on)
12-09-26 00:11:24: Trn - Source 24, cls loss: 0.0053, seg loss: 0.7849, dom loss: 0.6906, ent loss (target): 0.0397, lambda_p: 0.8465, lambda_ent: 0.0847, kendall s_cls: -0.1951, s_seg: 0.1139
12-09-26 00:11:25: Val - Source 24, cls acc: 1.0000, cls avg acc: 1.0000, cls loss: 0.0049, seg loss: 1.1275, total loss: 0.9715
12-09-26 00:11:25: Val - Source 24, Tomato seg: loss=0.9745, mIoU=0.4186, acc=0.7985
12-09-26 00:11:25: Val - Source 24, Maize seg: loss=1.1831, mIoU=0.3109, acc=0.7644
12-09-26 00:11:26: Eval(no-train) - Target 24, acc: 0.7143, avg acc: 0.7658, cls loss: 1.8349  <- domain gap indicator (DA-A, cls-only, held-out -- never trained on)
12-09-26 00:11:32: Trn - Source 25, cls loss: 0.0043, seg loss: 0.9050, dom loss: 0.6866, ent loss (target): 0.0138, lambda_p: 0.8601, lambda_ent: 0.0860, kendall s_cls: -0.2021, s_seg: 0.1167
12-09-26 00:11:33: Val - Source 25, cls acc: 0.9556, cls avg acc: 0.9167, cls loss: 0.2195, seg loss: 1.2936, total loss: 1.3772
12-09-26 00:11:33: Val - Source 25, Tomato seg: loss=0.9975, mIoU=0.4532, acc=0.8491
12-09-26 00:11:33: Val - Source 25, Maize seg: loss=1.4013, mIoU=0.3135, acc=0.6647
12-09-26 00:11:33: Eval(no-train) - Target 25, acc: 0.5556, avg acc: 0.6500, cls loss: 2.3452  <- domain gap indicator (DA-A, cls-only, held-out -- never trained on)
12-09-26 00:11:40: Trn - Source 26, cls loss: 0.0008, seg loss: 0.8586, dom loss: 0.6873, ent loss (target): 0.0361, lambda_p: 0.8726, lambda_ent: 0.0873, kendall s_cls: -0.2091, s_seg: 0.1197
12-09-26 00:11:40: Val - Source 26, cls acc: 0.9778, cls avg acc: 0.9583, cls loss: 0.0318, seg loss: 1.1601, total loss: 1.0238
12-09-26 00:11:40: Val - Source 26, Tomato seg: loss=1.1260, mIoU=0.3508, acc=0.6748
12-09-26 00:11:40: Val - Source 26, Maize seg: loss=1.1725, mIoU=0.3159, acc=0.7094
12-09-26 00:11:41: Eval(no-train) - Target 26, acc: 0.7778, avg acc: 0.8158, cls loss: 0.9797  <- domain gap indicator (DA-A, cls-only, held-out -- never trained on)
12-09-26 00:11:48: Trn - Source 27, cls loss: 0.0014, seg loss: 0.8030, dom loss: 0.7002, ent loss (target): 0.0203, lambda_p: 0.8840, lambda_ent: 0.0884, kendall s_cls: -0.2160, s_seg: 0.1224
12-09-26 00:11:48: Val - Source 27, cls acc: 1.0000, cls avg acc: 1.0000, cls loss: 0.0011, seg loss: 0.9472, total loss: 0.7927
12-09-26 00:11:48: Val - Source 27, Tomato seg: loss=1.1739, mIoU=0.3351, acc=0.6866
12-09-26 00:11:48: Val - Source 27, Maize seg: loss=0.8648, mIoU=0.4300, acc=0.8890
12-09-26 00:11:49: Eval(no-train) - Target 27, acc: 0.5397, avg acc: 0.6375, cls loss: 2.8895  <- domain gap indicator (DA-A, cls-only, held-out -- never trained on)
12-09-26 00:11:55: Trn - Source 28, cls loss: 0.0006, seg loss: 0.7402, dom loss: 0.6828, ent loss (target): 0.0195, lambda_p: 0.8945, lambda_ent: 0.0894, kendall s_cls: -0.2228, s_seg: 0.1248
12-09-26 00:11:56: Val - Source 28, cls acc: 1.0000, cls avg acc: 1.0000, cls loss: 0.0007, seg loss: 0.8625, total loss: 0.7132
12-09-26 00:11:56: Val - Source 28, Tomato seg: loss=0.9760, mIoU=0.3534, acc=0.6899
12-09-26 00:11:56: Val - Source 28, Maize seg: loss=0.8212, mIoU=0.3788, acc=0.8063
12-09-26 00:11:57: Eval(no-train) - Target 28, acc: 0.4921, avg acc: 0.6000, cls loss: 3.8376  <- domain gap indicator (DA-A, cls-only, held-out -- never trained on)
12-09-26 00:12:03: Trn - Source 29, cls loss: 0.0013, seg loss: 0.7324, dom loss: 0.6930, ent loss (target): 0.0099, lambda_p: 0.9040, lambda_ent: 0.0904, kendall s_cls: -0.2295, s_seg: 0.1266
12-09-26 00:12:03: Val - Source 29, cls acc: 1.0000, cls avg acc: 1.0000, cls loss: 0.0008, seg loss: 0.8449, total loss: 0.6939
12-09-26 00:12:03: Val - Source 29, Tomato seg: loss=0.9283, mIoU=0.4380, acc=0.8099
12-09-26 00:12:03: Val - Source 29, Maize seg: loss=0.8145, mIoU=0.4023, acc=0.8362
12-09-26 00:12:04: Eval(no-train) - Target 29, acc: 0.4921, avg acc: 0.6000, cls loss: 4.3363  <- domain gap indicator (DA-A, cls-only, held-out -- never trained on)
12-09-26 00:12:10: Trn - Source 30, cls loss: 0.0007, seg loss: 0.7273, dom loss: 0.7003, ent loss (target): 0.0084, lambda_p: 0.9127, lambda_ent: 0.0913, kendall s_cls: -0.2361, s_seg: 0.1285
12-09-26 00:12:11: Val - Source 30, cls acc: 1.0000, cls avg acc: 1.0000, cls loss: 0.0007, seg loss: 0.9109, total loss: 0.7482
12-09-26 00:12:11: Val - Source 30, Tomato seg: loss=1.0647, mIoU=0.3778, acc=0.7002
12-09-26 00:12:11: Val - Source 30, Maize seg: loss=0.8550, mIoU=0.3753, acc=0.7924
12-09-26 00:12:12: Eval(no-train) - Target 30, acc: 0.5714, avg acc: 0.6625, cls loss: 3.2885  <- domain gap indicator (DA-A, cls-only, held-out -- never trained on)
12-09-26 00:12:18: Trn - Source 31, cls loss: 0.0005, seg loss: 0.6931, dom loss: 0.6976, ent loss (target): 0.0101, lambda_p: 0.9207, lambda_ent: 0.0921, kendall s_cls: -0.2425, s_seg: 0.1300
12-09-26 00:12:18: Val - Source 31, cls acc: 1.0000, cls avg acc: 1.0000, cls loss: 0.0058, seg loss: 0.9177, total loss: 0.7570
12-09-26 00:12:18: Val - Source 31, Tomato seg: loss=1.0962, mIoU=0.4381, acc=0.8565
12-09-26 00:12:18: Val - Source 31, Maize seg: loss=0.8528, mIoU=0.3906, acc=0.8394
12-09-26 00:12:19: Eval(no-train) - Target 31, acc: 0.5556, avg acc: 0.6500, cls loss: 3.4381  <- domain gap indicator (DA-A, cls-only, held-out -- never trained on)
12-09-26 00:12:25: Trn - Source 32, cls loss: 0.0006, seg loss: 0.6982, dom loss: 0.6932, ent loss (target): 0.0094, lambda_p: 0.9280, lambda_ent: 0.0928, kendall s_cls: -0.2489, s_seg: 0.1313
12-09-26 00:12:26: Val - Source 32, cls acc: 0.9556, cls avg acc: 0.9167, cls loss: 0.1455, seg loss: 0.8792, total loss: 0.8988
12-09-26 00:12:26: Val - Source 32, Tomato seg: loss=0.9273, mIoU=0.4357, acc=0.8108
12-09-26 00:12:26: Val - Source 32, Maize seg: loss=0.8617, mIoU=0.4101, acc=0.8576
12-09-26 00:12:26: Eval(no-train) - Target 32, acc: 0.4762, avg acc: 0.5875, cls loss: 4.5470  <- domain gap indicator (DA-A, cls-only, held-out -- never trained on)
12-09-26 00:12:33: Trn - Source 33, cls loss: 0.0002, seg loss: 0.7535, dom loss: 0.7008, ent loss (target): 0.0123, lambda_p: 0.9346, lambda_ent: 0.0935, kendall s_cls: -0.2551, s_seg: 0.1329
12-09-26 00:12:33: Val - Source 33, cls acc: 0.9778, cls avg acc: 0.9583, cls loss: 0.1673, seg loss: 1.3101, total loss: 1.3018
12-09-26 00:12:33: Val - Source 33, Tomato seg: loss=0.9361, mIoU=0.4219, acc=0.8115
12-09-26 00:12:33: Val - Source 33, Maize seg: loss=1.4461, mIoU=0.2883, acc=0.6115
12-09-26 00:12:34: Eval(no-train) - Target 33, acc: 0.4603, avg acc: 0.5750, cls loss: 4.9725  <- domain gap indicator (DA-A, cls-only, held-out -- never trained on)
12-09-26 00:12:40: Trn - Source 34, cls loss: 0.0036, seg loss: 0.7343, dom loss: 0.7051, ent loss (target): 0.0161, lambda_p: 0.9407, lambda_ent: 0.0941, kendall s_cls: -0.2612, s_seg: 0.1346
12-09-26 00:12:41: Val - Source 34, cls acc: 1.0000, cls avg acc: 1.0000, cls loss: 0.0003, seg loss: 1.2108, total loss: 0.9954
12-09-26 00:12:41: Val - Source 34, Tomato seg: loss=0.9362, mIoU=0.4017, acc=0.7421
12-09-26 00:12:41: Val - Source 34, Maize seg: loss=1.3107, mIoU=0.3141, acc=0.7377
12-09-26 00:12:41: Eval(no-train) - Target 34, acc: 0.7302, avg acc: 0.7875, cls loss: 1.9984  <- domain gap indicator (DA-A, cls-only, held-out -- never trained on)
12-09-26 00:12:48: Trn - Source 35, cls loss: 0.0268, seg loss: 0.7062, dom loss: 0.6902, ent loss (target): 0.0143, lambda_p: 0.9462, lambda_ent: 0.0946, kendall s_cls: -0.2671, s_seg: 0.1361
12-09-26 00:12:48: Val - Source 35, cls acc: 0.9778, cls avg acc: 0.9583, cls loss: 0.0741, seg loss: 0.8626, total loss: 0.7841
12-09-26 00:12:48: Val - Source 35, Tomato seg: loss=1.2086, mIoU=0.4508, acc=0.8348
12-09-26 00:12:48: Val - Source 35, Maize seg: loss=0.7367, mIoU=0.4259, acc=0.8836
12-09-26 00:12:49: Eval(no-train) - Target 35, acc: 0.5397, avg acc: 0.6375, cls loss: 3.9835  <- domain gap indicator (DA-A, cls-only, held-out -- never trained on)
12-09-26 00:12:55: Trn - Source 36, cls loss: 0.0060, seg loss: 0.7071, dom loss: 0.6928, ent loss (target): 0.0193, lambda_p: 0.9512, lambda_ent: 0.0951, kendall s_cls: -0.2728, s_seg: 0.1375
12-09-26 00:12:56: Val - Source 36, cls acc: 0.9778, cls avg acc: 0.9583, cls loss: 0.0231, seg loss: 0.7908, total loss: 0.6519
12-09-26 00:12:56: Val - Source 36, Tomato seg: loss=0.9925, mIoU=0.3695, acc=0.7099
12-09-26 00:12:56: Val - Source 36, Maize seg: loss=0.7175, mIoU=0.4258, acc=0.8681
12-09-26 00:12:56: Eval(no-train) - Target 36, acc: 0.5079, avg acc: 0.6125, cls loss: 3.7186  <- domain gap indicator (DA-A, cls-only, held-out -- never trained on)
12-09-26 00:13:02: Trn - Source 37, cls loss: 0.0026, seg loss: 0.6695, dom loss: 0.6941, ent loss (target): 0.0215, lambda_p: 0.9557, lambda_ent: 0.0956, kendall s_cls: -0.2784, s_seg: 0.1387
12-09-26 00:13:03: Val - Source 37, cls acc: 1.0000, cls avg acc: 1.0000, cls loss: 0.0112, seg loss: 0.7940, total loss: 0.6361
12-09-26 00:13:03: Val - Source 37, Tomato seg: loss=1.0296, mIoU=0.3969, acc=0.7578
12-09-26 00:13:03: Val - Source 37, Maize seg: loss=0.7083, mIoU=0.3977, acc=0.8298
12-09-26 00:13:04: Eval(no-train) - Target 37, acc: 0.5397, avg acc: 0.6375, cls loss: 3.5151  <- domain gap indicator (DA-A, cls-only, held-out -- never trained on)
12-09-26 00:13:10: Trn - Source 38, cls loss: 0.0053, seg loss: 0.6663, dom loss: 0.6913, ent loss (target): 0.0149, lambda_p: 0.9598, lambda_ent: 0.0960, kendall s_cls: -0.2840, s_seg: 0.1397
12-09-26 00:13:11: Val - Source 38, cls acc: 1.0000, cls avg acc: 1.0000, cls loss: 0.0011, seg loss: 1.1667, total loss: 0.9439
12-09-26 00:13:11: Val - Source 38, Tomato seg: loss=1.8152, mIoU=0.2617, acc=0.5390
12-09-26 00:13:11: Val - Source 38, Maize seg: loss=0.9309, mIoU=0.3678, acc=0.8259
12-09-26 00:13:11: Eval(no-train) - Target 38, acc: 0.5397, avg acc: 0.6375, cls loss: 3.8188  <- domain gap indicator (DA-A, cls-only, held-out -- never trained on)
12-09-26 00:13:17: Trn - Source 39, cls loss: 0.0184, seg loss: 0.6665, dom loss: 0.6955, ent loss (target): 0.0177, lambda_p: 0.9636, lambda_ent: 0.0964, kendall s_cls: -0.2894, s_seg: 0.1406
12-09-26 00:13:18: Val - Source 39, cls acc: 0.9333, cls avg acc: 0.8750, cls loss: 0.1782, seg loss: 1.0325, total loss: 1.0607
12-09-26 00:13:18: Val - Source 39, Tomato seg: loss=1.1391, mIoU=0.3545, acc=0.7465
12-09-26 00:13:18: Val - Source 39, Maize seg: loss=0.9938, mIoU=0.3771, acc=0.8366
12-09-26 00:13:19: Eval(no-train) - Target 39, acc: 0.3810, avg acc: 0.5125, cls loss: 4.4534  <- domain gap indicator (DA-A, cls-only, held-out -- never trained on)
12-09-26 00:13:25: Trn - Source 40, cls loss: 0.0026, seg loss: 0.6902, dom loss: 0.6881, ent loss (target): 0.0371, lambda_p: 0.9670, lambda_ent: 0.0967, kendall s_cls: -0.2947, s_seg: 0.1416
12-09-26 00:13:25: Val - Source 40, cls acc: 0.8667, cls avg acc: 0.7500, cls loss: 0.3982, seg loss: 1.5098, total loss: 1.7686
12-09-26 00:13:25: Val - Source 40, Tomato seg: loss=3.1666, mIoU=0.3073, acc=0.6393
12-09-26 00:13:25: Val - Source 40, Maize seg: loss=0.9073, mIoU=0.3720, acc=0.7965
12-09-26 00:13:26: Eval(no-train) - Target 40, acc: 0.5397, avg acc: 0.6375, cls loss: 1.9522  <- domain gap indicator (DA-A, cls-only, held-out -- never trained on)
12-09-26 00:13:32: Trn - Source 41, cls loss: 0.0071, seg loss: 0.6655, dom loss: 0.6902, ent loss (target): 0.0525, lambda_p: 0.9701, lambda_ent: 0.0970, kendall s_cls: -0.2998, s_seg: 0.1425
12-09-26 00:13:33: Val - Source 41, cls acc: 0.9778, cls avg acc: 0.9583, cls loss: 0.0402, seg loss: 0.9440, total loss: 0.7943
12-09-26 00:13:33: Val - Source 41, Tomato seg: loss=1.0204, mIoU=0.3955, acc=0.7347
12-09-26 00:13:33: Val - Source 41, Maize seg: loss=0.9162, mIoU=0.4052, acc=0.8428
12-09-26 00:13:34: Eval(no-train) - Target 41, acc: 0.8730, avg acc: 0.8815, cls loss: 0.3101  <- domain gap indicator (DA-A, cls-only, held-out -- never trained on)
12-09-26 00:13:40: Trn - Source 42, cls loss: 0.0062, seg loss: 0.6266, dom loss: 0.6871, ent loss (target): 0.0427, lambda_p: 0.9729, lambda_ent: 0.0973, kendall s_cls: -0.3049, s_seg: 0.1433
12-09-26 00:13:40: Val - Source 42, cls acc: 1.0000, cls avg acc: 1.0000, cls loss: 0.0134, seg loss: 0.8468, total loss: 0.6711
12-09-26 00:13:40: Val - Source 42, Tomato seg: loss=0.8803, mIoU=0.4395, acc=0.8172
12-09-26 00:13:40: Val - Source 42, Maize seg: loss=0.8346, mIoU=0.4236, acc=0.8349
12-09-26 00:13:41: Eval(no-train) - Target 42, acc: 0.8413, avg acc: 0.8380, cls loss: 0.5061  <- domain gap indicator (DA-A, cls-only, held-out -- never trained on)
12-09-26 00:13:47: Trn - Source 43, cls loss: 0.0053, seg loss: 0.6587, dom loss: 0.6718, ent loss (target): 0.0769, lambda_p: 0.9754, lambda_ent: 0.0975, kendall s_cls: -0.3098, s_seg: 0.1440
12-09-26 00:13:48: Val - Source 43, cls acc: 0.9778, cls avg acc: 0.9583, cls loss: 0.0303, seg loss: 0.8182, total loss: 0.6668
12-09-26 00:13:48: Val - Source 43, Tomato seg: loss=0.8901, mIoU=0.4435, acc=0.8420
12-09-26 00:13:48: Val - Source 43, Maize seg: loss=0.7920, mIoU=0.4062, acc=0.8362
12-09-26 00:13:48: Eval(no-train) - Target 43, acc: 0.8413, avg acc: 0.8380, cls loss: 0.4493  <- domain gap indicator (DA-A, cls-only, held-out -- never trained on)
12-09-26 00:13:55: Trn - Source 44, cls loss: 0.0246, seg loss: 0.6543, dom loss: 0.6851, ent loss (target): 0.0503, lambda_p: 0.9778, lambda_ent: 0.0978, kendall s_cls: -0.3146, s_seg: 0.1446
12-09-26 00:13:55: Val - Source 44, cls acc: 1.0000, cls avg acc: 1.0000, cls loss: 0.0145, seg loss: 0.9998, total loss: 0.8000
12-09-26 00:13:55: Val - Source 44, Tomato seg: loss=1.0371, mIoU=0.3831, acc=0.7630
12-09-26 00:13:55: Val - Source 44, Maize seg: loss=0.9862, mIoU=0.3811, acc=0.8302
12-09-26 00:13:56: Eval(no-train) - Target 44, acc: 0.9365, avg acc: 0.9223, cls loss: 0.2348  <- domain gap indicator (DA-A, cls-only, held-out -- never trained on)
12-09-26 00:14:02: Trn - Source 45, cls loss: 0.0010, seg loss: 0.6637, dom loss: 0.6834, ent loss (target): 0.0698, lambda_p: 0.9798, lambda_ent: 0.0980, kendall s_cls: -0.3192, s_seg: 0.1454
12-09-26 00:14:03: Val - Source 45, cls acc: 0.9778, cls avg acc: 0.9848, cls loss: 0.1273, seg loss: 0.8491, total loss: 0.8225
12-09-26 00:14:03: Val - Source 45, Tomato seg: loss=1.2168, mIoU=0.3397, acc=0.6737
12-09-26 00:14:03: Val - Source 45, Maize seg: loss=0.7154, mIoU=0.4141, acc=0.8645
12-09-26 00:14:03: Eval(no-train) - Target 45, acc: 0.8095, avg acc: 0.8223, cls loss: 0.5657  <- domain gap indicator (DA-A, cls-only, held-out -- never trained on)
12-09-26 00:14:09: Trn - Source 46, cls loss: 0.0084, seg loss: 0.6588, dom loss: 0.6771, ent loss (target): 0.0749, lambda_p: 0.9817, lambda_ent: 0.0982, kendall s_cls: -0.3237, s_seg: 0.1460
12-09-26 00:14:10: Val - Source 46, cls acc: 0.9778, cls avg acc: 0.9848, cls loss: 0.0787, seg loss: 0.9387, total loss: 0.8310
12-09-26 00:14:10: Val - Source 46, Tomato seg: loss=1.2744, mIoU=0.4143, acc=0.8220
12-09-26 00:14:10: Val - Source 46, Maize seg: loss=0.8166, mIoU=0.3981, acc=0.8104
12-09-26 00:14:11: Eval(no-train) - Target 46, acc: 0.9048, avg acc: 0.8880, cls loss: 0.5518  <- domain gap indicator (DA-A, cls-only, held-out -- never trained on)
12-09-26 00:14:17: Trn - Source 47, cls loss: 0.0006, seg loss: 0.6439, dom loss: 0.6704, ent loss (target): 0.0954, lambda_p: 0.9835, lambda_ent: 0.0983, kendall s_cls: -0.3282, s_seg: 0.1467
12-09-26 00:14:17: Val - Source 47, cls acc: 0.9556, cls avg acc: 0.9167, cls loss: 0.1051, seg loss: 0.9647, total loss: 0.8882
12-09-26 00:14:17: Val - Source 47, Tomato seg: loss=0.9527, mIoU=0.4214, acc=0.8020
12-09-26 00:14:17: Val - Source 47, Maize seg: loss=0.9691, mIoU=0.3657, acc=0.7656
12-09-26 00:14:18: Eval(no-train) - Target 47, acc: 0.8730, avg acc: 0.8630, cls loss: 0.7325  <- domain gap indicator (DA-A, cls-only, held-out -- never trained on)
12-09-26 00:14:24: Trn - Source 48, cls loss: 0.0431, seg loss: 0.6478, dom loss: 0.6740, ent loss (target): 0.0561, lambda_p: 0.9850, lambda_ent: 0.0985, kendall s_cls: -0.3323, s_seg: 0.1473
12-09-26 00:14:25: Val - Source 48, cls acc: 0.9778, cls avg acc: 0.9583, cls loss: 0.0338, seg loss: 1.1556, total loss: 0.9520
12-09-26 00:14:25: Val - Source 48, Tomato seg: loss=2.1541, mIoU=0.4130, acc=0.8589
12-09-26 00:14:25: Val - Source 48, Maize seg: loss=0.7925, mIoU=0.4116, acc=0.8502
12-09-26 00:14:26: Eval(no-train) - Target 48, acc: 0.9365, avg acc: 0.9223, cls loss: 0.3287  <- domain gap indicator (DA-A, cls-only, held-out -- never trained on)
12-09-26 00:14:32: Trn - Source 49, cls loss: 0.0011, seg loss: 0.6698, dom loss: 0.6709, ent loss (target): 0.0435, lambda_p: 0.9864, lambda_ent: 0.0986, kendall s_cls: -0.3364, s_seg: 0.1480
12-09-26 00:14:32: Val - Source 49, cls acc: 1.0000, cls avg acc: 1.0000, cls loss: 0.0120, seg loss: 0.9673, total loss: 0.7568
12-09-26 00:14:32: Val - Source 49, Tomato seg: loss=1.0800, mIoU=0.3394, acc=0.6667
12-09-26 00:14:32: Val - Source 49, Maize seg: loss=0.9263, mIoU=0.4067, acc=0.8332
12-09-26 00:14:33: Eval(no-train) - Target 49, acc: 0.8889, avg acc: 0.9033, cls loss: 0.3209  <- domain gap indicator (DA-A, cls-only, held-out -- never trained on)
12-09-26 00:14:39: Trn - Source 50, cls loss: 0.0108, seg loss: 0.6593, dom loss: 0.6784, ent loss (target): 0.0439, lambda_p: 0.9877, lambda_ent: 0.0988, kendall s_cls: -0.3403, s_seg: 0.1486
12-09-26 00:14:40: Val - Source 50, cls acc: 0.9778, cls avg acc: 0.9583, cls loss: 0.0364, seg loss: 0.8437, total loss: 0.6825
12-09-26 00:14:40: Val - Source 50, Tomato seg: loss=1.0879, mIoU=0.3894, acc=0.7587
12-09-26 00:14:40: Val - Source 50, Maize seg: loss=0.7549, mIoU=0.4157, acc=0.8451
12-09-26 00:14:41: Eval(no-train) - Target 50, acc: 0.7619, avg acc: 0.8125, cls loss: 1.4132  <- domain gap indicator (DA-A, cls-only, held-out -- never trained on)
12-09-26 00:14:47: Trn - Source 51, cls loss: 0.0037, seg loss: 0.6231, dom loss: 0.6778, ent loss (target): 0.0357, lambda_p: 0.9889, lambda_ent: 0.0989, kendall s_cls: -0.3443, s_seg: 0.1492
12-09-26 00:14:47: Val - Source 51, cls acc: 0.9778, cls avg acc: 0.9583, cls loss: 0.0202, seg loss: 0.7923, total loss: 0.6135
12-09-26 00:14:47: Val - Source 51, Tomato seg: loss=0.9616, mIoU=0.4623, acc=0.8413
12-09-26 00:14:47: Val - Source 51, Maize seg: loss=0.7307, mIoU=0.3864, acc=0.7826
12-09-26 00:14:48: Eval(no-train) - Target 51, acc: 0.7143, avg acc: 0.7750, cls loss: 1.7951  <- domain gap indicator (DA-A, cls-only, held-out -- never trained on)
12-09-26 00:14:54: Trn - Source 52, cls loss: 0.0297, seg loss: 0.6087, dom loss: 0.6864, ent loss (target): 0.0225, lambda_p: 0.9899, lambda_ent: 0.0990, kendall s_cls: -0.3480, s_seg: 0.1496
12-09-26 00:14:55: Val - Source 52, cls acc: 0.9778, cls avg acc: 0.9583, cls loss: 0.0337, seg loss: 0.8478, total loss: 0.6786
12-09-26 00:14:55: Val - Source 52, Tomato seg: loss=0.9205, mIoU=0.4492, acc=0.8238
12-09-26 00:14:55: Val - Source 52, Maize seg: loss=0.8213, mIoU=0.3963, acc=0.8438
12-09-26 00:14:55: Eval(no-train) - Target 52, acc: 0.6825, avg acc: 0.7500, cls loss: 1.7547  <- domain gap indicator (DA-A, cls-only, held-out -- never trained on)
12-09-26 00:15:02: Trn - Source 53, cls loss: 0.0045, seg loss: 0.5974, dom loss: 0.6793, ent loss (target): 0.0388, lambda_p: 0.9909, lambda_ent: 0.0991, kendall s_cls: -0.3516, s_seg: 0.1498
12-09-26 00:15:02: Val - Source 53, cls acc: 0.9778, cls avg acc: 0.9583, cls loss: 0.0442, seg loss: 0.8675, total loss: 0.7087
12-09-26 00:15:02: Val - Source 53, Tomato seg: loss=0.9673, mIoU=0.4044, acc=0.7525
12-09-26 00:15:02: Val - Source 53, Maize seg: loss=0.8312, mIoU=0.4321, acc=0.8905
12-09-26 00:15:03: Eval(no-train) - Target 53, acc: 0.5714, avg acc: 0.6625, cls loss: 2.0633  <- domain gap indicator (DA-A, cls-only, held-out -- never trained on)
12-09-26 00:15:09: Trn - Source 54, cls loss: 0.0010, seg loss: 0.6013, dom loss: 0.6955, ent loss (target): 0.0303, lambda_p: 0.9918, lambda_ent: 0.0992, kendall s_cls: -0.3551, s_seg: 0.1500
12-09-26 00:15:10: Val - Source 54, cls acc: 0.9778, cls avg acc: 0.9583, cls loss: 0.0220, seg loss: 0.8209, total loss: 0.6354
12-09-26 00:15:10: Val - Source 54, Tomato seg: loss=0.9641, mIoU=0.4162, acc=0.7710
12-09-26 00:15:10: Val - Source 54, Maize seg: loss=0.7688, mIoU=0.4197, acc=0.8742
12-09-26 00:15:10: Eval(no-train) - Target 54, acc: 0.5873, avg acc: 0.6750, cls loss: 2.7161  <- domain gap indicator (DA-A, cls-only, held-out -- never trained on)
12-09-26 00:15:16: Trn - Source 55, cls loss: 0.0005, seg loss: 0.5809, dom loss: 0.6896, ent loss (target): 0.0245, lambda_p: 0.9925, lambda_ent: 0.0993, kendall s_cls: -0.3585, s_seg: 0.1501
12-09-26 00:15:17: Val - Source 55, cls acc: 0.9778, cls avg acc: 0.9583, cls loss: 0.0217, seg loss: 0.8155, total loss: 0.6287
12-09-26 00:15:17: Val - Source 55, Tomato seg: loss=0.9383, mIoU=0.4411, acc=0.8098
12-09-26 00:15:17: Val - Source 55, Maize seg: loss=0.7709, mIoU=0.4197, acc=0.8603
12-09-26 00:15:18: Eval(no-train) - Target 55, acc: 0.5714, avg acc: 0.6625, cls loss: 3.1543  <- domain gap indicator (DA-A, cls-only, held-out -- never trained on)
12-09-26 00:15:24: Trn - Source 56, cls loss: 0.0065, seg loss: 0.5707, dom loss: 0.6937, ent loss (target): 0.0224, lambda_p: 0.9932, lambda_ent: 0.0993, kendall s_cls: -0.3618, s_seg: 0.1501
12-09-26 00:15:25: Val - Source 56, cls acc: 1.0000, cls avg acc: 1.0000, cls loss: 0.0023, seg loss: 0.8144, total loss: 0.5983
12-09-26 00:15:25: Val - Source 56, Tomato seg: loss=0.9474, mIoU=0.4633, acc=0.8405
12-09-26 00:15:25: Val - Source 56, Maize seg: loss=0.7660, mIoU=0.4140, acc=0.8509
12-09-26 00:15:25: Eval(no-train) - Target 56, acc: 0.6508, avg acc: 0.7250, cls loss: 3.0583  <- domain gap indicator (DA-A, cls-only, held-out -- never trained on)
12-09-26 00:15:31: Trn - Source 57, cls loss: 0.0004, seg loss: 0.5786, dom loss: 0.6881, ent loss (target): 0.0157, lambda_p: 0.9939, lambda_ent: 0.0994, kendall s_cls: -0.3650, s_seg: 0.1501
12-09-26 00:15:32: Val - Source 57, cls acc: 1.0000, cls avg acc: 1.0000, cls loss: 0.0048, seg loss: 0.8074, total loss: 0.5944
12-09-26 00:15:32: Val - Source 57, Tomato seg: loss=0.9925, mIoU=0.4493, acc=0.8238
12-09-26 00:15:32: Val - Source 57, Maize seg: loss=0.7401, mIoU=0.4282, acc=0.8739
12-09-26 00:15:33: Eval(no-train) - Target 57, acc: 0.6032, avg acc: 0.6875, cls loss: 3.8541  <- domain gap indicator (DA-A, cls-only, held-out -- never trained on)
12-09-26 00:15:39: Trn - Source 58, cls loss: 0.0012, seg loss: 0.5721, dom loss: 0.6880, ent loss (target): 0.0133, lambda_p: 0.9945, lambda_ent: 0.0994, kendall s_cls: -0.3681, s_seg: 0.1501
12-09-26 00:15:40: Val - Source 58, cls acc: 1.0000, cls avg acc: 1.0000, cls loss: 0.0065, seg loss: 0.7742, total loss: 0.5668
12-09-26 00:15:40: Val - Source 58, Tomato seg: loss=1.0639, mIoU=0.4249, acc=0.7946
12-09-26 00:15:40: Val - Source 58, Maize seg: loss=0.6689, mIoU=0.4164, acc=0.8444
12-09-26 00:15:40: Eval(no-train) - Target 58, acc: 0.5556, avg acc: 0.6500, cls loss: 4.1051  <- domain gap indicator (DA-A, cls-only, held-out -- never trained on)
12-09-26 00:15:46: Trn - Source 59, cls loss: 0.0056, seg loss: 0.5711, dom loss: 0.6816, ent loss (target): 0.0117, lambda_p: 0.9950, lambda_ent: 0.0995, kendall s_cls: -0.3710, s_seg: 0.1500
12-09-26 00:15:47: Val - Source 59, cls acc: 1.0000, cls avg acc: 1.0000, cls loss: 0.0088, seg loss: 0.8707, total loss: 0.6517
12-09-26 00:15:47: Val - Source 59, Tomato seg: loss=1.1123, mIoU=0.4826, acc=0.8761
12-09-26 00:15:47: Val - Source 59, Maize seg: loss=0.7828, mIoU=0.4211, acc=0.8767
12-09-26 00:15:48: Eval(no-train) - Target 59, acc: 0.5556, avg acc: 0.6500, cls loss: 4.1630  <- domain gap indicator (DA-A, cls-only, held-out -- never trained on)
12-09-26 00:15:54: Trn - Source 60, cls loss: 0.0003, seg loss: 0.5657, dom loss: 0.6827, ent loss (target): 0.0169, lambda_p: 0.9955, lambda_ent: 0.0995, kendall s_cls: -0.3738, s_seg: 0.1499
12-09-26 00:15:54: Val - Source 60, cls acc: 0.9778, cls avg acc: 0.9583, cls loss: 0.0196, seg loss: 0.7811, total loss: 0.5889
12-09-26 00:15:54: Val - Source 60, Tomato seg: loss=1.0279, mIoU=0.4244, acc=0.7886
12-09-26 00:15:54: Val - Source 60, Maize seg: loss=0.6914, mIoU=0.4225, acc=0.8642
12-09-26 00:15:55: Eval(no-train) - Target 60, acc: 0.5238, avg acc: 0.6250, cls loss: 4.4603  <- domain gap indicator (DA-A, cls-only, held-out -- never trained on)
12-09-26 00:16:01: Trn - Source 61, cls loss: 0.0055, seg loss: 0.5630, dom loss: 0.6895, ent loss (target): 0.0076, lambda_p: 0.9959, lambda_ent: 0.0996, kendall s_cls: -0.3765, s_seg: 0.1499
12-09-26 00:16:02: Val - Source 61, cls acc: 1.0000, cls avg acc: 1.0000, cls loss: 0.0064, seg loss: 0.8068, total loss: 0.5906
12-09-26 00:16:02: Val - Source 61, Tomato seg: loss=1.0656, mIoU=0.4504, acc=0.8283
12-09-26 00:16:02: Val - Source 61, Maize seg: loss=0.7127, mIoU=0.3903, acc=0.8072
12-09-26 00:16:03: Eval(no-train) - Target 61, acc: 0.5873, avg acc: 0.6750, cls loss: 3.7884  <- domain gap indicator (DA-A, cls-only, held-out -- never trained on)
12-09-26 00:16:09: Trn - Source 62, cls loss: 0.0009, seg loss: 0.5463, dom loss: 0.6895, ent loss (target): 0.0129, lambda_p: 0.9963, lambda_ent: 0.0996, kendall s_cls: -0.3791, s_seg: 0.1497
12-09-26 00:16:09: Val - Source 62, cls acc: 1.0000, cls avg acc: 1.0000, cls loss: 0.0116, seg loss: 1.0586, total loss: 0.8137
12-09-26 00:16:09: Val - Source 62, Tomato seg: loss=1.8681, mIoU=0.4799, acc=0.8765
12-09-26 00:16:09: Val - Source 62, Maize seg: loss=0.7643, mIoU=0.3750, acc=0.7890
12-09-26 00:16:10: Eval(no-train) - Target 62, acc: 0.5714, avg acc: 0.6625, cls loss: 3.9006  <- domain gap indicator (DA-A, cls-only, held-out -- never trained on)
12-09-26 00:16:16: Trn - Source 63, cls loss: 0.0026, seg loss: 0.5587, dom loss: 0.6913, ent loss (target): 0.0139, lambda_p: 0.9966, lambda_ent: 0.0997, kendall s_cls: -0.3815, s_seg: 0.1496
12-09-26 00:16:17: Val - Source 63, cls acc: 0.9778, cls avg acc: 0.9583, cls loss: 0.0469, seg loss: 0.7644, total loss: 0.6109
12-09-26 00:16:17: Val - Source 63, Tomato seg: loss=1.0571, mIoU=0.4501, acc=0.8219
12-09-26 00:16:17: Val - Source 63, Maize seg: loss=0.6579, mIoU=0.4465, acc=0.8936
12-09-26 00:16:17: Eval(no-train) - Target 63, acc: 0.4921, avg acc: 0.6000, cls loss: 4.8517  <- domain gap indicator (DA-A, cls-only, held-out -- never trained on)
12-09-26 00:16:24: Trn - Source 64, cls loss: 0.0003, seg loss: 0.5456, dom loss: 0.6894, ent loss (target): 0.0052, lambda_p: 0.9970, lambda_ent: 0.0997, kendall s_cls: -0.3839, s_seg: 0.1494
12-09-26 00:16:24: Val - Source 64, cls acc: 0.9778, cls avg acc: 0.9583, cls loss: 0.0429, seg loss: 0.9251, total loss: 0.7424
12-09-26 00:16:24: Val - Source 64, Tomato seg: loss=0.9505, mIoU=0.4463, acc=0.8137
12-09-26 00:16:24: Val - Source 64, Maize seg: loss=0.9158, mIoU=0.3906, acc=0.8447
12-09-26 00:16:25: Eval(no-train) - Target 64, acc: 0.4921, avg acc: 0.6000, cls loss: 4.7821  <- domain gap indicator (DA-A, cls-only, held-out -- never trained on)
12-09-26 00:16:31: Trn - Source 65, cls loss: 0.0006, seg loss: 0.5459, dom loss: 0.6820, ent loss (target): 0.0091, lambda_p: 0.9972, lambda_ent: 0.0997, kendall s_cls: -0.3861, s_seg: 0.1493
12-09-26 00:16:32: Val - Source 65, cls acc: 0.9778, cls avg acc: 0.9583, cls loss: 0.0219, seg loss: 0.8372, total loss: 0.6350
12-09-26 00:16:32: Val - Source 65, Tomato seg: loss=1.0869, mIoU=0.4580, acc=0.8377
12-09-26 00:16:32: Val - Source 65, Maize seg: loss=0.7464, mIoU=0.4293, acc=0.8739
12-09-26 00:16:32: Eval(no-train) - Target 65, acc: 0.5238, avg acc: 0.6250, cls loss: 4.5823  <- domain gap indicator (DA-A, cls-only, held-out -- never trained on)
12-09-26 00:16:39: Trn - Source 66, cls loss: 0.0004, seg loss: 0.5358, dom loss: 0.6867, ent loss (target): 0.0097, lambda_p: 0.9975, lambda_ent: 0.0998, kendall s_cls: -0.3882, s_seg: 0.1491
12-09-26 00:16:39: Val - Source 66, cls acc: 1.0000, cls avg acc: 1.0000, cls loss: 0.0231, seg loss: 0.7729, total loss: 0.5804
12-09-26 00:16:39: Val - Source 66, Tomato seg: loss=1.0989, mIoU=0.4298, acc=0.7975
12-09-26 00:16:39: Val - Source 66, Maize seg: loss=0.6544, mIoU=0.4257, acc=0.8679
12-09-26 00:16:40: Eval(no-train) - Target 66, acc: 0.5397, avg acc: 0.6375, cls loss: 4.6936  <- domain gap indicator (DA-A, cls-only, held-out -- never trained on)
12-09-26 00:16:46: Trn - Source 67, cls loss: 0.0005, seg loss: 0.5223, dom loss: 0.6980, ent loss (target): 0.0064, lambda_p: 0.9977, lambda_ent: 0.0998, kendall s_cls: -0.3902, s_seg: 0.1489
12-09-26 00:16:47: Val - Source 67, cls acc: 1.0000, cls avg acc: 1.0000, cls loss: 0.0193, seg loss: 0.7725, total loss: 0.5734
12-09-26 00:16:47: Val - Source 67, Tomato seg: loss=0.9953, mIoU=0.4758, acc=0.8613
12-09-26 00:16:47: Val - Source 67, Maize seg: loss=0.6914, mIoU=0.4293, acc=0.8789
12-09-26 00:16:47: Eval(no-train) - Target 67, acc: 0.5556, avg acc: 0.6500, cls loss: 4.7003  <- domain gap indicator (DA-A, cls-only, held-out -- never trained on)
12-09-26 00:16:54: Trn - Source 68, cls loss: 0.0005, seg loss: 0.5307, dom loss: 0.6891, ent loss (target): 0.0103, lambda_p: 0.9980, lambda_ent: 0.0998, kendall s_cls: -0.3921, s_seg: 0.1486
12-09-26 00:16:54: Val - Source 68, cls acc: 1.0000, cls avg acc: 1.0000, cls loss: 0.0130, seg loss: 0.7363, total loss: 0.5321
12-09-26 00:16:54: Val - Source 68, Tomato seg: loss=0.9120, mIoU=0.4419, acc=0.8092
12-09-26 00:16:54: Val - Source 68, Maize seg: loss=0.6724, mIoU=0.4186, acc=0.8571
12-09-26 00:16:55: Eval(no-train) - Target 68, acc: 0.5873, avg acc: 0.6750, cls loss: 4.4384  <- domain gap indicator (DA-A, cls-only, held-out -- never trained on)
12-09-26 00:17:01: Trn - Source 69, cls loss: 0.0003, seg loss: 0.5268, dom loss: 0.6818, ent loss (target): 0.0074, lambda_p: 0.9982, lambda_ent: 0.0998, kendall s_cls: -0.3939, s_seg: 0.1484
12-09-26 00:17:02: Val - Source 69, cls acc: 1.0000, cls avg acc: 1.0000, cls loss: 0.0098, seg loss: 0.7652, total loss: 0.5514
12-09-26 00:17:02: Val - Source 69, Tomato seg: loss=0.9576, mIoU=0.4625, acc=0.8385
12-09-26 00:17:02: Val - Source 69, Maize seg: loss=0.6953, mIoU=0.4267, acc=0.8749
12-09-26 00:17:02: Eval(no-train) - Target 69, acc: 0.5873, avg acc: 0.6750, cls loss: 4.4547  <- domain gap indicator (DA-A, cls-only, held-out -- never trained on)
12-09-26 00:17:08: Trn - Source 70, cls loss: 0.0001, seg loss: 0.5298, dom loss: 0.6854, ent loss (target): 0.0116, lambda_p: 0.9983, lambda_ent: 0.0998, kendall s_cls: -0.3956, s_seg: 0.1482
12-09-26 00:17:09: Val - Source 70, cls acc: 1.0000, cls avg acc: 1.0000, cls loss: 0.0106, seg loss: 0.7924, total loss: 0.5753
12-09-26 00:17:09: Val - Source 70, Tomato seg: loss=1.2237, mIoU=0.4476, acc=0.8206
12-09-26 00:17:09: Val - Source 70, Maize seg: loss=0.6356, mIoU=0.4374, acc=0.8840
12-09-26 00:17:10: Eval(no-train) - Target 70, acc: 0.6032, avg acc: 0.6875, cls loss: 4.4754  <- domain gap indicator (DA-A, cls-only, held-out -- never trained on)
12-09-26 00:17:16: Trn - Source 71, cls loss: 0.0002, seg loss: 0.5142, dom loss: 0.6961, ent loss (target): 0.0102, lambda_p: 0.9985, lambda_ent: 0.0998, kendall s_cls: -0.3972, s_seg: 0.1480
12-09-26 00:17:17: Val - Source 71, cls acc: 1.0000, cls avg acc: 1.0000, cls loss: 0.0042, seg loss: 0.7497, total loss: 0.5282
12-09-26 00:17:17: Val - Source 71, Tomato seg: loss=1.0110, mIoU=0.4670, acc=0.8454
12-09-26 00:17:17: Val - Source 71, Maize seg: loss=0.6547, mIoU=0.4464, acc=0.8896
12-09-26 00:17:17: Eval(no-train) - Target 71, acc: 0.5873, avg acc: 0.6750, cls loss: 4.4212  <- domain gap indicator (DA-A, cls-only, held-out -- never trained on)
12-09-26 00:17:23: Trn - Source 72, cls loss: 0.0001, seg loss: 0.5213, dom loss: 0.6869, ent loss (target): 0.0127, lambda_p: 0.9986, lambda_ent: 0.0999, kendall s_cls: -0.3987, s_seg: 0.1478
12-09-26 00:17:24: Val - Source 72, cls acc: 1.0000, cls avg acc: 1.0000, cls loss: 0.0035, seg loss: 0.7373, total loss: 0.5158
12-09-26 00:17:24: Val - Source 72, Tomato seg: loss=0.9850, mIoU=0.4190, acc=0.7772
12-09-26 00:17:24: Val - Source 72, Maize seg: loss=0.6472, mIoU=0.4377, acc=0.8841
12-09-26 00:17:25: Eval(no-train) - Target 72, acc: 0.5714, avg acc: 0.6625, cls loss: 4.7353  <- domain gap indicator (DA-A, cls-only, held-out -- never trained on)
12-09-26 00:17:31: Trn - Source 73, cls loss: 0.0243, seg loss: 0.5160, dom loss: 0.6968, ent loss (target): 0.0088, lambda_p: 0.9988, lambda_ent: 0.0999, kendall s_cls: -0.4000, s_seg: 0.1476
12-09-26 00:17:31: Val - Source 73, cls acc: 1.0000, cls avg acc: 1.0000, cls loss: 0.0059, seg loss: 0.7349, total loss: 0.5167
12-09-26 00:17:31: Val - Source 73, Tomato seg: loss=1.0991, mIoU=0.4603, acc=0.8366
12-09-26 00:17:31: Val - Source 73, Maize seg: loss=0.6025, mIoU=0.4488, acc=0.8901
12-09-26 00:17:32: Eval(no-train) - Target 73, acc: 0.5238, avg acc: 0.6250, cls loss: 4.9109  <- domain gap indicator (DA-A, cls-only, held-out -- never trained on)
12-09-26 00:17:38: Trn - Source 74, cls loss: 0.0028, seg loss: 0.5263, dom loss: 0.6941, ent loss (target): 0.0058, lambda_p: 0.9989, lambda_ent: 0.0999, kendall s_cls: -0.4013, s_seg: 0.1474
12-09-26 00:17:39: Val - Source 74, cls acc: 1.0000, cls avg acc: 1.0000, cls loss: 0.0049, seg loss: 0.7481, total loss: 0.5259
12-09-26 00:17:39: Val - Source 74, Tomato seg: loss=1.1069, mIoU=0.4753, acc=0.8540
12-09-26 00:17:39: Val - Source 74, Maize seg: loss=0.6176, mIoU=0.4441, acc=0.8843
12-09-26 00:17:40: Eval(no-train) - Target 74, acc: 0.5397, avg acc: 0.6375, cls loss: 4.4098  <- domain gap indicator (DA-A, cls-only, held-out -- never trained on)
12-09-26 00:17:46: Trn - Source 75, cls loss: 0.0003, seg loss: 0.5102, dom loss: 0.6922, ent loss (target): 0.0045, lambda_p: 0.9990, lambda_ent: 0.0999, kendall s_cls: -0.4025, s_seg: 0.1472
12-09-26 00:17:46: Val - Source 75, cls acc: 1.0000, cls avg acc: 1.0000, cls loss: 0.0051, seg loss: 0.7859, total loss: 0.5584
12-09-26 00:17:46: Val - Source 75, Tomato seg: loss=1.1798, mIoU=0.4713, acc=0.8496
12-09-26 00:17:46: Val - Source 75, Maize seg: loss=0.6427, mIoU=0.4369, acc=0.8806
12-09-26 00:17:47: Eval(no-train) - Target 75, acc: 0.5397, avg acc: 0.6375, cls loss: 4.3439  <- domain gap indicator (DA-A, cls-only, held-out -- never trained on)
12-09-26 00:17:53: Trn - Source 76, cls loss: 0.0002, seg loss: 0.5046, dom loss: 0.6878, ent loss (target): 0.0147, lambda_p: 0.9991, lambda_ent: 0.0999, kendall s_cls: -0.4036, s_seg: 0.1470
12-09-26 00:17:54: Val - Source 76, cls acc: 1.0000, cls avg acc: 1.0000, cls loss: 0.0060, seg loss: 0.7568, total loss: 0.5340
12-09-26 00:17:54: Val - Source 76, Tomato seg: loss=1.1257, mIoU=0.4689, acc=0.8480
12-09-26 00:17:54: Val - Source 76, Maize seg: loss=0.6226, mIoU=0.4467, acc=0.8936
12-09-26 00:17:54: Eval(no-train) - Target 76, acc: 0.5556, avg acc: 0.6500, cls loss: 4.6077  <- domain gap indicator (DA-A, cls-only, held-out -- never trained on)
12-09-26 00:18:01: Trn - Source 77, cls loss: 0.0003, seg loss: 0.5171, dom loss: 0.6860, ent loss (target): 0.0072, lambda_p: 0.9992, lambda_ent: 0.0999, kendall s_cls: -0.4046, s_seg: 0.1468
12-09-26 00:18:01: Val - Source 77, cls acc: 1.0000, cls avg acc: 1.0000, cls loss: 0.0061, seg loss: 0.7719, total loss: 0.5468
12-09-26 00:18:01: Val - Source 77, Tomato seg: loss=1.1440, mIoU=0.4625, acc=0.8411
12-09-26 00:18:01: Val - Source 77, Maize seg: loss=0.6366, mIoU=0.4558, acc=0.9003
12-09-26 00:18:02: Eval(no-train) - Target 77, acc: 0.5556, avg acc: 0.6500, cls loss: 4.5408  <- domain gap indicator (DA-A, cls-only, held-out -- never trained on)
12-09-26 00:18:08: Trn - Source 78, cls loss: 0.0002, seg loss: 0.4944, dom loss: 0.6874, ent loss (target): 0.0122, lambda_p: 0.9992, lambda_ent: 0.0999, kendall s_cls: -0.4055, s_seg: 0.1466
12-09-26 00:18:09: Val - Source 78, cls acc: 1.0000, cls avg acc: 1.0000, cls loss: 0.0069, seg loss: 0.7807, total loss: 0.5551
12-09-26 00:18:09: Val - Source 78, Tomato seg: loss=1.0626, mIoU=0.4560, acc=0.8295
12-09-26 00:18:09: Val - Source 78, Maize seg: loss=0.6781, mIoU=0.4421, acc=0.8840
12-09-26 00:18:09: Eval(no-train) - Target 78, acc: 0.5556, avg acc: 0.6500, cls loss: 4.2762  <- domain gap indicator (DA-A, cls-only, held-out -- never trained on)
12-09-26 00:18:16: Trn - Source 79, cls loss: 0.0002, seg loss: 0.4971, dom loss: 0.6877, ent loss (target): 0.0135, lambda_p: 0.9993, lambda_ent: 0.0999, kendall s_cls: -0.4064, s_seg: 0.1464
12-09-26 00:18:17: Val - Source 79, cls acc: 1.0000, cls avg acc: 1.0000, cls loss: 0.0042, seg loss: 0.7365, total loss: 0.5125
12-09-26 00:18:17: Val - Source 79, Tomato seg: loss=0.9287, mIoU=0.4432, acc=0.8078
12-09-26 00:18:17: Val - Source 79, Maize seg: loss=0.6666, mIoU=0.4368, acc=0.8780
12-09-26 00:18:18: Eval(no-train) - Target 79, acc: 0.5556, avg acc: 0.6500, cls loss: 4.3544  <- domain gap indicator (DA-A, cls-only, held-out -- never trained on)
12-09-26 00:18:24: Trn - Source 80, cls loss: 0.0003, seg loss: 0.4924, dom loss: 0.6938, ent loss (target): 0.0115, lambda_p: 0.9994, lambda_ent: 0.0999, kendall s_cls: -0.4071, s_seg: 0.1463
12-09-26 00:18:25: Val - Source 80, cls acc: 1.0000, cls avg acc: 1.0000, cls loss: 0.0052, seg loss: 0.7217, total loss: 0.5009
12-09-26 00:18:25: Val - Source 80, Tomato seg: loss=0.9428, mIoU=0.4514, acc=0.8216
12-09-26 00:18:25: Val - Source 80, Maize seg: loss=0.6412, mIoU=0.4378, acc=0.8813
12-09-26 00:18:26: Eval(no-train) - Target 80, acc: 0.5556, avg acc: 0.6500, cls loss: 4.2563  <- domain gap indicator (DA-A, cls-only, held-out -- never trained on)
12-09-26 00:18:32: Trn - Source 81, cls loss: 0.0002, seg loss: 0.4981, dom loss: 0.6887, ent loss (target): 0.0100, lambda_p: 0.9994, lambda_ent: 0.0999, kendall s_cls: -0.4078, s_seg: 0.1461
12-09-26 00:18:33: Val - Source 81, cls acc: 1.0000, cls avg acc: 1.0000, cls loss: 0.0041, seg loss: 0.7323, total loss: 0.5079
12-09-26 00:18:33: Val - Source 81, Tomato seg: loss=0.9973, mIoU=0.4668, acc=0.8453
12-09-26 00:18:33: Val - Source 81, Maize seg: loss=0.6359, mIoU=0.4311, acc=0.8706
12-09-26 00:18:33: Eval(no-train) - Target 81, acc: 0.5556, avg acc: 0.6500, cls loss: 4.2634  <- domain gap indicator (DA-A, cls-only, held-out -- never trained on)
12-09-26 00:18:39: Trn - Source 82, cls loss: 0.0001, seg loss: 0.5042, dom loss: 0.6894, ent loss (target): 0.0259, lambda_p: 0.9995, lambda_ent: 0.0999, kendall s_cls: -0.4085, s_seg: 0.1460
12-09-26 00:18:40: Val - Source 82, cls acc: 1.0000, cls avg acc: 1.0000, cls loss: 0.0040, seg loss: 0.7357, total loss: 0.5106
12-09-26 00:18:40: Val - Source 82, Tomato seg: loss=1.0683, mIoU=0.4613, acc=0.8380
12-09-26 00:18:40: Val - Source 82, Maize seg: loss=0.6148, mIoU=0.4477, acc=0.8904
12-09-26 00:18:41: Eval(no-train) - Target 82, acc: 0.5714, avg acc: 0.6625, cls loss: 4.0648  <- domain gap indicator (DA-A, cls-only, held-out -- never trained on)
12-09-26 00:18:47: Trn - Source 83, cls loss: 0.0003, seg loss: 0.4936, dom loss: 0.6908, ent loss (target): 0.0143, lambda_p: 0.9995, lambda_ent: 0.1000, kendall s_cls: -0.4090, s_seg: 0.1458
12-09-26 00:18:47: Val - Source 83, cls acc: 1.0000, cls avg acc: 1.0000, cls loss: 0.0030, seg loss: 0.7530, total loss: 0.5237
12-09-26 00:18:47: Val - Source 83, Tomato seg: loss=1.0762, mIoU=0.4587, acc=0.8337
12-09-26 00:18:47: Val - Source 83, Maize seg: loss=0.6354, mIoU=0.4422, acc=0.8844
12-09-26 00:18:48: Eval(no-train) - Target 83, acc: 0.5714, avg acc: 0.6625, cls loss: 3.9436  <- domain gap indicator (DA-A, cls-only, held-out -- never trained on)
12-09-26 00:18:54: Trn - Source 84, cls loss: 0.0004, seg loss: 0.5167, dom loss: 0.6893, ent loss (target): 0.0155, lambda_p: 0.9996, lambda_ent: 0.1000, kendall s_cls: -0.4095, s_seg: 0.1458
12-09-26 00:18:55: Val - Source 84, cls acc: 1.0000, cls avg acc: 1.0000, cls loss: 0.0039, seg loss: 0.7794, total loss: 0.5476
12-09-26 00:18:55: Val - Source 84, Tomato seg: loss=1.1648, mIoU=0.4555, acc=0.8308
12-09-26 00:18:55: Val - Source 84, Maize seg: loss=0.6392, mIoU=0.4384, acc=0.8815
12-09-26 00:18:56: Eval(no-train) - Target 84, acc: 0.5714, avg acc: 0.6625, cls loss: 4.1548  <- domain gap indicator (DA-A, cls-only, held-out -- never trained on)
12-09-26 00:19:02: Trn - Source 85, cls loss: 0.0002, seg loss: 0.4958, dom loss: 0.6998, ent loss (target): 0.0077, lambda_p: 0.9996, lambda_ent: 0.1000, kendall s_cls: -0.4100, s_seg: 0.1457
12-09-26 00:19:02: Val - Source 85, cls acc: 1.0000, cls avg acc: 1.0000, cls loss: 0.0043, seg loss: 0.8022, total loss: 0.5678
12-09-26 00:19:02: Val - Source 85, Tomato seg: loss=1.2422, mIoU=0.4704, acc=0.8512
12-09-26 00:19:02: Val - Source 85, Maize seg: loss=0.6423, mIoU=0.4413, acc=0.8845
12-09-26 00:19:03: Eval(no-train) - Target 85, acc: 0.5556, avg acc: 0.6500, cls loss: 4.1466  <- domain gap indicator (DA-A, cls-only, held-out -- never trained on)
12-09-26 00:19:09: Trn - Source 86, cls loss: 0.0006, seg loss: 0.4955, dom loss: 0.6921, ent loss (target): 0.0054, lambda_p: 0.9997, lambda_ent: 0.1000, kendall s_cls: -0.4104, s_seg: 0.1456
12-09-26 00:19:10: Val - Source 86, cls acc: 1.0000, cls avg acc: 1.0000, cls loss: 0.0032, seg loss: 0.8100, total loss: 0.5728
12-09-26 00:19:10: Val - Source 86, Tomato seg: loss=1.2501, mIoU=0.4762, acc=0.8602
12-09-26 00:19:10: Val - Source 86, Maize seg: loss=0.6500, mIoU=0.4384, acc=0.8812
12-09-26 00:19:11: Eval(no-train) - Target 86, acc: 0.5556, avg acc: 0.6500, cls loss: 4.1663  <- domain gap indicator (DA-A, cls-only, held-out -- never trained on)
12-09-26 00:19:17: Trn - Source 87, cls loss: 0.0004, seg loss: 0.5026, dom loss: 0.6918, ent loss (target): 0.0058, lambda_p: 0.9997, lambda_ent: 0.1000, kendall s_cls: -0.4107, s_seg: 0.1455
12-09-26 00:19:17: Val - Source 87, cls acc: 1.0000, cls avg acc: 1.0000, cls loss: 0.0046, seg loss: 0.8101, total loss: 0.5748
12-09-26 00:19:17: Val - Source 87, Tomato seg: loss=1.2598, mIoU=0.4768, acc=0.8609
12-09-26 00:19:17: Val - Source 87, Maize seg: loss=0.6465, mIoU=0.4362, acc=0.8769
12-09-26 00:19:18: Eval(no-train) - Target 87, acc: 0.5714, avg acc: 0.6625, cls loss: 4.0680  <- domain gap indicator (DA-A, cls-only, held-out -- never trained on)
12-09-26 00:19:24: Trn - Source 88, cls loss: 0.0006, seg loss: 0.5013, dom loss: 0.6940, ent loss (target): 0.0119, lambda_p: 0.9997, lambda_ent: 0.1000, kendall s_cls: -0.4110, s_seg: 0.1454
12-09-26 00:19:25: Val - Source 88, cls acc: 1.0000, cls avg acc: 1.0000, cls loss: 0.0035, seg loss: 0.8420, total loss: 0.6005
12-09-26 00:19:25: Val - Source 88, Tomato seg: loss=1.3272, mIoU=0.4746, acc=0.8595
12-09-26 00:19:25: Val - Source 88, Maize seg: loss=0.6655, mIoU=0.4334, acc=0.8729
12-09-26 00:19:26: Eval(no-train) - Target 88, acc: 0.5714, avg acc: 0.6625, cls loss: 3.9875  <- domain gap indicator (DA-A, cls-only, held-out -- never trained on)
12-09-26 00:19:32: Trn - Source 89, cls loss: 0.0002, seg loss: 0.4899, dom loss: 0.6913, ent loss (target): 0.0222, lambda_p: 0.9998, lambda_ent: 0.1000, kendall s_cls: -0.4112, s_seg: 0.1454
12-09-26 00:19:32: Val - Source 89, cls acc: 1.0000, cls avg acc: 1.0000, cls loss: 0.0041, seg loss: 0.8187, total loss: 0.5812
12-09-26 00:19:32: Val - Source 89, Tomato seg: loss=1.2845, mIoU=0.4746, acc=0.8587
12-09-26 00:19:32: Val - Source 89, Maize seg: loss=0.6493, mIoU=0.4366, acc=0.8782
12-09-26 00:19:33: Eval(no-train) - Target 89, acc: 0.5714, avg acc: 0.6625, cls loss: 4.1975  <- domain gap indicator (DA-A, cls-only, held-out -- never trained on)
12-09-26 00:19:40: Trn - Source 90, cls loss: 0.0003, seg loss: 0.4942, dom loss: 0.6852, ent loss (target): 0.0107, lambda_p: 0.9998, lambda_ent: 0.1000, kendall s_cls: -0.4114, s_seg: 0.1453
12-09-26 00:19:40: Val - Source 90, cls acc: 1.0000, cls avg acc: 1.0000, cls loss: 0.0080, seg loss: 0.8024, total loss: 0.5729
12-09-26 00:19:40: Val - Source 90, Tomato seg: loss=1.2234, mIoU=0.4703, acc=0.8517
12-09-26 00:19:40: Val - Source 90, Maize seg: loss=0.6494, mIoU=0.4381, acc=0.8801
12-09-26 00:19:41: Eval(no-train) - Target 90, acc: 0.5556, avg acc: 0.6500, cls loss: 4.5572  <- domain gap indicator (DA-A, cls-only, held-out -- never trained on)
12-09-26 00:19:47: Trn - Source 91, cls loss: 0.0003, seg loss: 0.5115, dom loss: 0.6953, ent loss (target): 0.0063, lambda_p: 0.9998, lambda_ent: 0.1000, kendall s_cls: -0.4116, s_seg: 0.1453
12-09-26 00:19:48: Val - Source 91, cls acc: 1.0000, cls avg acc: 1.0000, cls loss: 0.0048, seg loss: 0.7908, total loss: 0.5580
12-09-26 00:19:48: Val - Source 91, Tomato seg: loss=1.1595, mIoU=0.4697, acc=0.8506
12-09-26 00:19:48: Val - Source 91, Maize seg: loss=0.6567, mIoU=0.4356, acc=0.8781
12-09-26 00:19:49: Eval(no-train) - Target 91, acc: 0.5556, avg acc: 0.6500, cls loss: 4.4091  <- domain gap indicator (DA-A, cls-only, held-out -- never trained on)
12-09-26 00:19:55: Trn - Source 92, cls loss: 0.0002, seg loss: 0.4953, dom loss: 0.6901, ent loss (target): 0.0044, lambda_p: 0.9998, lambda_ent: 0.1000, kendall s_cls: -0.4117, s_seg: 0.1453
12-09-26 00:19:55: Val - Source 92, cls acc: 1.0000, cls avg acc: 1.0000, cls loss: 0.0059, seg loss: 0.7917, total loss: 0.5603
12-09-26 00:19:55: Val - Source 92, Tomato seg: loss=1.1738, mIoU=0.4708, acc=0.8504
12-09-26 00:19:55: Val - Source 92, Maize seg: loss=0.6527, mIoU=0.4360, acc=0.8784
12-09-26 00:19:56: Eval(no-train) - Target 92, acc: 0.5556, avg acc: 0.6500, cls loss: 4.3531  <- domain gap indicator (DA-A, cls-only, held-out -- never trained on)
12-09-26 00:20:02: Trn - Source 93, cls loss: 0.0040, seg loss: 0.4899, dom loss: 0.6889, ent loss (target): 0.0150, lambda_p: 0.9998, lambda_ent: 0.1000, kendall s_cls: -0.4118, s_seg: 0.1452
12-09-26 00:20:03: Val - Source 93, cls acc: 1.0000, cls avg acc: 1.0000, cls loss: 0.0023, seg loss: 0.7869, total loss: 0.5507
12-09-26 00:20:03: Val - Source 93, Tomato seg: loss=1.1729, mIoU=0.4675, acc=0.8478
12-09-26 00:20:03: Val - Source 93, Maize seg: loss=0.6466, mIoU=0.4388, acc=0.8812
12-09-26 00:20:04: Eval(no-train) - Target 93, acc: 0.5714, avg acc: 0.6625, cls loss: 4.0090  <- domain gap indicator (DA-A, cls-only, held-out -- never trained on)
12-09-26 00:20:10: Trn - Source 94, cls loss: 0.0002, seg loss: 0.4982, dom loss: 0.6842, ent loss (target): 0.0058, lambda_p: 0.9998, lambda_ent: 0.1000, kendall s_cls: -0.4119, s_seg: 0.1452
12-09-26 00:20:10: Val - Source 94, cls acc: 1.0000, cls avg acc: 1.0000, cls loss: 0.0030, seg loss: 0.7838, total loss: 0.5490
12-09-26 00:20:10: Val - Source 94, Tomato seg: loss=1.1629, mIoU=0.4743, acc=0.8561
12-09-26 00:20:10: Val - Source 94, Maize seg: loss=0.6460, mIoU=0.4368, acc=0.8791
12-09-26 00:20:11: Eval(no-train) - Target 94, acc: 0.5556, avg acc: 0.6500, cls loss: 4.1214  <- domain gap indicator (DA-A, cls-only, held-out -- never trained on)
12-09-26 00:20:17: Trn - Source 95, cls loss: 0.0006, seg loss: 0.5039, dom loss: 0.6830, ent loss (target): 0.0088, lambda_p: 0.9999, lambda_ent: 0.1000, kendall s_cls: -0.4119, s_seg: 0.1452
12-09-26 00:20:18: Val - Source 95, cls acc: 1.0000, cls avg acc: 1.0000, cls loss: 0.0044, seg loss: 0.7951, total loss: 0.5608
12-09-26 00:20:18: Val - Source 95, Tomato seg: loss=1.1432, mIoU=0.4736, acc=0.8535
12-09-26 00:20:18: Val - Source 95, Maize seg: loss=0.6685, mIoU=0.4357, acc=0.8794
12-09-26 00:20:18: Eval(no-train) - Target 95, acc: 0.5556, avg acc: 0.6500, cls loss: 4.2704  <- domain gap indicator (DA-A, cls-only, held-out -- never trained on)
12-09-26 00:20:25: Trn - Source 96, cls loss: 0.0012, seg loss: 0.4847, dom loss: 0.6926, ent loss (target): 0.0065, lambda_p: 0.9999, lambda_ent: 0.1000, kendall s_cls: -0.4120, s_seg: 0.1452
12-09-26 00:20:25: Val - Source 96, cls acc: 1.0000, cls avg acc: 1.0000, cls loss: 0.0076, seg loss: 0.7765, total loss: 0.5496
12-09-26 00:20:25: Val - Source 96, Tomato seg: loss=1.1180, mIoU=0.4731, acc=0.8528
12-09-26 00:20:25: Val - Source 96, Maize seg: loss=0.6523, mIoU=0.4348, acc=0.8766
12-09-26 00:20:26: Eval(no-train) - Target 96, acc: 0.5397, avg acc: 0.6375, cls loss: 4.6722  <- domain gap indicator (DA-A, cls-only, held-out -- never trained on)
12-09-26 00:20:32: Trn - Source 97, cls loss: 0.0002, seg loss: 0.5021, dom loss: 0.6852, ent loss (target): 0.0111, lambda_p: 0.9999, lambda_ent: 0.1000, kendall s_cls: -0.4120, s_seg: 0.1452
12-09-26 00:20:33: Val - Source 97, cls acc: 1.0000, cls avg acc: 1.0000, cls loss: 0.0038, seg loss: 0.7996, total loss: 0.5638
12-09-26 00:20:33: Val - Source 97, Tomato seg: loss=1.1808, mIoU=0.4728, acc=0.8544
12-09-26 00:20:33: Val - Source 97, Maize seg: loss=0.6609, mIoU=0.4354, acc=0.8785
12-09-26 00:20:33: Eval(no-train) - Target 97, acc: 0.5556, avg acc: 0.6500, cls loss: 4.2363  <- domain gap indicator (DA-A, cls-only, held-out -- never trained on)
12-09-26 00:20:40: Trn - Source 98, cls loss: 0.0017, seg loss: 0.4951, dom loss: 0.6997, ent loss (target): 0.0134, lambda_p: 0.9999, lambda_ent: 0.1000, kendall s_cls: -0.4120, s_seg: 0.1452
12-09-26 00:20:40: Val - Source 98, cls acc: 1.0000, cls avg acc: 1.0000, cls loss: 0.0046, seg loss: 0.8005, total loss: 0.5659
12-09-26 00:20:40: Val - Source 98, Tomato seg: loss=1.1874, mIoU=0.4695, acc=0.8498
12-09-26 00:20:40: Val - Source 98, Maize seg: loss=0.6598, mIoU=0.4358, acc=0.8782
12-09-26 00:20:41: Eval(no-train) - Target 98, acc: 0.5556, avg acc: 0.6500, cls loss: 4.2045  <- domain gap indicator (DA-A, cls-only, held-out -- never trained on)
12-09-26 00:20:47: Trn - Source 99, cls loss: 0.0004, seg loss: 0.4881, dom loss: 0.6862, ent loss (target): 0.0106, lambda_p: 0.9999, lambda_ent: 0.1000, kendall s_cls: -0.4120, s_seg: 0.1452
12-09-26 00:20:48: Val - Source 99, cls acc: 1.0000, cls avg acc: 1.0000, cls loss: 0.0038, seg loss: 0.7972, total loss: 0.5617
12-09-26 00:20:48: Val - Source 99, Tomato seg: loss=1.1976, mIoU=0.4709, acc=0.8516
12-09-26 00:20:48: Val - Source 99, Maize seg: loss=0.6516, mIoU=0.4373, acc=0.8791
12-09-26 00:20:48: Eval(no-train) - Target 99, acc: 0.5714, avg acc: 0.6625, cls loss: 4.0362  <- domain gap indicator (DA-A, cls-only, held-out -- never trained on)
12-09-26 00:20:48: Best model at epoch 80, source val total loss 0.5009
12-09-26 00:20:49: FINAL best-model source val: cls acc: 1.0000, cls avg acc: 1.0000, seg loss: 0.7217
12-09-26 00:20:49: FINAL best-model source val, Tomato seg: loss=0.9428, mIoU=0.4514, acc=0.8216
12-09-26 00:20:49: FINAL best-model source val, Maize seg: loss=0.6412, mIoU=0.4378, acc=0.8813
12-09-26 00:20:50: FINAL target (Pheno4D held-out) test accuracy: 0.5556, avg acc: 0.6500, loss: 4.2563  <- classification-only; target segmentation not evaluated (see module docstring)
12-09-26 00:20:50: Confusion matrix (rows=true, cols=pred, order=['Tomato', 'Maize']):
[[12 28]
 [ 0 23]]
12-09-26 00:20:50: Per-class precision/recall/F1 on target test:
              precision    recall  f1-score   support

      Tomato     1.0000    0.3000    0.4615        40
       Maize     0.4510    1.0000    0.6216        23

    accuracy                         0.5556        63
   macro avg     0.7255    0.6500    0.5416        63
weighted avg     0.7996    0.5556    0.5200        63

