09-09-26 19:41:45: Namespace(exp_name='C1_dgcnn_da0_weighted', out_path='/home/pearl/25m0301/plant3d-thesis/results', epochs=100, batch_size=32, test_batch_size=32, lr=0.001, wd=5e-05, dropout=0.5, seed=1, gpu=0)
09-09-26 19:41:46: Using GPU 0: NVIDIA A100-SXM4-80GB
09-09-26 19:41:47: Crops3D train: 263 {'Tomato': 71, 'Maize': 192}
09-09-26 19:41:47: Crops3D val:   45 {'Tomato': 12, 'Maize': 33}
09-09-26 19:41:47: Pheno4D held-out eval (target, never trained on): 63 {'Tomato': 40, 'Maize': 23}
09-09-26 19:41:48: Class weights (w_c = (f_c+eps)^-1, normalized): {'Tomato': 1.4600751399993896, 'Maize': 0.5399249196052551}
09-09-26 19:42:47: Trn - Source 0, cls loss: 0.3118
09-09-26 19:42:49: Val - Source 0, acc: 0.7333, avg acc: 0.5000, cls loss: 0.9268
09-09-26 19:42:50: Eval(no-train) - Target 0, acc: 0.3651, avg acc: 0.5000, cls loss: 2.3466  <- domain gap indicator (DA-0 baseline)
09-09-26 19:42:53: Trn - Source 1, cls loss: 0.2315
09-09-26 19:42:54: Val - Source 1, acc: 0.7333, avg acc: 0.5000, cls loss: 0.9603
09-09-26 19:42:54: Eval(no-train) - Target 1, acc: 0.3651, avg acc: 0.5000, cls loss: 2.4581  <- domain gap indicator (DA-0 baseline)
09-09-26 19:42:57: Trn - Source 2, cls loss: 0.1052
09-09-26 19:42:58: Val - Source 2, acc: 0.7333, avg acc: 0.5000, cls loss: 1.1652
09-09-26 19:42:58: Eval(no-train) - Target 2, acc: 0.3651, avg acc: 0.5000, cls loss: 3.0022  <- domain gap indicator (DA-0 baseline)
09-09-26 19:43:01: Trn - Source 3, cls loss: 0.0880
09-09-26 19:43:02: Val - Source 3, acc: 0.7333, avg acc: 0.5000, cls loss: 1.1127
09-09-26 19:43:02: Eval(no-train) - Target 3, acc: 0.3651, avg acc: 0.5000, cls loss: 2.9880  <- domain gap indicator (DA-0 baseline)
09-09-26 19:43:05: Trn - Source 4, cls loss: 0.0777
09-09-26 19:43:06: Val - Source 4, acc: 0.7333, avg acc: 0.5000, cls loss: 0.9035
09-09-26 19:43:06: Eval(no-train) - Target 4, acc: 0.5714, avg acc: 0.6625, cls loss: 0.7790  <- domain gap indicator (DA-0 baseline)
09-09-26 19:43:09: Trn - Source 5, cls loss: 0.0880
09-09-26 19:43:10: Val - Source 5, acc: 0.8667, avg acc: 0.7500, cls loss: 0.4793
09-09-26 19:43:10: Eval(no-train) - Target 5, acc: 0.8889, avg acc: 0.8663, cls loss: 0.1958  <- domain gap indicator (DA-0 baseline)
09-09-26 19:43:13: Trn - Source 6, cls loss: 0.0608
09-09-26 19:43:14: Val - Source 6, acc: 1.0000, avg acc: 1.0000, cls loss: 0.0839
09-09-26 19:43:15: Eval(no-train) - Target 6, acc: 0.8889, avg acc: 0.8478, cls loss: 0.2595  <- domain gap indicator (DA-0 baseline)
09-09-26 19:43:18: Trn - Source 7, cls loss: 0.0713
09-09-26 19:43:18: Val - Source 7, acc: 1.0000, avg acc: 1.0000, cls loss: 0.0220
09-09-26 19:43:19: Eval(no-train) - Target 7, acc: 0.8730, avg acc: 0.8261, cls loss: 0.7351  <- domain gap indicator (DA-0 baseline)
09-09-26 19:43:22: Trn - Source 8, cls loss: 0.0316
09-09-26 19:43:22: Val - Source 8, acc: 1.0000, avg acc: 1.0000, cls loss: 0.0096
09-09-26 19:43:23: Eval(no-train) - Target 8, acc: 0.8730, avg acc: 0.8261, cls loss: 0.7844  <- domain gap indicator (DA-0 baseline)
09-09-26 19:43:26: Trn - Source 9, cls loss: 0.0459
09-09-26 19:43:26: Val - Source 9, acc: 1.0000, avg acc: 1.0000, cls loss: 0.0083
09-09-26 19:43:27: Eval(no-train) - Target 9, acc: 0.8730, avg acc: 0.8261, cls loss: 0.6907  <- domain gap indicator (DA-0 baseline)
09-09-26 19:43:30: Trn - Source 10, cls loss: 0.0598
09-09-26 19:43:30: Val - Source 10, acc: 0.9556, avg acc: 0.9167, cls loss: 0.0662
09-09-26 19:43:31: Eval(no-train) - Target 10, acc: 0.7460, avg acc: 0.7630, cls loss: 0.5227  <- domain gap indicator (DA-0 baseline)
09-09-26 19:43:34: Trn - Source 11, cls loss: 0.0373
09-09-26 19:43:34: Val - Source 11, acc: 1.0000, avg acc: 1.0000, cls loss: 0.0107
09-09-26 19:43:35: Eval(no-train) - Target 11, acc: 0.8571, avg acc: 0.8043, cls loss: 0.7109  <- domain gap indicator (DA-0 baseline)
09-09-26 19:43:38: Trn - Source 12, cls loss: 0.0731
09-09-26 19:43:38: Val - Source 12, acc: 1.0000, avg acc: 1.0000, cls loss: 0.0061
09-09-26 19:43:39: Eval(no-train) - Target 12, acc: 0.8730, avg acc: 0.8261, cls loss: 0.5922  <- domain gap indicator (DA-0 baseline)
09-09-26 19:43:42: Trn - Source 13, cls loss: 0.0503
09-09-26 19:43:43: Val - Source 13, acc: 1.0000, avg acc: 1.0000, cls loss: 0.0077
09-09-26 19:43:43: Eval(no-train) - Target 13, acc: 0.8730, avg acc: 0.8261, cls loss: 0.9776  <- domain gap indicator (DA-0 baseline)
09-09-26 19:43:49: Trn - Source 14, cls loss: 0.0563
09-09-26 19:43:50: Val - Source 14, acc: 1.0000, avg acc: 1.0000, cls loss: 0.0033
09-09-26 19:43:51: Eval(no-train) - Target 14, acc: 0.8730, avg acc: 0.8261, cls loss: 0.7060  <- domain gap indicator (DA-0 baseline)
09-09-26 19:43:54: Trn - Source 15, cls loss: 0.0751
09-09-26 19:43:54: Val - Source 15, acc: 1.0000, avg acc: 1.0000, cls loss: 0.0064
09-09-26 19:43:55: Eval(no-train) - Target 15, acc: 0.8889, avg acc: 0.8478, cls loss: 0.4566  <- domain gap indicator (DA-0 baseline)
09-09-26 19:43:58: Trn - Source 16, cls loss: 0.0441
09-09-26 19:43:58: Val - Source 16, acc: 1.0000, avg acc: 1.0000, cls loss: 0.0177
09-09-26 19:43:59: Eval(no-train) - Target 16, acc: 0.5873, avg acc: 0.6658, cls loss: 1.1314  <- domain gap indicator (DA-0 baseline)
09-09-26 19:44:02: Trn - Source 17, cls loss: 0.0669
09-09-26 19:44:03: Val - Source 17, acc: 1.0000, avg acc: 1.0000, cls loss: 0.0140
09-09-26 19:44:03: Eval(no-train) - Target 17, acc: 0.8730, avg acc: 0.8261, cls loss: 0.9240  <- domain gap indicator (DA-0 baseline)
09-09-26 19:44:06: Trn - Source 18, cls loss: 0.0691
09-09-26 19:44:07: Val - Source 18, acc: 1.0000, avg acc: 1.0000, cls loss: 0.0080
09-09-26 19:44:07: Eval(no-train) - Target 18, acc: 0.8889, avg acc: 0.8478, cls loss: 0.6916  <- domain gap indicator (DA-0 baseline)
09-09-26 19:44:10: Trn - Source 19, cls loss: 0.0645
09-09-26 19:44:11: Val - Source 19, acc: 0.9778, avg acc: 0.9848, cls loss: 0.0343
09-09-26 19:44:11: Eval(no-train) - Target 19, acc: 0.8730, avg acc: 0.8261, cls loss: 0.5216  <- domain gap indicator (DA-0 baseline)
09-09-26 19:44:14: Trn - Source 20, cls loss: 0.0469
09-09-26 19:44:15: Val - Source 20, acc: 0.9778, avg acc: 0.9848, cls loss: 0.0515
09-09-26 19:44:15: Eval(no-train) - Target 20, acc: 0.8730, avg acc: 0.8261, cls loss: 0.8094  <- domain gap indicator (DA-0 baseline)
09-09-26 19:44:18: Trn - Source 21, cls loss: 0.1170
09-09-26 19:44:19: Val - Source 21, acc: 1.0000, avg acc: 1.0000, cls loss: 0.0503
09-09-26 19:44:19: Eval(no-train) - Target 21, acc: 0.8413, avg acc: 0.8196, cls loss: 0.4561  <- domain gap indicator (DA-0 baseline)
09-09-26 19:44:22: Trn - Source 22, cls loss: 0.0439
09-09-26 19:44:23: Val - Source 22, acc: 1.0000, avg acc: 1.0000, cls loss: 0.0134
09-09-26 19:44:23: Eval(no-train) - Target 22, acc: 0.8095, avg acc: 0.7853, cls loss: 0.3695  <- domain gap indicator (DA-0 baseline)
09-09-26 19:44:26: Trn - Source 23, cls loss: 0.0376
09-09-26 19:44:27: Val - Source 23, acc: 0.9556, avg acc: 0.9697, cls loss: 0.1087
09-09-26 19:44:28: Eval(no-train) - Target 23, acc: 0.8571, avg acc: 0.8043, cls loss: 1.5245  <- domain gap indicator (DA-0 baseline)
09-09-26 19:44:31: Trn - Source 24, cls loss: 0.0237
09-09-26 19:44:36: Val - Source 24, acc: 0.9778, avg acc: 0.9848, cls loss: 0.0571
09-09-26 19:44:36: Eval(no-train) - Target 24, acc: 0.8730, avg acc: 0.8261, cls loss: 1.3936  <- domain gap indicator (DA-0 baseline)
09-09-26 19:44:40: Trn - Source 25, cls loss: 0.0404
09-09-26 19:44:41: Val - Source 25, acc: 1.0000, avg acc: 1.0000, cls loss: 0.0057
09-09-26 19:44:42: Eval(no-train) - Target 25, acc: 0.8889, avg acc: 0.8478, cls loss: 0.7464  <- domain gap indicator (DA-0 baseline)
09-09-26 19:44:45: Trn - Source 26, cls loss: 0.0280
09-09-26 19:44:45: Val - Source 26, acc: 1.0000, avg acc: 1.0000, cls loss: 0.0212
09-09-26 19:44:46: Eval(no-train) - Target 26, acc: 0.8413, avg acc: 0.8103, cls loss: 0.3293  <- domain gap indicator (DA-0 baseline)
09-09-26 19:44:49: Trn - Source 27, cls loss: 0.0546
09-09-26 19:44:49: Val - Source 27, acc: 1.0000, avg acc: 1.0000, cls loss: 0.0168
09-09-26 19:44:50: Eval(no-train) - Target 27, acc: 0.7778, avg acc: 0.7696, cls loss: 0.5364  <- domain gap indicator (DA-0 baseline)
09-09-26 19:44:53: Trn - Source 28, cls loss: 0.0376
09-09-26 19:44:53: Val - Source 28, acc: 1.0000, avg acc: 1.0000, cls loss: 0.0054
09-09-26 19:44:54: Eval(no-train) - Target 28, acc: 0.8730, avg acc: 0.8261, cls loss: 0.7034  <- domain gap indicator (DA-0 baseline)
09-09-26 19:44:57: Trn - Source 29, cls loss: 0.0375
09-09-26 19:44:57: Val - Source 29, acc: 1.0000, avg acc: 1.0000, cls loss: 0.0125
09-09-26 19:44:58: Eval(no-train) - Target 29, acc: 0.8730, avg acc: 0.8261, cls loss: 1.2532  <- domain gap indicator (DA-0 baseline)
09-09-26 19:45:01: Trn - Source 30, cls loss: 0.0364
09-09-26 19:45:01: Val - Source 30, acc: 1.0000, avg acc: 1.0000, cls loss: 0.0014
09-09-26 19:45:02: Eval(no-train) - Target 30, acc: 0.8889, avg acc: 0.8478, cls loss: 0.8891  <- domain gap indicator (DA-0 baseline)
09-09-26 19:45:05: Trn - Source 31, cls loss: 0.0237
09-09-26 19:45:05: Val - Source 31, acc: 1.0000, avg acc: 1.0000, cls loss: 0.0089
09-09-26 19:45:06: Eval(no-train) - Target 31, acc: 0.8571, avg acc: 0.8321, cls loss: 0.4768  <- domain gap indicator (DA-0 baseline)
09-09-26 19:45:09: Trn - Source 32, cls loss: 0.0097
09-09-26 19:45:09: Val - Source 32, acc: 1.0000, avg acc: 1.0000, cls loss: 0.0134
09-09-26 19:45:10: Eval(no-train) - Target 32, acc: 0.8571, avg acc: 0.8505, cls loss: 0.4955  <- domain gap indicator (DA-0 baseline)
09-09-26 19:45:13: Trn - Source 33, cls loss: 0.0229
09-09-26 19:45:14: Val - Source 33, acc: 1.0000, avg acc: 1.0000, cls loss: 0.0030
09-09-26 19:45:14: Eval(no-train) - Target 33, acc: 0.8730, avg acc: 0.8353, cls loss: 0.6393  <- domain gap indicator (DA-0 baseline)
09-09-26 19:45:17: Trn - Source 34, cls loss: 0.0161
09-09-26 19:45:18: Val - Source 34, acc: 1.0000, avg acc: 1.0000, cls loss: 0.0013
09-09-26 19:45:18: Eval(no-train) - Target 34, acc: 0.8730, avg acc: 0.8261, cls loss: 0.9663  <- domain gap indicator (DA-0 baseline)
09-09-26 19:45:21: Trn - Source 35, cls loss: 0.0232
09-09-26 19:45:22: Val - Source 35, acc: 1.0000, avg acc: 1.0000, cls loss: 0.0034
09-09-26 19:45:22: Eval(no-train) - Target 35, acc: 0.8889, avg acc: 0.8478, cls loss: 0.7302  <- domain gap indicator (DA-0 baseline)
09-09-26 19:45:30: Trn - Source 36, cls loss: 0.0272
09-09-26 19:45:32: Val - Source 36, acc: 1.0000, avg acc: 1.0000, cls loss: 0.0067
09-09-26 19:45:32: Eval(no-train) - Target 36, acc: 0.9048, avg acc: 0.8696, cls loss: 0.5291  <- domain gap indicator (DA-0 baseline)
09-09-26 19:45:36: Trn - Source 37, cls loss: 0.0404
09-09-26 19:45:36: Val - Source 37, acc: 0.9778, avg acc: 0.9583, cls loss: 0.0484
09-09-26 19:45:37: Eval(no-train) - Target 37, acc: 0.9365, avg acc: 0.9223, cls loss: 0.2383  <- domain gap indicator (DA-0 baseline)
09-09-26 19:45:40: Trn - Source 38, cls loss: 0.0202
09-09-26 19:45:40: Val - Source 38, acc: 1.0000, avg acc: 1.0000, cls loss: 0.0068
09-09-26 19:45:41: Eval(no-train) - Target 38, acc: 0.8889, avg acc: 0.8478, cls loss: 0.9067  <- domain gap indicator (DA-0 baseline)
09-09-26 19:45:44: Trn - Source 39, cls loss: 0.0476
09-09-26 19:45:44: Val - Source 39, acc: 1.0000, avg acc: 1.0000, cls loss: 0.0026
09-09-26 19:45:45: Eval(no-train) - Target 39, acc: 0.8889, avg acc: 0.8478, cls loss: 0.6312  <- domain gap indicator (DA-0 baseline)
09-09-26 19:45:48: Trn - Source 40, cls loss: 0.0411
09-09-26 19:45:48: Val - Source 40, acc: 1.0000, avg acc: 1.0000, cls loss: 0.0126
09-09-26 19:45:49: Eval(no-train) - Target 40, acc: 0.9048, avg acc: 0.8696, cls loss: 0.3016  <- domain gap indicator (DA-0 baseline)
09-09-26 19:45:52: Trn - Source 41, cls loss: 0.0245
09-09-26 19:45:52: Val - Source 41, acc: 1.0000, avg acc: 1.0000, cls loss: 0.0213
09-09-26 19:45:53: Eval(no-train) - Target 41, acc: 0.8889, avg acc: 0.8663, cls loss: 0.2232  <- domain gap indicator (DA-0 baseline)
09-09-26 19:45:56: Trn - Source 42, cls loss: 0.0142
09-09-26 19:45:57: Val - Source 42, acc: 1.0000, avg acc: 1.0000, cls loss: 0.0045
09-09-26 19:45:57: Eval(no-train) - Target 42, acc: 0.8889, avg acc: 0.8478, cls loss: 0.3121  <- domain gap indicator (DA-0 baseline)
09-09-26 19:46:03: Trn - Source 43, cls loss: 0.0698
09-09-26 19:46:03: Val - Source 43, acc: 1.0000, avg acc: 1.0000, cls loss: 0.0162
09-09-26 19:46:04: Eval(no-train) - Target 43, acc: 0.8730, avg acc: 0.8261, cls loss: 0.5450  <- domain gap indicator (DA-0 baseline)
09-09-26 19:46:07: Trn - Source 44, cls loss: 0.0294
09-09-26 19:46:08: Val - Source 44, acc: 1.0000, avg acc: 1.0000, cls loss: 0.0089
09-09-26 19:46:08: Eval(no-train) - Target 44, acc: 0.8889, avg acc: 0.8478, cls loss: 0.4456  <- domain gap indicator (DA-0 baseline)
09-09-26 19:46:11: Trn - Source 45, cls loss: 0.0281
09-09-26 19:46:12: Val - Source 45, acc: 1.0000, avg acc: 1.0000, cls loss: 0.0020
09-09-26 19:46:12: Eval(no-train) - Target 45, acc: 0.8889, avg acc: 0.8571, cls loss: 0.4290  <- domain gap indicator (DA-0 baseline)
09-09-26 19:46:15: Trn - Source 46, cls loss: 0.0242
09-09-26 19:46:16: Val - Source 46, acc: 1.0000, avg acc: 1.0000, cls loss: 0.0011
09-09-26 19:46:16: Eval(no-train) - Target 46, acc: 0.9048, avg acc: 0.8696, cls loss: 0.5816  <- domain gap indicator (DA-0 baseline)
09-09-26 19:46:19: Trn - Source 47, cls loss: 0.0071
09-09-26 19:46:20: Val - Source 47, acc: 1.0000, avg acc: 1.0000, cls loss: 0.0041
09-09-26 19:46:20: Eval(no-train) - Target 47, acc: 0.9048, avg acc: 0.8696, cls loss: 0.3618  <- domain gap indicator (DA-0 baseline)
09-09-26 19:46:23: Trn - Source 48, cls loss: 0.0131
09-09-26 19:46:24: Val - Source 48, acc: 1.0000, avg acc: 1.0000, cls loss: 0.0066
09-09-26 19:46:24: Eval(no-train) - Target 48, acc: 0.8730, avg acc: 0.8446, cls loss: 0.3426  <- domain gap indicator (DA-0 baseline)
09-09-26 19:46:27: Trn - Source 49, cls loss: 0.0272
09-09-26 19:46:28: Val - Source 49, acc: 1.0000, avg acc: 1.0000, cls loss: 0.0025
09-09-26 19:46:29: Eval(no-train) - Target 49, acc: 0.9048, avg acc: 0.8696, cls loss: 0.4783  <- domain gap indicator (DA-0 baseline)
09-09-26 19:46:32: Trn - Source 50, cls loss: 0.0099
09-09-26 19:46:32: Val - Source 50, acc: 1.0000, avg acc: 1.0000, cls loss: 0.0020
09-09-26 19:46:33: Eval(no-train) - Target 50, acc: 0.9048, avg acc: 0.8696, cls loss: 0.6159  <- domain gap indicator (DA-0 baseline)
09-09-26 19:46:36: Trn - Source 51, cls loss: 0.0069
09-09-26 19:46:36: Val - Source 51, acc: 1.0000, avg acc: 1.0000, cls loss: 0.0049
09-09-26 19:46:37: Eval(no-train) - Target 51, acc: 0.9048, avg acc: 0.8696, cls loss: 0.4902  <- domain gap indicator (DA-0 baseline)
09-09-26 19:46:40: Trn - Source 52, cls loss: 0.0063
09-09-26 19:46:40: Val - Source 52, acc: 1.0000, avg acc: 1.0000, cls loss: 0.0043
09-09-26 19:46:41: Eval(no-train) - Target 52, acc: 0.9048, avg acc: 0.8696, cls loss: 0.5329  <- domain gap indicator (DA-0 baseline)
09-09-26 19:46:44: Trn - Source 53, cls loss: 0.0123
09-09-26 19:46:44: Val - Source 53, acc: 1.0000, avg acc: 1.0000, cls loss: 0.0056
09-09-26 19:46:45: Eval(no-train) - Target 53, acc: 0.8730, avg acc: 0.8353, cls loss: 0.5630  <- domain gap indicator (DA-0 baseline)
09-09-26 19:46:48: Trn - Source 54, cls loss: 0.0185
09-09-26 19:46:49: Val - Source 54, acc: 1.0000, avg acc: 1.0000, cls loss: 0.0039
09-09-26 19:46:52: Eval(no-train) - Target 54, acc: 0.8730, avg acc: 0.8353, cls loss: 0.5611  <- domain gap indicator (DA-0 baseline)
09-09-26 19:46:57: Trn - Source 55, cls loss: 0.0024
09-09-26 19:46:57: Val - Source 55, acc: 1.0000, avg acc: 1.0000, cls loss: 0.0015
09-09-26 19:46:58: Eval(no-train) - Target 55, acc: 0.8889, avg acc: 0.8478, cls loss: 0.6307  <- domain gap indicator (DA-0 baseline)
09-09-26 19:47:01: Trn - Source 56, cls loss: 0.0160
09-09-26 19:47:01: Val - Source 56, acc: 1.0000, avg acc: 1.0000, cls loss: 0.0027
09-09-26 19:47:02: Eval(no-train) - Target 56, acc: 0.8730, avg acc: 0.8446, cls loss: 0.4360  <- domain gap indicator (DA-0 baseline)
09-09-26 19:47:05: Trn - Source 57, cls loss: 0.0118
09-09-26 19:47:05: Val - Source 57, acc: 1.0000, avg acc: 1.0000, cls loss: 0.0010
09-09-26 19:47:06: Eval(no-train) - Target 57, acc: 0.8889, avg acc: 0.8478, cls loss: 0.5343  <- domain gap indicator (DA-0 baseline)
09-09-26 19:47:09: Trn - Source 58, cls loss: 0.0125
09-09-26 19:47:09: Val - Source 58, acc: 1.0000, avg acc: 1.0000, cls loss: 0.0013
09-09-26 19:47:10: Eval(no-train) - Target 58, acc: 0.8889, avg acc: 0.8478, cls loss: 0.7842  <- domain gap indicator (DA-0 baseline)
09-09-26 19:47:13: Trn - Source 59, cls loss: 0.0142
09-09-26 19:47:13: Val - Source 59, acc: 1.0000, avg acc: 1.0000, cls loss: 0.0012
09-09-26 19:47:14: Eval(no-train) - Target 59, acc: 0.9048, avg acc: 0.8696, cls loss: 0.8305  <- domain gap indicator (DA-0 baseline)
09-09-26 19:47:17: Trn - Source 60, cls loss: 0.0090
09-09-26 19:47:18: Val - Source 60, acc: 1.0000, avg acc: 1.0000, cls loss: 0.0013
09-09-26 19:47:18: Eval(no-train) - Target 60, acc: 0.9048, avg acc: 0.8696, cls loss: 0.6243  <- domain gap indicator (DA-0 baseline)
09-09-26 19:47:21: Trn - Source 61, cls loss: 0.0189
09-09-26 19:47:22: Val - Source 61, acc: 1.0000, avg acc: 1.0000, cls loss: 0.0053
09-09-26 19:47:22: Eval(no-train) - Target 61, acc: 0.9048, avg acc: 0.8788, cls loss: 0.3708  <- domain gap indicator (DA-0 baseline)
09-09-26 19:47:25: Trn - Source 62, cls loss: 0.0312
09-09-26 19:47:26: Val - Source 62, acc: 0.9333, avg acc: 0.8750, cls loss: 0.1062
09-09-26 19:47:26: Eval(no-train) - Target 62, acc: 0.7143, avg acc: 0.7565, cls loss: 0.7517  <- domain gap indicator (DA-0 baseline)
09-09-26 19:47:29: Trn - Source 63, cls loss: 0.0832
09-09-26 19:47:30: Val - Source 63, acc: 1.0000, avg acc: 1.0000, cls loss: 0.0004
09-09-26 19:47:30: Eval(no-train) - Target 63, acc: 0.9048, avg acc: 0.8696, cls loss: 0.4530  <- domain gap indicator (DA-0 baseline)
09-09-26 19:47:33: Trn - Source 64, cls loss: 0.0166
09-09-26 19:47:34: Val - Source 64, acc: 1.0000, avg acc: 1.0000, cls loss: 0.0005
09-09-26 19:47:34: Eval(no-train) - Target 64, acc: 0.9048, avg acc: 0.8696, cls loss: 0.6929  <- domain gap indicator (DA-0 baseline)
09-09-26 19:47:37: Trn - Source 65, cls loss: 0.0088
09-09-26 19:47:38: Val - Source 65, acc: 1.0000, avg acc: 1.0000, cls loss: 0.0011
09-09-26 19:47:39: Eval(no-train) - Target 65, acc: 0.9048, avg acc: 0.8696, cls loss: 0.5270  <- domain gap indicator (DA-0 baseline)
09-09-26 19:47:46: Trn - Source 66, cls loss: 0.0235
09-09-26 19:47:47: Val - Source 66, acc: 1.0000, avg acc: 1.0000, cls loss: 0.0037
09-09-26 19:47:47: Eval(no-train) - Target 66, acc: 0.9048, avg acc: 0.8696, cls loss: 0.3738  <- domain gap indicator (DA-0 baseline)
09-09-26 19:47:50: Trn - Source 67, cls loss: 0.0309
09-09-26 19:47:51: Val - Source 67, acc: 1.0000, avg acc: 1.0000, cls loss: 0.0053
09-09-26 19:47:52: Eval(no-train) - Target 67, acc: 0.8730, avg acc: 0.8630, cls loss: 0.3275  <- domain gap indicator (DA-0 baseline)
09-09-26 19:47:55: Trn - Source 68, cls loss: 0.0173
09-09-26 19:47:55: Val - Source 68, acc: 1.0000, avg acc: 1.0000, cls loss: 0.0025
09-09-26 19:47:56: Eval(no-train) - Target 68, acc: 0.8571, avg acc: 0.8598, cls loss: 0.3577  <- domain gap indicator (DA-0 baseline)
09-09-26 19:47:59: Trn - Source 69, cls loss: 0.0145
09-09-26 19:47:59: Val - Source 69, acc: 1.0000, avg acc: 1.0000, cls loss: 0.0008
09-09-26 19:48:00: Eval(no-train) - Target 69, acc: 0.8413, avg acc: 0.8196, cls loss: 0.3151  <- domain gap indicator (DA-0 baseline)
09-09-26 19:48:03: Trn - Source 70, cls loss: 0.0084
09-09-26 19:48:03: Val - Source 70, acc: 1.0000, avg acc: 1.0000, cls loss: 0.0005
09-09-26 19:48:04: Eval(no-train) - Target 70, acc: 0.8730, avg acc: 0.8446, cls loss: 0.3407  <- domain gap indicator (DA-0 baseline)
09-09-26 19:48:07: Trn - Source 71, cls loss: 0.0242
09-09-26 19:48:07: Val - Source 71, acc: 1.0000, avg acc: 1.0000, cls loss: 0.0003
09-09-26 19:48:08: Eval(no-train) - Target 71, acc: 0.8889, avg acc: 0.8478, cls loss: 0.5769  <- domain gap indicator (DA-0 baseline)
09-09-26 19:48:11: Trn - Source 72, cls loss: 0.0055
09-09-26 19:48:11: Val - Source 72, acc: 1.0000, avg acc: 1.0000, cls loss: 0.0004
09-09-26 19:48:12: Eval(no-train) - Target 72, acc: 0.9048, avg acc: 0.8696, cls loss: 0.5864  <- domain gap indicator (DA-0 baseline)
09-09-26 19:48:15: Trn - Source 73, cls loss: 0.0036
09-09-26 19:48:15: Val - Source 73, acc: 1.0000, avg acc: 1.0000, cls loss: 0.0007
09-09-26 19:48:16: Eval(no-train) - Target 73, acc: 0.9048, avg acc: 0.8696, cls loss: 0.5008  <- domain gap indicator (DA-0 baseline)
09-09-26 19:48:19: Trn - Source 74, cls loss: 0.0300
09-09-26 19:48:19: Val - Source 74, acc: 1.0000, avg acc: 1.0000, cls loss: 0.0013
09-09-26 19:48:20: Eval(no-train) - Target 74, acc: 0.8730, avg acc: 0.8446, cls loss: 0.3771  <- domain gap indicator (DA-0 baseline)
09-09-26 19:48:26: Trn - Source 75, cls loss: 0.0069
09-09-26 19:48:27: Val - Source 75, acc: 1.0000, avg acc: 1.0000, cls loss: 0.0026
09-09-26 19:48:27: Eval(no-train) - Target 75, acc: 0.8730, avg acc: 0.8630, cls loss: 0.3722  <- domain gap indicator (DA-0 baseline)
09-09-26 19:48:30: Trn - Source 76, cls loss: 0.0138
09-09-26 19:48:31: Val - Source 76, acc: 1.0000, avg acc: 1.0000, cls loss: 0.0021
09-09-26 19:48:32: Eval(no-train) - Target 76, acc: 0.8413, avg acc: 0.8380, cls loss: 0.4261  <- domain gap indicator (DA-0 baseline)
09-09-26 19:48:35: Trn - Source 77, cls loss: 0.0083
09-09-26 19:48:35: Val - Source 77, acc: 1.0000, avg acc: 1.0000, cls loss: 0.0012
09-09-26 19:48:36: Eval(no-train) - Target 77, acc: 0.8413, avg acc: 0.8380, cls loss: 0.4538  <- domain gap indicator (DA-0 baseline)
09-09-26 19:48:39: Trn - Source 78, cls loss: 0.0126
09-09-26 19:48:39: Val - Source 78, acc: 1.0000, avg acc: 1.0000, cls loss: 0.0008
09-09-26 19:48:40: Eval(no-train) - Target 78, acc: 0.8254, avg acc: 0.8163, cls loss: 0.4559  <- domain gap indicator (DA-0 baseline)
09-09-26 19:48:43: Trn - Source 79, cls loss: 0.0044
09-09-26 19:48:43: Val - Source 79, acc: 1.0000, avg acc: 1.0000, cls loss: 0.0003
09-09-26 19:48:44: Eval(no-train) - Target 79, acc: 0.8730, avg acc: 0.8446, cls loss: 0.3944  <- domain gap indicator (DA-0 baseline)
09-09-26 19:48:48: Trn - Source 80, cls loss: 0.0206
09-09-26 19:48:49: Val - Source 80, acc: 1.0000, avg acc: 1.0000, cls loss: 0.0002
09-09-26 19:48:49: Eval(no-train) - Target 80, acc: 0.8730, avg acc: 0.8446, cls loss: 0.4343  <- domain gap indicator (DA-0 baseline)
09-09-26 19:48:52: Trn - Source 81, cls loss: 0.0258
09-09-26 19:48:53: Val - Source 81, acc: 1.0000, avg acc: 1.0000, cls loss: 0.0003
09-09-26 19:48:53: Eval(no-train) - Target 81, acc: 0.8730, avg acc: 0.8446, cls loss: 0.4227  <- domain gap indicator (DA-0 baseline)
09-09-26 19:48:56: Trn - Source 82, cls loss: 0.0034
09-09-26 19:48:57: Val - Source 82, acc: 1.0000, avg acc: 1.0000, cls loss: 0.0003
09-09-26 19:48:57: Eval(no-train) - Target 82, acc: 0.8730, avg acc: 0.8446, cls loss: 0.4113  <- domain gap indicator (DA-0 baseline)
09-09-26 19:49:00: Trn - Source 83, cls loss: 0.0619
09-09-26 19:49:01: Val - Source 83, acc: 1.0000, avg acc: 1.0000, cls loss: 0.0005
09-09-26 19:49:02: Eval(no-train) - Target 83, acc: 0.8730, avg acc: 0.8446, cls loss: 0.4039  <- domain gap indicator (DA-0 baseline)
09-09-26 19:49:05: Trn - Source 84, cls loss: 0.0120
09-09-26 19:49:05: Val - Source 84, acc: 1.0000, avg acc: 1.0000, cls loss: 0.0008
09-09-26 19:49:06: Eval(no-train) - Target 84, acc: 0.8730, avg acc: 0.8446, cls loss: 0.3783  <- domain gap indicator (DA-0 baseline)
09-09-26 19:49:09: Trn - Source 85, cls loss: 0.0192
09-09-26 19:49:09: Val - Source 85, acc: 1.0000, avg acc: 1.0000, cls loss: 0.0005
09-09-26 19:49:10: Eval(no-train) - Target 85, acc: 0.8730, avg acc: 0.8446, cls loss: 0.4112  <- domain gap indicator (DA-0 baseline)
09-09-26 19:49:13: Trn - Source 86, cls loss: 0.0076
09-09-26 19:49:13: Val - Source 86, acc: 1.0000, avg acc: 1.0000, cls loss: 0.0004
09-09-26 19:49:14: Eval(no-train) - Target 86, acc: 0.8730, avg acc: 0.8446, cls loss: 0.4273  <- domain gap indicator (DA-0 baseline)
09-09-26 19:49:24: Trn - Source 87, cls loss: 0.0719
09-09-26 19:49:26: Val - Source 87, acc: 1.0000, avg acc: 1.0000, cls loss: 0.0003
09-09-26 19:49:27: Eval(no-train) - Target 87, acc: 0.9048, avg acc: 0.8696, cls loss: 0.4807  <- domain gap indicator (DA-0 baseline)
09-09-26 19:49:31: Trn - Source 88, cls loss: 0.0058
09-09-26 19:49:32: Val - Source 88, acc: 1.0000, avg acc: 1.0000, cls loss: 0.0003
09-09-26 19:49:32: Eval(no-train) - Target 88, acc: 0.9048, avg acc: 0.8696, cls loss: 0.4729  <- domain gap indicator (DA-0 baseline)
09-09-26 19:49:35: Trn - Source 89, cls loss: 0.0055
09-09-26 19:49:36: Val - Source 89, acc: 1.0000, avg acc: 1.0000, cls loss: 0.0003
09-09-26 19:49:36: Eval(no-train) - Target 89, acc: 0.9048, avg acc: 0.8696, cls loss: 0.4720  <- domain gap indicator (DA-0 baseline)
09-09-26 19:49:39: Trn - Source 90, cls loss: 0.0027
09-09-26 19:49:40: Val - Source 90, acc: 1.0000, avg acc: 1.0000, cls loss: 0.0004
09-09-26 19:49:40: Eval(no-train) - Target 90, acc: 0.9048, avg acc: 0.8696, cls loss: 0.4399  <- domain gap indicator (DA-0 baseline)
09-09-26 19:49:43: Trn - Source 91, cls loss: 0.0016
09-09-26 19:49:44: Val - Source 91, acc: 1.0000, avg acc: 1.0000, cls loss: 0.0004
09-09-26 19:49:44: Eval(no-train) - Target 91, acc: 0.8889, avg acc: 0.8571, cls loss: 0.4335  <- domain gap indicator (DA-0 baseline)
09-09-26 19:49:47: Trn - Source 92, cls loss: 0.0036
09-09-26 19:49:48: Val - Source 92, acc: 1.0000, avg acc: 1.0000, cls loss: 0.0005
09-09-26 19:49:48: Eval(no-train) - Target 92, acc: 0.9048, avg acc: 0.8696, cls loss: 0.4325  <- domain gap indicator (DA-0 baseline)
09-09-26 19:49:51: Trn - Source 93, cls loss: 0.0095
09-09-26 19:49:52: Val - Source 93, acc: 1.0000, avg acc: 1.0000, cls loss: 0.0006
09-09-26 19:49:52: Eval(no-train) - Target 93, acc: 0.9048, avg acc: 0.8696, cls loss: 0.4027  <- domain gap indicator (DA-0 baseline)
09-09-26 19:49:55: Trn - Source 94, cls loss: 0.0163
09-09-26 19:49:59: Val - Source 94, acc: 1.0000, avg acc: 1.0000, cls loss: 0.0006
09-09-26 19:50:00: Eval(no-train) - Target 94, acc: 0.9048, avg acc: 0.8696, cls loss: 0.4163  <- domain gap indicator (DA-0 baseline)
09-09-26 19:50:04: Trn - Source 95, cls loss: 0.0048
09-09-26 19:50:05: Val - Source 95, acc: 1.0000, avg acc: 1.0000, cls loss: 0.0006
09-09-26 19:50:05: Eval(no-train) - Target 95, acc: 0.9048, avg acc: 0.8696, cls loss: 0.4254  <- domain gap indicator (DA-0 baseline)
09-09-26 19:50:08: Trn - Source 96, cls loss: 0.0032
09-09-26 19:50:09: Val - Source 96, acc: 1.0000, avg acc: 1.0000, cls loss: 0.0006
09-09-26 19:50:10: Eval(no-train) - Target 96, acc: 0.9048, avg acc: 0.8696, cls loss: 0.4243  <- domain gap indicator (DA-0 baseline)
09-09-26 19:50:13: Trn - Source 97, cls loss: 0.0123
09-09-26 19:50:14: Val - Source 97, acc: 1.0000, avg acc: 1.0000, cls loss: 0.0005
09-09-26 19:50:14: Eval(no-train) - Target 97, acc: 0.9048, avg acc: 0.8696, cls loss: 0.4431  <- domain gap indicator (DA-0 baseline)
09-09-26 19:50:17: Trn - Source 98, cls loss: 0.0100
09-09-26 19:50:18: Val - Source 98, acc: 1.0000, avg acc: 1.0000, cls loss: 0.0006
09-09-26 19:50:19: Eval(no-train) - Target 98, acc: 0.8889, avg acc: 0.8571, cls loss: 0.4100  <- domain gap indicator (DA-0 baseline)
09-09-26 19:50:22: Trn - Source 99, cls loss: 0.0082
09-09-26 19:50:22: Val - Source 99, acc: 1.0000, avg acc: 1.0000, cls loss: 0.0006
09-09-26 19:50:23: Eval(no-train) - Target 99, acc: 0.9048, avg acc: 0.8696, cls loss: 0.4235  <- domain gap indicator (DA-0 baseline)
09-09-26 19:50:23: Best model at epoch 6, source val acc 1.0000
09-09-26 19:50:23: FINAL target (Pheno4D held-out) test accuracy: 0.8889, avg acc: 0.8478, loss: 0.2595
09-09-26 19:50:23: Confusion matrix (rows=true, cols=pred, order=['Tomato', 'Maize']):
[[40  0]
 [ 7 16]]
09-09-26 19:50:23: Per-class precision/recall/F1 on target test:
              precision    recall  f1-score   support

      Tomato     0.8511    1.0000    0.9195        40
       Maize     1.0000    0.6957    0.8205        23

    accuracy                         0.8889        63
   macro avg     0.9255    0.8478    0.8700        63
weighted avg     0.9054    0.8889    0.8834        63

