11-09-26 12:36:37: Namespace(exp_name='C1_dgcnn_da0_clsseg', out_path='/home/pearl/25m0301/plant3d-thesis/results', epochs=100, batch_size=32, test_batch_size=32, lr=0.001, wd=5e-05, dropout=0.5, seed=1, gpu=0)
11-09-26 12:36:38: Using GPU 0: NVIDIA A100-SXM4-80GB
11-09-26 12:36:40: Crops3D train: 263 {'Tomato': 71, 'Maize': 192}
11-09-26 12:36:40: Crops3D val:   45 {'Tomato': 12, 'Maize': 33}
11-09-26 12:36:40: Pheno4D held-out eval (target, never trained on, cls-only): 63 {'Tomato': 40, 'Maize': 23}
11-09-26 12:36:42: L_cls class weights (w_c=(f_c+eps)^-1, normalized): {'Tomato': 1.4600751399993896, 'Maize': 0.5399248600006104}
11-09-26 12:36:42: L_seg class weights for Tomato (counts=[59711, 228589, 2516]): [0.12004272639751434, 0.031357139348983765, 2.848600149154663]
11-09-26 12:36:42: L_seg class weights for Maize (counts=[105103, 53541, 475303, 3874, 3443, 145168]): [0.09747688472270966, 0.19134941697120667, 0.021555034443736076, 2.6440656185150146, 2.974978446960449, 0.0705743357539177]
11-09-26 12:37:35: Trn - Source 0, cls loss: 0.3932, seg loss: 2.3646, kendall s_cls: -0.0010, s_seg: 0.0080
11-09-26 12:37:36: Val - Source 0, cls acc: 0.7333, cls avg acc: 0.5000, cls loss: 0.7244, seg loss: 2.3971, total loss: 3.1067
11-09-26 12:37:36: Val - Source 0, Tomato seg: loss=1.6776, mIoU=0.0064, acc=0.0193
11-09-26 12:37:36: Val - Source 0, Maize seg: loss=2.6588, mIoU=0.0002, acc=0.0013
11-09-26 12:37:37: Eval(no-train) - Target 0, acc: 0.3651, avg acc: 0.5000, cls loss: 1.5516  <- domain gap indicator (DA-0 baseline, cls-only)
11-09-26 12:37:40: Trn - Source 1, cls loss: 0.1624, seg loss: 2.1963, kendall s_cls: -0.0084, s_seg: 0.0158
11-09-26 12:37:41: Val - Source 1, cls acc: 0.7333, cls avg acc: 0.5000, cls loss: 0.9655, seg loss: 2.3585, total loss: 3.2988
11-09-26 12:37:41: Val - Source 1, Tomato seg: loss=1.7576, mIoU=0.0064, acc=0.0193
11-09-26 12:37:41: Val - Source 1, Maize seg: loss=2.5771, mIoU=0.0017, acc=0.0057
11-09-26 12:37:41: Eval(no-train) - Target 1, acc: 0.3651, avg acc: 0.5000, cls loss: 2.5469  <- domain gap indicator (DA-0 baseline, cls-only)
11-09-26 12:37:45: Trn - Source 2, cls loss: 0.0979, seg loss: 1.9916, kendall s_cls: -0.0168, s_seg: 0.0235
11-09-26 12:37:45: Val - Source 2, cls acc: 0.7333, cls avg acc: 0.5000, cls loss: 1.0899, seg loss: 2.3075, total loss: 3.3658
11-09-26 12:37:45: Val - Source 2, Tomato seg: loss=1.8977, mIoU=0.0064, acc=0.0193
11-09-26 12:37:45: Val - Source 2, Maize seg: loss=2.4566, mIoU=0.0019, acc=0.0057
11-09-26 12:37:46: Eval(no-train) - Target 2, acc: 0.3651, avg acc: 0.5000, cls loss: 2.6994  <- domain gap indicator (DA-0 baseline, cls-only)
11-09-26 12:37:49: Trn - Source 3, cls loss: 0.1331, seg loss: 1.9591, kendall s_cls: -0.0252, s_seg: 0.0308
11-09-26 12:37:50: Val - Source 3, cls acc: 0.8889, cls avg acc: 0.7917, cls loss: 0.2199, seg loss: 2.3581, total loss: 2.5149
11-09-26 12:37:50: Val - Source 3, Tomato seg: loss=1.7778, mIoU=0.0064, acc=0.0193
11-09-26 12:37:50: Val - Source 3, Maize seg: loss=2.5691, mIoU=0.0079, acc=0.0156
11-09-26 12:37:50: Eval(no-train) - Target 3, acc: 0.7302, avg acc: 0.7875, cls loss: 0.5193  <- domain gap indicator (DA-0 baseline, cls-only)
11-09-26 12:37:54: Trn - Source 4, cls loss: 0.1127, seg loss: 1.8253, kendall s_cls: -0.0335, s_seg: 0.0379
11-09-26 12:37:54: Val - Source 4, cls acc: 0.8444, cls avg acc: 0.7083, cls loss: 0.3711, seg loss: 2.3045, total loss: 2.6049
11-09-26 12:37:54: Val - Source 4, Tomato seg: loss=1.6399, mIoU=0.0197, acc=0.0512
11-09-26 12:37:54: Val - Source 4, Maize seg: loss=2.5462, mIoU=0.0095, acc=0.0257
11-09-26 12:37:55: Eval(no-train) - Target 4, acc: 0.7302, avg acc: 0.7690, cls loss: 0.5029  <- domain gap indicator (DA-0 baseline, cls-only)
11-09-26 12:37:58: Trn - Source 5, cls loss: 0.0812, seg loss: 1.7495, kendall s_cls: -0.0421, s_seg: 0.0446
11-09-26 12:37:59: Val - Source 5, cls acc: 0.8889, cls avg acc: 0.7917, cls loss: 0.3184, seg loss: 2.2672, total loss: 2.5016
11-09-26 12:37:59: Val - Source 5, Tomato seg: loss=1.6065, mIoU=0.0670, acc=0.1532
11-09-26 12:37:59: Val - Source 5, Maize seg: loss=2.5074, mIoU=0.0264, acc=0.0639
11-09-26 12:37:59: Eval(no-train) - Target 5, acc: 0.8730, avg acc: 0.8630, cls loss: 0.3043  <- domain gap indicator (DA-0 baseline, cls-only)
11-09-26 12:38:02: Trn - Source 6, cls loss: 0.1175, seg loss: 1.7627, kendall s_cls: -0.0506, s_seg: 0.0512
11-09-26 12:38:03: Val - Source 6, cls acc: 0.9556, cls avg acc: 0.9167, cls loss: 0.0977, seg loss: 1.9927, total loss: 1.9962
11-09-26 12:38:03: Val - Source 6, Tomato seg: loss=1.5071, mIoU=0.1395, acc=0.3308
11-09-26 12:38:03: Val - Source 6, Maize seg: loss=2.1693, mIoU=0.0640, acc=0.1794
11-09-26 12:38:04: Eval(no-train) - Target 6, acc: 0.9206, avg acc: 0.8913, cls loss: 0.2955  <- domain gap indicator (DA-0 baseline, cls-only)
11-09-26 12:38:07: Trn - Source 7, cls loss: 0.0833, seg loss: 1.6839, kendall s_cls: -0.0591, s_seg: 0.0577
11-09-26 12:38:08: Val - Source 7, cls acc: 0.9778, cls avg acc: 0.9583, cls loss: 0.0613, seg loss: 1.7245, total loss: 1.6921
11-09-26 12:38:08: Val - Source 7, Tomato seg: loss=1.6222, mIoU=0.0773, acc=0.1841
11-09-26 12:38:08: Val - Source 7, Maize seg: loss=1.7617, mIoU=0.1425, acc=0.3846
11-09-26 12:38:08: Eval(no-train) - Target 7, acc: 0.8571, avg acc: 0.8598, cls loss: 0.2921  <- domain gap indicator (DA-0 baseline, cls-only)
11-09-26 12:38:11: Trn - Source 8, cls loss: 0.0648, seg loss: 1.6772, kendall s_cls: -0.0676, s_seg: 0.0640
11-09-26 12:38:12: Val - Source 8, cls acc: 1.0000, cls avg acc: 1.0000, cls loss: 0.0182, seg loss: 1.6829, total loss: 1.5962
11-09-26 12:38:12: Val - Source 8, Tomato seg: loss=1.2697, mIoU=0.2144, acc=0.4871
11-09-26 12:38:12: Val - Source 8, Maize seg: loss=1.8331, mIoU=0.1441, acc=0.4019
11-09-26 12:38:13: Eval(no-train) - Target 8, acc: 0.8889, avg acc: 0.8478, cls loss: 0.8041  <- domain gap indicator (DA-0 baseline, cls-only)
11-09-26 12:38:16: Trn - Source 9, cls loss: 0.0451, seg loss: 1.6432, kendall s_cls: -0.0763, s_seg: 0.0702
11-09-26 12:38:17: Val - Source 9, cls acc: 1.0000, cls avg acc: 1.0000, cls loss: 0.0209, seg loss: 1.9435, total loss: 1.8312
11-09-26 12:38:17: Val - Source 9, Tomato seg: loss=1.2759, mIoU=0.2198, acc=0.4841
11-09-26 12:38:17: Val - Source 9, Maize seg: loss=2.1862, mIoU=0.1027, acc=0.2948
11-09-26 12:38:17: Eval(no-train) - Target 9, acc: 0.9048, avg acc: 0.8696, cls loss: 0.5868  <- domain gap indicator (DA-0 baseline, cls-only)
11-09-26 12:38:20: Trn - Source 10, cls loss: 0.0869, seg loss: 1.6463, kendall s_cls: -0.0848, s_seg: 0.0764
11-09-26 12:38:21: Val - Source 10, cls acc: 1.0000, cls avg acc: 1.0000, cls loss: 0.0109, seg loss: 1.5341, total loss: 1.4290
11-09-26 12:38:21: Val - Source 10, Tomato seg: loss=1.2496, mIoU=0.2541, acc=0.5808
11-09-26 12:38:21: Val - Source 10, Maize seg: loss=1.6376, mIoU=0.1635, acc=0.4190
11-09-26 12:38:22: Eval(no-train) - Target 10, acc: 0.8730, avg acc: 0.8261, cls loss: 1.0093  <- domain gap indicator (DA-0 baseline, cls-only)
11-09-26 12:38:25: Trn - Source 11, cls loss: 0.0699, seg loss: 1.6425, kendall s_cls: -0.0929, s_seg: 0.0826
11-09-26 12:38:25: Val - Source 11, cls acc: 1.0000, cls avg acc: 1.0000, cls loss: 0.0369, seg loss: 1.6694, total loss: 1.5723
11-09-26 12:38:25: Val - Source 11, Tomato seg: loss=1.6509, mIoU=0.0724, acc=0.1905
11-09-26 12:38:25: Val - Source 11, Maize seg: loss=1.6761, mIoU=0.1657, acc=0.4663
11-09-26 12:38:26: Eval(no-train) - Target 11, acc: 0.9048, avg acc: 0.8696, cls loss: 0.6709  <- domain gap indicator (DA-0 baseline, cls-only)
11-09-26 12:38:29: Trn - Source 12, cls loss: 0.0410, seg loss: 1.6233, kendall s_cls: -0.1012, s_seg: 0.0888
11-09-26 12:38:30: Val - Source 12, cls acc: 0.7333, cls avg acc: 0.5530, cls loss: 0.5144, seg loss: 1.9647, total loss: 2.3608
11-09-26 12:38:30: Val - Source 12, Tomato seg: loss=1.9678, mIoU=0.0081, acc=0.0232
11-09-26 12:38:30: Val - Source 12, Maize seg: loss=1.9636, mIoU=0.0985, acc=0.2605
11-09-26 12:38:31: Eval(no-train) - Target 12, acc: 0.6508, avg acc: 0.7158, cls loss: 0.7065  <- domain gap indicator (DA-0 baseline, cls-only)
11-09-26 12:38:34: Trn - Source 13, cls loss: 0.1706, seg loss: 1.6634, kendall s_cls: -0.1088, s_seg: 0.0949
11-09-26 12:38:34: Val - Source 13, cls acc: 1.0000, cls avg acc: 1.0000, cls loss: 0.0217, seg loss: 1.9052, total loss: 1.7499
11-09-26 12:38:34: Val - Source 13, Tomato seg: loss=1.3933, mIoU=0.2582, acc=0.6971
11-09-26 12:38:34: Val - Source 13, Maize seg: loss=2.0913, mIoU=0.0910, acc=0.2748
11-09-26 12:38:35: Eval(no-train) - Target 13, acc: 0.8730, avg acc: 0.8261, cls loss: 1.3446  <- domain gap indicator (DA-0 baseline, cls-only)
11-09-26 12:38:38: Trn - Source 14, cls loss: 0.0674, seg loss: 1.6106, kendall s_cls: -0.1161, s_seg: 0.1009
11-09-26 12:38:39: Val - Source 14, cls acc: 1.0000, cls avg acc: 1.0000, cls loss: 0.0260, seg loss: 1.7287, total loss: 1.5843
11-09-26 12:38:39: Val - Source 14, Tomato seg: loss=1.2591, mIoU=0.2402, acc=0.6026
11-09-26 12:38:39: Val - Source 14, Maize seg: loss=1.8994, mIoU=0.1187, acc=0.3401
11-09-26 12:38:39: Eval(no-train) - Target 14, acc: 0.8730, avg acc: 0.8261, cls loss: 0.8880  <- domain gap indicator (DA-0 baseline, cls-only)
11-09-26 12:38:43: Trn - Source 15, cls loss: 0.0364, seg loss: 1.5849, kendall s_cls: -0.1240, s_seg: 0.1069
11-09-26 12:38:43: Val - Source 15, cls acc: 1.0000, cls avg acc: 1.0000, cls loss: 0.0164, seg loss: 1.7096, total loss: 1.5463
11-09-26 12:38:43: Val - Source 15, Tomato seg: loss=1.3177, mIoU=0.1685, acc=0.3870
11-09-26 12:38:43: Val - Source 15, Maize seg: loss=1.8521, mIoU=0.1537, acc=0.4499
11-09-26 12:38:44: Eval(no-train) - Target 15, acc: 0.8571, avg acc: 0.8136, cls loss: 0.7446  <- domain gap indicator (DA-0 baseline, cls-only)
11-09-26 12:38:47: Trn - Source 16, cls loss: 0.0476, seg loss: 1.6101, kendall s_cls: -0.1320, s_seg: 0.1127
11-09-26 12:38:48: Val - Source 16, cls acc: 1.0000, cls avg acc: 1.0000, cls loss: 0.0108, seg loss: 1.4460, total loss: 1.2946
11-09-26 12:38:48: Val - Source 16, Tomato seg: loss=1.3467, mIoU=0.2760, acc=0.6270
11-09-26 12:38:48: Val - Source 16, Maize seg: loss=1.4821, mIoU=0.2149, acc=0.5935
11-09-26 12:38:48: Eval(no-train) - Target 16, acc: 0.8571, avg acc: 0.8136, cls loss: 1.0471  <- domain gap indicator (DA-0 baseline, cls-only)
11-09-26 12:38:52: Trn - Source 17, cls loss: 0.0315, seg loss: 1.5429, kendall s_cls: -0.1402, s_seg: 0.1184
11-09-26 12:38:52: Val - Source 17, cls acc: 1.0000, cls avg acc: 1.0000, cls loss: 0.0065, seg loss: 1.5745, total loss: 1.3952
11-09-26 12:38:52: Val - Source 17, Tomato seg: loss=1.3207, mIoU=0.2367, acc=0.5560
11-09-26 12:38:52: Val - Source 17, Maize seg: loss=1.6668, mIoU=0.1796, acc=0.5010
11-09-26 12:38:53: Eval(no-train) - Target 17, acc: 0.8730, avg acc: 0.8261, cls loss: 0.9448  <- domain gap indicator (DA-0 baseline, cls-only)
11-09-26 12:38:56: Trn - Source 18, cls loss: 0.0478, seg loss: 1.5384, kendall s_cls: -0.1483, s_seg: 0.1239
11-09-26 12:38:57: Val - Source 18, cls acc: 0.9778, cls avg acc: 0.9583, cls loss: 0.0392, seg loss: 1.9631, total loss: 1.7676
11-09-26 12:38:57: Val - Source 18, Tomato seg: loss=1.6388, mIoU=0.0569, acc=0.1281
11-09-26 12:38:57: Val - Source 18, Maize seg: loss=2.0811, mIoU=0.1019, acc=0.2942
11-09-26 12:38:57: Eval(no-train) - Target 18, acc: 0.8730, avg acc: 0.8446, cls loss: 0.5175  <- domain gap indicator (DA-0 baseline, cls-only)
11-09-26 12:39:00: Trn - Source 19, cls loss: 0.0541, seg loss: 1.6297, kendall s_cls: -0.1561, s_seg: 0.1295
11-09-26 12:39:01: Val - Source 19, cls acc: 0.9333, cls avg acc: 0.8750, cls loss: 0.0866, seg loss: 1.9095, total loss: 1.7655
11-09-26 12:39:01: Val - Source 19, Tomato seg: loss=1.6685, mIoU=0.0412, acc=0.0877
11-09-26 12:39:01: Val - Source 19, Maize seg: loss=1.9972, mIoU=0.1368, acc=0.3613
11-09-26 12:39:02: Eval(no-train) - Target 19, acc: 0.9206, avg acc: 0.9005, cls loss: 0.3931  <- domain gap indicator (DA-0 baseline, cls-only)
11-09-26 12:39:05: Trn - Source 20, cls loss: 0.0387, seg loss: 1.5210, kendall s_cls: -0.1638, s_seg: 0.1352
11-09-26 12:39:05: Val - Source 20, cls acc: 1.0000, cls avg acc: 1.0000, cls loss: 0.0023, seg loss: 1.3364, total loss: 1.1558
11-09-26 12:39:05: Val - Source 20, Tomato seg: loss=1.2857, mIoU=0.2183, acc=0.4962
11-09-26 12:39:05: Val - Source 20, Maize seg: loss=1.3548, mIoU=0.2125, acc=0.5893
11-09-26 12:39:06: Eval(no-train) - Target 20, acc: 0.9048, avg acc: 0.8696, cls loss: 0.8652  <- domain gap indicator (DA-0 baseline, cls-only)
11-09-26 12:39:09: Trn - Source 21, cls loss: 0.0424, seg loss: 1.4732, kendall s_cls: -0.1714, s_seg: 0.1405
11-09-26 12:39:10: Val - Source 21, cls acc: 1.0000, cls avg acc: 1.0000, cls loss: 0.0253, seg loss: 1.4851, total loss: 1.3050
11-09-26 12:39:10: Val - Source 21, Tomato seg: loss=1.4768, mIoU=0.1378, acc=0.2938
11-09-26 12:39:10: Val - Source 21, Maize seg: loss=1.4881, mIoU=0.2050, acc=0.6055
11-09-26 12:39:11: Eval(no-train) - Target 21, acc: 0.9048, avg acc: 0.8696, cls loss: 0.4849  <- domain gap indicator (DA-0 baseline, cls-only)
11-09-26 12:39:14: Trn - Source 22, cls loss: 0.0500, seg loss: 1.5009, kendall s_cls: -0.1789, s_seg: 0.1455
11-09-26 12:39:14: Val - Source 22, cls acc: 0.9778, cls avg acc: 0.9583, cls loss: 0.0592, seg loss: 1.4643, total loss: 1.3200
11-09-26 12:39:14: Val - Source 22, Tomato seg: loss=1.4985, mIoU=0.1229, acc=0.2502
11-09-26 12:39:14: Val - Source 22, Maize seg: loss=1.4518, mIoU=0.2234, acc=0.6329
11-09-26 12:39:15: Eval(no-train) - Target 22, acc: 0.8889, avg acc: 0.8478, cls loss: 0.8795  <- domain gap indicator (DA-0 baseline, cls-only)
11-09-26 12:39:18: Trn - Source 23, cls loss: 0.0561, seg loss: 1.4923, kendall s_cls: -0.1863, s_seg: 0.1506
11-09-26 12:39:19: Val - Source 23, cls acc: 1.0000, cls avg acc: 1.0000, cls loss: 0.0042, seg loss: 1.8324, total loss: 1.5634
11-09-26 12:39:19: Val - Source 23, Tomato seg: loss=2.0252, mIoU=0.3204, acc=0.7321
11-09-26 12:39:19: Val - Source 23, Maize seg: loss=1.7623, mIoU=0.1413, acc=0.4102
11-09-26 12:39:19: Eval(no-train) - Target 23, acc: 0.8730, avg acc: 0.8261, cls loss: 1.6836  <- domain gap indicator (DA-0 baseline, cls-only)
11-09-26 12:39:23: Trn - Source 24, cls loss: 0.0624, seg loss: 1.4790, kendall s_cls: -0.1932, s_seg: 0.1555
11-09-26 12:39:23: Val - Source 24, cls acc: 0.9778, cls avg acc: 0.9583, cls loss: 0.0462, seg loss: 1.4994, total loss: 1.3207
11-09-26 12:39:23: Val - Source 24, Tomato seg: loss=1.2694, mIoU=0.2318, acc=0.5288
11-09-26 12:39:23: Val - Source 24, Maize seg: loss=1.5831, mIoU=0.1884, acc=0.5384
11-09-26 12:39:24: Eval(no-train) - Target 24, acc: 0.8254, avg acc: 0.7978, cls loss: 0.6377  <- domain gap indicator (DA-0 baseline, cls-only)
11-09-26 12:39:27: Trn - Source 25, cls loss: 0.0520, seg loss: 1.5640, kendall s_cls: -0.2002, s_seg: 0.1605
11-09-26 12:39:28: Val - Source 25, cls acc: 1.0000, cls avg acc: 1.0000, cls loss: 0.0069, seg loss: 1.4161, total loss: 1.1946
11-09-26 12:39:28: Val - Source 25, Tomato seg: loss=1.3113, mIoU=0.2555, acc=0.6349
11-09-26 12:39:28: Val - Source 25, Maize seg: loss=1.4542, mIoU=0.2169, acc=0.6143
11-09-26 12:39:28: Eval(no-train) - Target 25, acc: 0.8889, avg acc: 0.8478, cls loss: 1.0485  <- domain gap indicator (DA-0 baseline, cls-only)
11-09-26 12:39:32: Trn - Source 26, cls loss: 0.0333, seg loss: 1.4620, kendall s_cls: -0.2073, s_seg: 0.1654
11-09-26 12:39:32: Val - Source 26, cls acc: 1.0000, cls avg acc: 1.0000, cls loss: 0.0065, seg loss: 1.4030, total loss: 1.1762
11-09-26 12:39:32: Val - Source 26, Tomato seg: loss=1.2670, mIoU=0.2162, acc=0.4650
11-09-26 12:39:32: Val - Source 26, Maize seg: loss=1.4525, mIoU=0.1984, acc=0.5607
11-09-26 12:39:33: Eval(no-train) - Target 26, acc: 0.9048, avg acc: 0.8696, cls loss: 0.7962  <- domain gap indicator (DA-0 baseline, cls-only)
11-09-26 12:39:36: Trn - Source 27, cls loss: 0.0662, seg loss: 1.4678, kendall s_cls: -0.2142, s_seg: 0.1702
11-09-26 12:39:37: Val - Source 27, cls acc: 0.9778, cls avg acc: 0.9583, cls loss: 0.0303, seg loss: 1.5414, total loss: 1.3157
11-09-26 12:39:37: Val - Source 27, Tomato seg: loss=1.3131, mIoU=0.2049, acc=0.4132
11-09-26 12:39:37: Val - Source 27, Maize seg: loss=1.6244, mIoU=0.1620, acc=0.4674
11-09-26 12:39:37: Eval(no-train) - Target 27, acc: 0.8254, avg acc: 0.8163, cls loss: 0.6376  <- domain gap indicator (DA-0 baseline, cls-only)
11-09-26 12:39:40: Trn - Source 28, cls loss: 0.0271, seg loss: 1.4881, kendall s_cls: -0.2209, s_seg: 0.1749
11-09-26 12:39:41: Val - Source 28, cls acc: 0.9111, cls avg acc: 0.8333, cls loss: 0.2068, seg loss: 1.4293, total loss: 1.4349
11-09-26 12:39:41: Val - Source 28, Tomato seg: loss=1.5643, mIoU=0.0404, acc=0.0854
11-09-26 12:39:41: Val - Source 28, Maize seg: loss=1.3802, mIoU=0.2271, acc=0.6301
11-09-26 12:39:42: Eval(no-train) - Target 28, acc: 0.8571, avg acc: 0.8413, cls loss: 0.4877  <- domain gap indicator (DA-0 baseline, cls-only)
11-09-26 12:39:45: Trn - Source 29, cls loss: 0.0765, seg loss: 1.4418, kendall s_cls: -0.2274, s_seg: 0.1794
11-09-26 12:39:45: Val - Source 29, cls acc: 0.9111, cls avg acc: 0.8333, cls loss: 0.2810, seg loss: 1.4304, total loss: 1.5242
11-09-26 12:39:45: Val - Source 29, Tomato seg: loss=1.6040, mIoU=0.0798, acc=0.1868
11-09-26 12:39:45: Val - Source 29, Maize seg: loss=1.3672, mIoU=0.2260, acc=0.6182
11-09-26 12:39:46: Eval(no-train) - Target 29, acc: 0.8730, avg acc: 0.8446, cls loss: 0.4914  <- domain gap indicator (DA-0 baseline, cls-only)
11-09-26 12:39:49: Trn - Source 30, cls loss: 0.0302, seg loss: 1.4447, kendall s_cls: -0.2339, s_seg: 0.1839
11-09-26 12:39:50: Val - Source 30, cls acc: 1.0000, cls avg acc: 1.0000, cls loss: 0.0230, seg loss: 1.5968, total loss: 1.3327
11-09-26 12:39:50: Val - Source 30, Tomato seg: loss=1.3326, mIoU=0.2280, acc=0.5115
11-09-26 12:39:50: Val - Source 30, Maize seg: loss=1.6928, mIoU=0.1745, acc=0.5115
11-09-26 12:39:51: Eval(no-train) - Target 30, acc: 0.8889, avg acc: 0.8478, cls loss: 0.9697  <- domain gap indicator (DA-0 baseline, cls-only)
11-09-26 12:39:54: Trn - Source 31, cls loss: 0.0403, seg loss: 1.4607, kendall s_cls: -0.2405, s_seg: 0.1882
11-09-26 12:39:54: Val - Source 31, cls acc: 0.9778, cls avg acc: 0.9583, cls loss: 0.0300, seg loss: 1.6034, total loss: 1.3404
11-09-26 12:39:54: Val - Source 31, Tomato seg: loss=1.2947, mIoU=0.2424, acc=0.5624
11-09-26 12:39:54: Val - Source 31, Maize seg: loss=1.7157, mIoU=0.1687, acc=0.5181
11-09-26 12:39:55: Eval(no-train) - Target 31, acc: 0.9048, avg acc: 0.8696, cls loss: 0.7495  <- domain gap indicator (DA-0 baseline, cls-only)
11-09-26 12:39:58: Trn - Source 32, cls loss: 0.0296, seg loss: 1.4481, kendall s_cls: -0.2470, s_seg: 0.1924
11-09-26 12:39:59: Val - Source 32, cls acc: 0.9778, cls avg acc: 0.9583, cls loss: 0.0528, seg loss: 1.5773, total loss: 1.3416
11-09-26 12:39:59: Val - Source 32, Tomato seg: loss=1.2326, mIoU=0.2443, acc=0.5330
11-09-26 12:39:59: Val - Source 32, Maize seg: loss=1.7027, mIoU=0.1680, acc=0.4877
11-09-26 12:39:59: Eval(no-train) - Target 32, acc: 0.8889, avg acc: 0.8571, cls loss: 0.7627  <- domain gap indicator (DA-0 baseline, cls-only)
11-09-26 12:40:03: Trn - Source 33, cls loss: 0.0118, seg loss: 1.3817, kendall s_cls: -0.2535, s_seg: 0.1965
11-09-26 12:40:03: Val - Source 33, cls acc: 1.0000, cls avg acc: 1.0000, cls loss: 0.0179, seg loss: 1.3907, total loss: 1.1371
11-09-26 12:40:03: Val - Source 33, Tomato seg: loss=1.2641, mIoU=0.2338, acc=0.4860
11-09-26 12:40:03: Val - Source 33, Maize seg: loss=1.4367, mIoU=0.2053, acc=0.5488
11-09-26 12:40:04: Eval(no-train) - Target 33, acc: 0.8413, avg acc: 0.8196, cls loss: 0.8268  <- domain gap indicator (DA-0 baseline, cls-only)
11-09-26 12:40:07: Trn - Source 34, cls loss: 0.0172, seg loss: 1.4499, kendall s_cls: -0.2600, s_seg: 0.2004
11-09-26 12:40:08: Val - Source 34, cls acc: 1.0000, cls avg acc: 1.0000, cls loss: 0.0040, seg loss: 1.2574, total loss: 1.0044
11-09-26 12:40:08: Val - Source 34, Tomato seg: loss=1.2328, mIoU=0.3095, acc=0.7115
11-09-26 12:40:08: Val - Source 34, Maize seg: loss=1.2664, mIoU=0.2579, acc=0.7133
11-09-26 12:40:08: Eval(no-train) - Target 34, acc: 0.8730, avg acc: 0.8353, cls loss: 0.8225  <- domain gap indicator (DA-0 baseline, cls-only)
11-09-26 12:40:12: Trn - Source 35, cls loss: 0.0120, seg loss: 1.4091, kendall s_cls: -0.2664, s_seg: 0.2044
11-09-26 12:40:12: Val - Source 35, cls acc: 1.0000, cls avg acc: 1.0000, cls loss: 0.0015, seg loss: 1.3143, total loss: 1.0423
11-09-26 12:40:12: Val - Source 35, Tomato seg: loss=1.2422, mIoU=0.3329, acc=0.7424
11-09-26 12:40:12: Val - Source 35, Maize seg: loss=1.3406, mIoU=0.2316, acc=0.6468
11-09-26 12:40:13: Eval(no-train) - Target 35, acc: 0.8413, avg acc: 0.8196, cls loss: 0.7422  <- domain gap indicator (DA-0 baseline, cls-only)
11-09-26 12:40:16: Trn - Source 36, cls loss: 0.1362, seg loss: 1.4551, kendall s_cls: -0.2718, s_seg: 0.2082
11-09-26 12:40:17: Val - Source 36, cls acc: 1.0000, cls avg acc: 1.0000, cls loss: 0.0036, seg loss: 1.3168, total loss: 1.0422
11-09-26 12:40:17: Val - Source 36, Tomato seg: loss=1.4046, mIoU=0.1406, acc=0.2957
11-09-26 12:40:17: Val - Source 36, Maize seg: loss=1.2848, mIoU=0.2213, acc=0.5907
11-09-26 12:40:17: Eval(no-train) - Target 36, acc: 0.6667, avg acc: 0.7005, cls loss: 0.9398  <- domain gap indicator (DA-0 baseline, cls-only)
11-09-26 12:40:21: Trn - Source 37, cls loss: 0.0341, seg loss: 1.4351, kendall s_cls: -0.2771, s_seg: 0.2121
11-09-26 12:40:21: Val - Source 37, cls acc: 1.0000, cls avg acc: 1.0000, cls loss: 0.0106, seg loss: 1.3237, total loss: 1.0522
11-09-26 12:40:21: Val - Source 37, Tomato seg: loss=1.3051, mIoU=0.2066, acc=0.4524
11-09-26 12:40:21: Val - Source 37, Maize seg: loss=1.3305, mIoU=0.2142, acc=0.5739
11-09-26 12:40:22: Eval(no-train) - Target 37, acc: 0.8730, avg acc: 0.8353, cls loss: 0.8473  <- domain gap indicator (DA-0 baseline, cls-only)
11-09-26 12:40:25: Trn - Source 38, cls loss: 0.0123, seg loss: 1.3918, kendall s_cls: -0.2827, s_seg: 0.2158
11-09-26 12:40:26: Val - Source 38, cls acc: 1.0000, cls avg acc: 1.0000, cls loss: 0.0125, seg loss: 1.4299, total loss: 1.1354
11-09-26 12:40:26: Val - Source 38, Tomato seg: loss=1.2985, mIoU=0.2193, acc=0.5012
11-09-26 12:40:26: Val - Source 38, Maize seg: loss=1.4777, mIoU=0.2061, acc=0.5608
11-09-26 12:40:26: Eval(no-train) - Target 38, acc: 0.8730, avg acc: 0.8261, cls loss: 1.2143  <- domain gap indicator (DA-0 baseline, cls-only)
11-09-26 12:40:29: Trn - Source 39, cls loss: 0.0565, seg loss: 1.4983, kendall s_cls: -0.2883, s_seg: 0.2195
11-09-26 12:40:30: Val - Source 39, cls acc: 1.0000, cls avg acc: 1.0000, cls loss: 0.0121, seg loss: 1.4945, total loss: 1.1817
11-09-26 12:40:30: Val - Source 39, Tomato seg: loss=1.7601, mIoU=0.1505, acc=0.3398
11-09-26 12:40:30: Val - Source 39, Maize seg: loss=1.3979, mIoU=0.2113, acc=0.6101
11-09-26 12:40:31: Eval(no-train) - Target 39, acc: 0.9048, avg acc: 0.8880, cls loss: 0.5189  <- domain gap indicator (DA-0 baseline, cls-only)
11-09-26 12:40:34: Trn - Source 40, cls loss: 0.0360, seg loss: 1.3976, kendall s_cls: -0.2936, s_seg: 0.2232
11-09-26 12:40:34: Val - Source 40, cls acc: 0.9778, cls avg acc: 0.9583, cls loss: 0.0966, seg loss: 1.3952, total loss: 1.2105
11-09-26 12:40:34: Val - Source 40, Tomato seg: loss=1.6511, mIoU=0.2703, acc=0.5807
11-09-26 12:40:34: Val - Source 40, Maize seg: loss=1.3022, mIoU=0.2635, acc=0.6890
11-09-26 12:40:35: Eval(no-train) - Target 40, acc: 0.7143, avg acc: 0.7380, cls loss: 0.6564  <- domain gap indicator (DA-0 baseline, cls-only)
11-09-26 12:40:38: Trn - Source 41, cls loss: 0.0179, seg loss: 1.4452, kendall s_cls: -0.2989, s_seg: 0.2267
11-09-26 12:40:39: Val - Source 41, cls acc: 1.0000, cls avg acc: 1.0000, cls loss: 0.0059, seg loss: 1.3106, total loss: 1.0167
11-09-26 12:40:39: Val - Source 41, Tomato seg: loss=1.2755, mIoU=0.2512, acc=0.5071
11-09-26 12:40:39: Val - Source 41, Maize seg: loss=1.3234, mIoU=0.2513, acc=0.6434
11-09-26 12:40:39: Eval(no-train) - Target 41, acc: 0.7143, avg acc: 0.7380, cls loss: 0.6649  <- domain gap indicator (DA-0 baseline, cls-only)
11-09-26 12:40:43: Trn - Source 42, cls loss: 0.0282, seg loss: 1.4240, kendall s_cls: -0.3041, s_seg: 0.2301
11-09-26 12:40:43: Val - Source 42, cls acc: 1.0000, cls avg acc: 1.0000, cls loss: 0.0123, seg loss: 1.3105, total loss: 1.0208
11-09-26 12:40:43: Val - Source 42, Tomato seg: loss=1.2544, mIoU=0.2256, acc=0.4831
11-09-26 12:40:43: Val - Source 42, Maize seg: loss=1.3309, mIoU=0.2341, acc=0.6433
11-09-26 12:40:44: Eval(no-train) - Target 42, acc: 0.8413, avg acc: 0.8196, cls loss: 0.5263  <- domain gap indicator (DA-0 baseline, cls-only)
11-09-26 12:40:47: Trn - Source 43, cls loss: 0.0076, seg loss: 1.3852, kendall s_cls: -0.3093, s_seg: 0.2334
11-09-26 12:40:48: Val - Source 43, cls acc: 0.9778, cls avg acc: 0.9583, cls loss: 0.0427, seg loss: 1.3018, total loss: 1.0510
11-09-26 12:40:48: Val - Source 43, Tomato seg: loss=1.1760, mIoU=0.2719, acc=0.5882
11-09-26 12:40:48: Val - Source 43, Maize seg: loss=1.3475, mIoU=0.2214, acc=0.5901
11-09-26 12:40:48: Eval(no-train) - Target 43, acc: 0.8889, avg acc: 0.8571, cls loss: 0.6100  <- domain gap indicator (DA-0 baseline, cls-only)
11-09-26 12:40:52: Trn - Source 44, cls loss: 0.0148, seg loss: 1.3605, kendall s_cls: -0.3144, s_seg: 0.2365
11-09-26 12:40:52: Val - Source 44, cls acc: 1.0000, cls avg acc: 1.0000, cls loss: 0.0059, seg loss: 1.2429, total loss: 0.9502
11-09-26 12:40:52: Val - Source 44, Tomato seg: loss=1.1772, mIoU=0.2947, acc=0.6267
11-09-26 12:40:52: Val - Source 44, Maize seg: loss=1.2668, mIoU=0.2562, acc=0.6742
11-09-26 12:40:53: Eval(no-train) - Target 44, acc: 0.8889, avg acc: 0.8571, cls loss: 0.6032  <- domain gap indicator (DA-0 baseline, cls-only)
11-09-26 12:40:56: Trn - Source 45, cls loss: 0.0368, seg loss: 1.3525, kendall s_cls: -0.3193, s_seg: 0.2395
11-09-26 12:40:57: Val - Source 45, cls acc: 1.0000, cls avg acc: 1.0000, cls loss: 0.0039, seg loss: 1.2955, total loss: 0.9850
11-09-26 12:40:57: Val - Source 45, Tomato seg: loss=1.4180, mIoU=0.1718, acc=0.3850
11-09-26 12:40:57: Val - Source 45, Maize seg: loss=1.2509, mIoU=0.2482, acc=0.6611
11-09-26 12:40:57: Eval(no-train) - Target 45, acc: 0.7619, avg acc: 0.7571, cls loss: 0.6211  <- domain gap indicator (DA-0 baseline, cls-only)
11-09-26 12:41:00: Trn - Source 46, cls loss: 0.0538, seg loss: 1.3367, kendall s_cls: -0.3240, s_seg: 0.2423
11-09-26 12:41:01: Val - Source 46, cls acc: 1.0000, cls avg acc: 1.0000, cls loss: 0.0170, seg loss: 1.4973, total loss: 1.1577
11-09-26 12:41:01: Val - Source 46, Tomato seg: loss=1.6046, mIoU=0.1101, acc=0.2619
11-09-26 12:41:01: Val - Source 46, Maize seg: loss=1.4582, mIoU=0.2113, acc=0.5705
11-09-26 12:41:02: Eval(no-train) - Target 46, acc: 0.6349, avg acc: 0.6571, cls loss: 1.0181  <- domain gap indicator (DA-0 baseline, cls-only)
11-09-26 12:41:05: Trn - Source 47, cls loss: 0.0280, seg loss: 1.4003, kendall s_cls: -0.3283, s_seg: 0.2450
11-09-26 12:41:06: Val - Source 47, cls acc: 1.0000, cls avg acc: 1.0000, cls loss: 0.0172, seg loss: 1.3924, total loss: 1.0720
11-09-26 12:41:06: Val - Source 47, Tomato seg: loss=1.1164, mIoU=0.2838, acc=0.6429
11-09-26 12:41:06: Val - Source 47, Maize seg: loss=1.4928, mIoU=0.2061, acc=0.5589
11-09-26 12:41:06: Eval(no-train) - Target 47, acc: 0.8730, avg acc: 0.8261, cls loss: 1.7536  <- domain gap indicator (DA-0 baseline, cls-only)
11-09-26 12:41:09: Trn - Source 48, cls loss: 0.0416, seg loss: 1.3169, kendall s_cls: -0.3326, s_seg: 0.2477
11-09-26 12:41:10: Val - Source 48, cls acc: 0.9778, cls avg acc: 0.9583, cls loss: 0.0457, seg loss: 1.4857, total loss: 1.1810
11-09-26 12:41:10: Val - Source 48, Tomato seg: loss=1.1831, mIoU=0.3105, acc=0.7581
11-09-26 12:41:10: Val - Source 48, Maize seg: loss=1.5957, mIoU=0.1843, acc=0.4875
11-09-26 12:41:11: Eval(no-train) - Target 48, acc: 0.8730, avg acc: 0.8446, cls loss: 1.2383  <- domain gap indicator (DA-0 baseline, cls-only)
11-09-26 12:41:14: Trn - Source 49, cls loss: 0.0495, seg loss: 1.3495, kendall s_cls: -0.3367, s_seg: 0.2503
11-09-26 12:41:14: Val - Source 49, cls acc: 1.0000, cls avg acc: 1.0000, cls loss: 0.0030, seg loss: 1.2247, total loss: 0.9144
11-09-26 12:41:14: Val - Source 49, Tomato seg: loss=1.1435, mIoU=0.2755, acc=0.5842
11-09-26 12:41:14: Val - Source 49, Maize seg: loss=1.2542, mIoU=0.2483, acc=0.6425
11-09-26 12:41:15: Eval(no-train) - Target 49, acc: 0.7460, avg acc: 0.7446, cls loss: 0.9982  <- domain gap indicator (DA-0 baseline, cls-only)
11-09-26 12:41:18: Trn - Source 50, cls loss: 0.0414, seg loss: 1.3504, kendall s_cls: -0.3406, s_seg: 0.2528
11-09-26 12:41:19: Val - Source 50, cls acc: 1.0000, cls avg acc: 1.0000, cls loss: 0.0037, seg loss: 1.1916, total loss: 0.8868
11-09-26 12:41:19: Val - Source 50, Tomato seg: loss=1.1950, mIoU=0.2181, acc=0.4698
11-09-26 12:41:19: Val - Source 50, Maize seg: loss=1.1904, mIoU=0.2599, acc=0.6921
11-09-26 12:41:20: Eval(no-train) - Target 50, acc: 0.6825, avg acc: 0.7038, cls loss: 1.2210  <- domain gap indicator (DA-0 baseline, cls-only)
11-09-26 12:41:23: Trn - Source 51, cls loss: 0.0268, seg loss: 1.3768, kendall s_cls: -0.3445, s_seg: 0.2553
11-09-26 12:41:23: Val - Source 51, cls acc: 0.9778, cls avg acc: 0.9583, cls loss: 0.0477, seg loss: 1.1947, total loss: 0.9482
11-09-26 12:41:23: Val - Source 51, Tomato seg: loss=1.1696, mIoU=0.2821, acc=0.6071
11-09-26 12:41:23: Val - Source 51, Maize seg: loss=1.2038, mIoU=0.2814, acc=0.7234
11-09-26 12:41:24: Eval(no-train) - Target 51, acc: 0.6349, avg acc: 0.6663, cls loss: 1.2375  <- domain gap indicator (DA-0 baseline, cls-only)
11-09-26 12:41:27: Trn - Source 52, cls loss: 0.0211, seg loss: 1.3131, kendall s_cls: -0.3484, s_seg: 0.2576
11-09-26 12:41:28: Val - Source 52, cls acc: 1.0000, cls avg acc: 1.0000, cls loss: 0.0287, seg loss: 1.2449, total loss: 0.9574
11-09-26 12:41:28: Val - Source 52, Tomato seg: loss=1.2308, mIoU=0.2595, acc=0.5338
11-09-26 12:41:28: Val - Source 52, Maize seg: loss=1.2500, mIoU=0.2768, acc=0.6998
11-09-26 12:41:29: Eval(no-train) - Target 52, acc: 0.6508, avg acc: 0.6788, cls loss: 1.2199  <- domain gap indicator (DA-0 baseline, cls-only)
11-09-26 12:41:32: Trn - Source 53, cls loss: 0.0239, seg loss: 1.3401, kendall s_cls: -0.3521, s_seg: 0.2599
11-09-26 12:41:32: Val - Source 53, cls acc: 0.9556, cls avg acc: 0.9167, cls loss: 0.1193, seg loss: 1.2905, total loss: 1.1187
11-09-26 12:41:32: Val - Source 53, Tomato seg: loss=1.4472, mIoU=0.1714, acc=0.3648
11-09-26 12:41:32: Val - Source 53, Maize seg: loss=1.2335, mIoU=0.2604, acc=0.6924
11-09-26 12:41:33: Eval(no-train) - Target 53, acc: 0.7460, avg acc: 0.7538, cls loss: 0.7792  <- domain gap indicator (DA-0 baseline, cls-only)
11-09-26 12:41:36: Trn - Source 54, cls loss: 0.0101, seg loss: 1.2806, kendall s_cls: -0.3558, s_seg: 0.2620
11-09-26 12:41:37: Val - Source 54, cls acc: 1.0000, cls avg acc: 1.0000, cls loss: 0.0038, seg loss: 1.1625, total loss: 0.8531
11-09-26 12:41:37: Val - Source 54, Tomato seg: loss=1.2276, mIoU=0.2697, acc=0.5576
11-09-26 12:41:37: Val - Source 54, Maize seg: loss=1.1389, mIoU=0.2916, acc=0.7226
11-09-26 12:41:37: Eval(no-train) - Target 54, acc: 0.7619, avg acc: 0.7571, cls loss: 0.8357  <- domain gap indicator (DA-0 baseline, cls-only)
11-09-26 12:41:41: Trn - Source 55, cls loss: 0.0391, seg loss: 1.2898, kendall s_cls: -0.3593, s_seg: 0.2640
11-09-26 12:41:41: Val - Source 55, cls acc: 1.0000, cls avg acc: 1.0000, cls loss: 0.0054, seg loss: 1.1605, total loss: 0.8513
11-09-26 12:41:41: Val - Source 55, Tomato seg: loss=1.1711, mIoU=0.2850, acc=0.5885
11-09-26 12:41:41: Val - Source 55, Maize seg: loss=1.1567, mIoU=0.2736, acc=0.6907
11-09-26 12:41:42: Eval(no-train) - Target 55, acc: 0.7937, avg acc: 0.7728, cls loss: 1.0195  <- domain gap indicator (DA-0 baseline, cls-only)
11-09-26 12:41:45: Trn - Source 56, cls loss: 0.0375, seg loss: 1.3058, kendall s_cls: -0.3626, s_seg: 0.2659
11-09-26 12:41:46: Val - Source 56, cls acc: 1.0000, cls avg acc: 1.0000, cls loss: 0.0022, seg loss: 1.1355, total loss: 0.8252
11-09-26 12:41:46: Val - Source 56, Tomato seg: loss=1.1551, mIoU=0.3077, acc=0.6736
11-09-26 12:41:46: Val - Source 56, Maize seg: loss=1.1284, mIoU=0.2907, acc=0.7186
11-09-26 12:41:46: Eval(no-train) - Target 56, acc: 0.8730, avg acc: 0.8261, cls loss: 1.0794  <- domain gap indicator (DA-0 baseline, cls-only)
11-09-26 12:41:50: Trn - Source 57, cls loss: 0.0371, seg loss: 1.2846, kendall s_cls: -0.3657, s_seg: 0.2678
11-09-26 12:41:50: Val - Source 57, cls acc: 1.0000, cls avg acc: 1.0000, cls loss: 0.0063, seg loss: 1.1265, total loss: 0.8220
11-09-26 12:41:50: Val - Source 57, Tomato seg: loss=1.1345, mIoU=0.3023, acc=0.6528
11-09-26 12:41:50: Val - Source 57, Maize seg: loss=1.1236, mIoU=0.2960, acc=0.7311
11-09-26 12:41:51: Eval(no-train) - Target 57, acc: 0.8889, avg acc: 0.8571, cls loss: 0.5828  <- domain gap indicator (DA-0 baseline, cls-only)
11-09-26 12:41:54: Trn - Source 58, cls loss: 0.0164, seg loss: 1.2941, kendall s_cls: -0.3688, s_seg: 0.2695
11-09-26 12:41:55: Val - Source 58, cls acc: 1.0000, cls avg acc: 1.0000, cls loss: 0.0028, seg loss: 1.1456, total loss: 0.8293
11-09-26 12:41:55: Val - Source 58, Tomato seg: loss=1.1852, mIoU=0.2179, acc=0.4778
11-09-26 12:41:55: Val - Source 58, Maize seg: loss=1.1311, mIoU=0.2892, acc=0.7183
11-09-26 12:41:55: Eval(no-train) - Target 58, acc: 0.8730, avg acc: 0.8446, cls loss: 0.5761  <- domain gap indicator (DA-0 baseline, cls-only)
11-09-26 12:41:59: Trn - Source 59, cls loss: 0.0107, seg loss: 1.2520, kendall s_cls: -0.3719, s_seg: 0.2712
11-09-26 12:41:59: Val - Source 59, cls acc: 1.0000, cls avg acc: 1.0000, cls loss: 0.0024, seg loss: 1.1043, total loss: 0.7951
11-09-26 12:41:59: Val - Source 59, Tomato seg: loss=1.1331, mIoU=0.2159, acc=0.4727
11-09-26 12:41:59: Val - Source 59, Maize seg: loss=1.0938, mIoU=0.2936, acc=0.7175
11-09-26 12:42:00: Eval(no-train) - Target 59, acc: 0.8889, avg acc: 0.8571, cls loss: 0.6096  <- domain gap indicator (DA-0 baseline, cls-only)
11-09-26 12:42:03: Trn - Source 60, cls loss: 0.0558, seg loss: 1.2614, kendall s_cls: -0.3747, s_seg: 0.2728
11-09-26 12:42:04: Val - Source 60, cls acc: 1.0000, cls avg acc: 1.0000, cls loss: 0.0011, seg loss: 1.1451, total loss: 0.8224
11-09-26 12:42:04: Val - Source 60, Tomato seg: loss=1.0682, mIoU=0.3198, acc=0.6854
11-09-26 12:42:04: Val - Source 60, Maize seg: loss=1.1730, mIoU=0.2816, acc=0.6919
11-09-26 12:42:04: Eval(no-train) - Target 60, acc: 0.8571, avg acc: 0.8321, cls loss: 0.7694  <- domain gap indicator (DA-0 baseline, cls-only)
11-09-26 12:42:08: Trn - Source 61, cls loss: 0.0089, seg loss: 1.2728, kendall s_cls: -0.3774, s_seg: 0.2743
11-09-26 12:42:08: Val - Source 61, cls acc: 1.0000, cls avg acc: 1.0000, cls loss: 0.0055, seg loss: 1.1547, total loss: 0.8342
11-09-26 12:42:08: Val - Source 61, Tomato seg: loss=1.1060, mIoU=0.3080, acc=0.6824
11-09-26 12:42:08: Val - Source 61, Maize seg: loss=1.1724, mIoU=0.2874, acc=0.7140
11-09-26 12:42:09: Eval(no-train) - Target 61, acc: 0.8254, avg acc: 0.8071, cls loss: 0.7672  <- domain gap indicator (DA-0 baseline, cls-only)
11-09-26 12:42:12: Trn - Source 62, cls loss: 0.0228, seg loss: 1.2419, kendall s_cls: -0.3800, s_seg: 0.2757
11-09-26 12:42:13: Val - Source 62, cls acc: 0.9778, cls avg acc: 0.9583, cls loss: 0.0184, seg loss: 1.1578, total loss: 0.8536
11-09-26 12:42:13: Val - Source 62, Tomato seg: loss=1.1418, mIoU=0.2828, acc=0.6035
11-09-26 12:42:13: Val - Source 62, Maize seg: loss=1.1636, mIoU=0.2918, acc=0.7296
11-09-26 12:42:13: Eval(no-train) - Target 62, acc: 0.7937, avg acc: 0.7821, cls loss: 0.8577  <- domain gap indicator (DA-0 baseline, cls-only)
11-09-26 12:42:16: Trn - Source 63, cls loss: 0.0056, seg loss: 1.2310, kendall s_cls: -0.3825, s_seg: 0.2770
11-09-26 12:42:17: Val - Source 63, cls acc: 0.9778, cls avg acc: 0.9583, cls loss: 0.0235, seg loss: 1.1191, total loss: 0.8301
11-09-26 12:42:17: Val - Source 63, Tomato seg: loss=1.1546, mIoU=0.2779, acc=0.5803
11-09-26 12:42:17: Val - Source 63, Maize seg: loss=1.1062, mIoU=0.3050, acc=0.7449
11-09-26 12:42:18: Eval(no-train) - Target 63, acc: 0.7619, avg acc: 0.7571, cls loss: 0.9477  <- domain gap indicator (DA-0 baseline, cls-only)
11-09-26 12:42:21: Trn - Source 64, cls loss: 0.0047, seg loss: 1.2929, kendall s_cls: -0.3850, s_seg: 0.2783
11-09-26 12:42:21: Val - Source 64, cls acc: 1.0000, cls avg acc: 1.0000, cls loss: 0.0058, seg loss: 1.1237, total loss: 0.8059
11-09-26 12:42:21: Val - Source 64, Tomato seg: loss=1.1391, mIoU=0.2999, acc=0.6213
11-09-26 12:42:21: Val - Source 64, Maize seg: loss=1.1181, mIoU=0.2923, acc=0.7122
11-09-26 12:42:22: Eval(no-train) - Target 64, acc: 0.7619, avg acc: 0.7571, cls loss: 0.9595  <- domain gap indicator (DA-0 baseline, cls-only)
11-09-26 12:42:25: Trn - Source 65, cls loss: 0.0063, seg loss: 1.2267, kendall s_cls: -0.3874, s_seg: 0.2796
11-09-26 12:42:26: Val - Source 65, cls acc: 1.0000, cls avg acc: 1.0000, cls loss: 0.0056, seg loss: 1.1670, total loss: 0.8367
11-09-26 12:42:26: Val - Source 65, Tomato seg: loss=1.1576, mIoU=0.2765, acc=0.5957
11-09-26 12:42:26: Val - Source 65, Maize seg: loss=1.1705, mIoU=0.2765, acc=0.6876
11-09-26 12:42:27: Eval(no-train) - Target 65, acc: 0.7778, avg acc: 0.7696, cls loss: 0.9462  <- domain gap indicator (DA-0 baseline, cls-only)
11-09-26 12:42:30: Trn - Source 66, cls loss: 0.0668, seg loss: 1.2224, kendall s_cls: -0.3895, s_seg: 0.2807
11-09-26 12:42:30: Val - Source 66, cls acc: 1.0000, cls avg acc: 1.0000, cls loss: 0.0158, seg loss: 1.1435, total loss: 0.8325
11-09-26 12:42:30: Val - Source 66, Tomato seg: loss=1.1523, mIoU=0.2744, acc=0.5862
11-09-26 12:42:30: Val - Source 66, Maize seg: loss=1.1403, mIoU=0.2943, acc=0.7098
11-09-26 12:42:31: Eval(no-train) - Target 66, acc: 0.7619, avg acc: 0.7478, cls loss: 1.0236  <- domain gap indicator (DA-0 baseline, cls-only)
11-09-26 12:42:34: Trn - Source 67, cls loss: 0.0125, seg loss: 1.2921, kendall s_cls: -0.3915, s_seg: 0.2819
11-09-26 12:42:35: Val - Source 67, cls acc: 1.0000, cls avg acc: 1.0000, cls loss: 0.0032, seg loss: 1.0835, total loss: 0.7673
11-09-26 12:42:35: Val - Source 67, Tomato seg: loss=1.0987, mIoU=0.3081, acc=0.6457
11-09-26 12:42:35: Val - Source 67, Maize seg: loss=1.0780, mIoU=0.2881, acc=0.7243
11-09-26 12:42:35: Eval(no-train) - Target 67, acc: 0.7302, avg acc: 0.7321, cls loss: 1.1219  <- domain gap indicator (DA-0 baseline, cls-only)
11-09-26 12:42:39: Trn - Source 68, cls loss: 0.0052, seg loss: 1.1931, kendall s_cls: -0.3934, s_seg: 0.2829
11-09-26 12:42:39: Val - Source 68, cls acc: 1.0000, cls avg acc: 1.0000, cls loss: 0.0127, seg loss: 1.0403, total loss: 0.7476
11-09-26 12:42:39: Val - Source 68, Tomato seg: loss=1.0758, mIoU=0.3094, acc=0.6383
11-09-26 12:42:39: Val - Source 68, Maize seg: loss=1.0274, mIoU=0.3147, acc=0.7515
11-09-26 12:42:40: Eval(no-train) - Target 68, acc: 0.6984, avg acc: 0.7071, cls loss: 1.1800  <- domain gap indicator (DA-0 baseline, cls-only)
11-09-26 12:42:43: Trn - Source 69, cls loss: 0.0193, seg loss: 1.2407, kendall s_cls: -0.3952, s_seg: 0.2839
11-09-26 12:42:44: Val - Source 69, cls acc: 1.0000, cls avg acc: 1.0000, cls loss: 0.0138, seg loss: 1.0778, total loss: 0.7763
11-09-26 12:42:44: Val - Source 69, Tomato seg: loss=1.0910, mIoU=0.3046, acc=0.6239
11-09-26 12:42:44: Val - Source 69, Maize seg: loss=1.0730, mIoU=0.3189, acc=0.7419
11-09-26 12:42:44: Eval(no-train) - Target 69, acc: 0.7143, avg acc: 0.7196, cls loss: 1.1297  <- domain gap indicator (DA-0 baseline, cls-only)
11-09-26 12:42:48: Trn - Source 70, cls loss: 0.0058, seg loss: 1.2045, kendall s_cls: -0.3970, s_seg: 0.2848
11-09-26 12:42:48: Val - Source 70, cls acc: 0.9778, cls avg acc: 0.9583, cls loss: 0.0363, seg loss: 1.1530, total loss: 0.8651
11-09-26 12:42:48: Val - Source 70, Tomato seg: loss=1.1078, mIoU=0.3080, acc=0.6318
11-09-26 12:42:48: Val - Source 70, Maize seg: loss=1.1694, mIoU=0.2945, acc=0.7100
11-09-26 12:42:49: Eval(no-train) - Target 70, acc: 0.7302, avg acc: 0.7321, cls loss: 0.9694  <- domain gap indicator (DA-0 baseline, cls-only)
11-09-26 12:42:52: Trn - Source 71, cls loss: 0.0268, seg loss: 1.2047, kendall s_cls: -0.3986, s_seg: 0.2856
11-09-26 12:42:53: Val - Source 71, cls acc: 1.0000, cls avg acc: 1.0000, cls loss: 0.0043, seg loss: 1.1723, total loss: 0.8310
11-09-26 12:42:53: Val - Source 71, Tomato seg: loss=1.0940, mIoU=0.3184, acc=0.6898
11-09-26 12:42:53: Val - Source 71, Maize seg: loss=1.2007, mIoU=0.2893, acc=0.6973
11-09-26 12:42:53: Eval(no-train) - Target 71, acc: 0.7460, avg acc: 0.7446, cls loss: 0.9792  <- domain gap indicator (DA-0 baseline, cls-only)
11-09-26 12:42:57: Trn - Source 72, cls loss: 0.0104, seg loss: 1.2229, kendall s_cls: -0.4001, s_seg: 0.2864
11-09-26 12:42:57: Val - Source 72, cls acc: 1.0000, cls avg acc: 1.0000, cls loss: 0.0008, seg loss: 1.0597, total loss: 0.7401
11-09-26 12:42:57: Val - Source 72, Tomato seg: loss=1.1160, mIoU=0.3034, acc=0.6412
11-09-26 12:42:57: Val - Source 72, Maize seg: loss=1.0392, mIoU=0.3265, acc=0.7734
11-09-26 12:42:58: Eval(no-train) - Target 72, acc: 0.7619, avg acc: 0.7571, cls loss: 0.9278  <- domain gap indicator (DA-0 baseline, cls-only)
11-09-26 12:43:01: Trn - Source 73, cls loss: 0.0125, seg loss: 1.1955, kendall s_cls: -0.4015, s_seg: 0.2871
11-09-26 12:43:02: Val - Source 73, cls acc: 1.0000, cls avg acc: 1.0000, cls loss: 0.0004, seg loss: 1.0614, total loss: 0.7399
11-09-26 12:43:02: Val - Source 73, Tomato seg: loss=1.1317, mIoU=0.2745, acc=0.5790
11-09-26 12:43:02: Val - Source 73, Maize seg: loss=1.0358, mIoU=0.3173, acc=0.7659
11-09-26 12:43:02: Eval(no-train) - Target 73, acc: 0.8095, avg acc: 0.7946, cls loss: 0.8708  <- domain gap indicator (DA-0 baseline, cls-only)
11-09-26 12:43:06: Trn - Source 74, cls loss: 0.0057, seg loss: 1.2268, kendall s_cls: -0.4028, s_seg: 0.2878
11-09-26 12:43:06: Val - Source 74, cls acc: 1.0000, cls avg acc: 1.0000, cls loss: 0.0013, seg loss: 1.0460, total loss: 0.7288
11-09-26 12:43:06: Val - Source 74, Tomato seg: loss=1.1036, mIoU=0.2857, acc=0.5956
11-09-26 12:43:06: Val - Source 74, Maize seg: loss=1.0250, mIoU=0.3318, acc=0.7616
11-09-26 12:43:07: Eval(no-train) - Target 74, acc: 0.8095, avg acc: 0.7946, cls loss: 0.8850  <- domain gap indicator (DA-0 baseline, cls-only)
11-09-26 12:43:10: Trn - Source 75, cls loss: 0.0082, seg loss: 1.1817, kendall s_cls: -0.4041, s_seg: 0.2885
11-09-26 12:43:11: Val - Source 75, cls acc: 1.0000, cls avg acc: 1.0000, cls loss: 0.0007, seg loss: 1.0464, total loss: 0.7275
11-09-26 12:43:11: Val - Source 75, Tomato seg: loss=1.0763, mIoU=0.3150, acc=0.6419
11-09-26 12:43:11: Val - Source 75, Maize seg: loss=1.0356, mIoU=0.3197, acc=0.7452
11-09-26 12:43:11: Eval(no-train) - Target 75, acc: 0.7937, avg acc: 0.7821, cls loss: 0.9174  <- domain gap indicator (DA-0 baseline, cls-only)
11-09-26 12:43:15: Trn - Source 76, cls loss: 0.0045, seg loss: 1.1675, kendall s_cls: -0.4052, s_seg: 0.2890
11-09-26 12:43:15: Val - Source 76, cls acc: 1.0000, cls avg acc: 1.0000, cls loss: 0.0104, seg loss: 1.0311, total loss: 0.7297
11-09-26 12:43:15: Val - Source 76, Tomato seg: loss=1.0881, mIoU=0.3098, acc=0.6403
11-09-26 12:43:15: Val - Source 76, Maize seg: loss=1.0103, mIoU=0.3333, acc=0.7642
11-09-26 12:43:16: Eval(no-train) - Target 76, acc: 0.7937, avg acc: 0.7821, cls loss: 0.9230  <- domain gap indicator (DA-0 baseline, cls-only)
11-09-26 12:43:19: Trn - Source 77, cls loss: 0.0127, seg loss: 1.1705, kendall s_cls: -0.4063, s_seg: 0.2896
11-09-26 12:43:20: Val - Source 77, cls acc: 0.9778, cls avg acc: 0.9583, cls loss: 0.0226, seg loss: 1.0511, total loss: 0.7623
11-09-26 12:43:20: Val - Source 77, Tomato seg: loss=1.1029, mIoU=0.3027, acc=0.6331
11-09-26 12:43:20: Val - Source 77, Maize seg: loss=1.0322, mIoU=0.3357, acc=0.7675
11-09-26 12:43:20: Eval(no-train) - Target 77, acc: 0.8095, avg acc: 0.7946, cls loss: 0.9251  <- domain gap indicator (DA-0 baseline, cls-only)
11-09-26 12:43:23: Trn - Source 78, cls loss: 0.0105, seg loss: 1.1893, kendall s_cls: -0.4073, s_seg: 0.2900
11-09-26 12:43:24: Val - Source 78, cls acc: 1.0000, cls avg acc: 1.0000, cls loss: 0.0014, seg loss: 1.0358, total loss: 0.7185
11-09-26 12:43:24: Val - Source 78, Tomato seg: loss=1.1025, mIoU=0.3070, acc=0.6356
11-09-26 12:43:24: Val - Source 78, Maize seg: loss=1.0115, mIoU=0.3284, acc=0.7552
11-09-26 12:43:25: Eval(no-train) - Target 78, acc: 0.7619, avg acc: 0.7571, cls loss: 0.9243  <- domain gap indicator (DA-0 baseline, cls-only)
11-09-26 12:43:28: Trn - Source 79, cls loss: 0.0049, seg loss: 1.2069, kendall s_cls: -0.4082, s_seg: 0.2905
11-09-26 12:43:28: Val - Source 79, cls acc: 1.0000, cls avg acc: 1.0000, cls loss: 0.0012, seg loss: 1.0480, total loss: 0.7267
11-09-26 12:43:28: Val - Source 79, Tomato seg: loss=1.0861, mIoU=0.3145, acc=0.6463
11-09-26 12:43:28: Val - Source 79, Maize seg: loss=1.0342, mIoU=0.3217, acc=0.7466
11-09-26 12:43:29: Eval(no-train) - Target 79, acc: 0.7619, avg acc: 0.7571, cls loss: 0.9171  <- domain gap indicator (DA-0 baseline, cls-only)
11-09-26 12:43:32: Trn - Source 80, cls loss: 0.0216, seg loss: 1.2325, kendall s_cls: -0.4090, s_seg: 0.2909
11-09-26 12:43:33: Val - Source 80, cls acc: 1.0000, cls avg acc: 1.0000, cls loss: 0.0004, seg loss: 1.0411, total loss: 0.7199
11-09-26 12:43:33: Val - Source 80, Tomato seg: loss=1.0768, mIoU=0.3298, acc=0.6734
11-09-26 12:43:33: Val - Source 80, Maize seg: loss=1.0281, mIoU=0.3277, acc=0.7495
11-09-26 12:43:34: Eval(no-train) - Target 80, acc: 0.7619, avg acc: 0.7571, cls loss: 0.8798  <- domain gap indicator (DA-0 baseline, cls-only)
11-09-26 12:43:37: Trn - Source 81, cls loss: 0.0130, seg loss: 1.1898, kendall s_cls: -0.4097, s_seg: 0.2913
11-09-26 12:43:37: Val - Source 81, cls acc: 1.0000, cls avg acc: 1.0000, cls loss: 0.0005, seg loss: 1.0499, total loss: 0.7262
11-09-26 12:43:37: Val - Source 81, Tomato seg: loss=1.0977, mIoU=0.3211, acc=0.6553
11-09-26 12:43:37: Val - Source 81, Maize seg: loss=1.0325, mIoU=0.3226, acc=0.7439
11-09-26 12:43:38: Eval(no-train) - Target 81, acc: 0.7778, avg acc: 0.7696, cls loss: 0.8721  <- domain gap indicator (DA-0 baseline, cls-only)
11-09-26 12:43:41: Trn - Source 82, cls loss: 0.0025, seg loss: 1.1832, kendall s_cls: -0.4103, s_seg: 0.2917
11-09-26 12:43:42: Val - Source 82, cls acc: 1.0000, cls avg acc: 1.0000, cls loss: 0.0005, seg loss: 1.0333, total loss: 0.7133
11-09-26 12:43:42: Val - Source 82, Tomato seg: loss=1.0926, mIoU=0.3131, acc=0.6416
11-09-26 12:43:42: Val - Source 82, Maize seg: loss=1.0117, mIoU=0.3324, acc=0.7540
11-09-26 12:43:42: Eval(no-train) - Target 82, acc: 0.7778, avg acc: 0.7696, cls loss: 0.9184  <- domain gap indicator (DA-0 baseline, cls-only)
11-09-26 12:43:46: Trn - Source 83, cls loss: 0.0037, seg loss: 1.2313, kendall s_cls: -0.4109, s_seg: 0.2920
11-09-26 12:43:46: Val - Source 83, cls acc: 1.0000, cls avg acc: 1.0000, cls loss: 0.0004, seg loss: 1.0306, total loss: 0.7108
11-09-26 12:43:46: Val - Source 83, Tomato seg: loss=1.0876, mIoU=0.3190, acc=0.6556
11-09-26 12:43:46: Val - Source 83, Maize seg: loss=1.0098, mIoU=0.3341, acc=0.7542
11-09-26 12:43:47: Eval(no-train) - Target 83, acc: 0.7460, avg acc: 0.7446, cls loss: 0.9642  <- domain gap indicator (DA-0 baseline, cls-only)
11-09-26 12:43:50: Trn - Source 84, cls loss: 0.0092, seg loss: 1.1917, kendall s_cls: -0.4115, s_seg: 0.2923
11-09-26 12:43:51: Val - Source 84, cls acc: 1.0000, cls avg acc: 1.0000, cls loss: 0.0007, seg loss: 1.0190, total loss: 0.7021
11-09-26 12:43:51: Val - Source 84, Tomato seg: loss=1.0907, mIoU=0.3162, acc=0.6492
11-09-26 12:43:51: Val - Source 84, Maize seg: loss=0.9929, mIoU=0.3389, acc=0.7638
11-09-26 12:43:51: Eval(no-train) - Target 84, acc: 0.7460, avg acc: 0.7446, cls loss: 0.9603  <- domain gap indicator (DA-0 baseline, cls-only)
11-09-26 12:43:55: Trn - Source 85, cls loss: 0.0065, seg loss: 1.1851, kendall s_cls: -0.4119, s_seg: 0.2925
11-09-26 12:43:55: Val - Source 85, cls acc: 1.0000, cls avg acc: 1.0000, cls loss: 0.0005, seg loss: 1.0137, total loss: 0.6976
11-09-26 12:43:55: Val - Source 85, Tomato seg: loss=1.0893, mIoU=0.3111, acc=0.6410
11-09-26 12:43:55: Val - Source 85, Maize seg: loss=0.9862, mIoU=0.3412, acc=0.7702
11-09-26 12:43:56: Eval(no-train) - Target 85, acc: 0.7460, avg acc: 0.7446, cls loss: 0.9498  <- domain gap indicator (DA-0 baseline, cls-only)
11-09-26 12:43:59: Trn - Source 86, cls loss: 0.0071, seg loss: 1.1700, kendall s_cls: -0.4123, s_seg: 0.2927
11-09-26 12:44:00: Val - Source 86, cls acc: 1.0000, cls avg acc: 1.0000, cls loss: 0.0004, seg loss: 1.0124, total loss: 0.6963
11-09-26 12:44:00: Val - Source 86, Tomato seg: loss=1.0878, mIoU=0.3094, acc=0.6379
11-09-26 12:44:00: Val - Source 86, Maize seg: loss=0.9850, mIoU=0.3398, acc=0.7691
11-09-26 12:44:00: Eval(no-train) - Target 86, acc: 0.7619, avg acc: 0.7571, cls loss: 0.9823  <- domain gap indicator (DA-0 baseline, cls-only)
11-09-26 12:44:04: Trn - Source 87, cls loss: 0.0037, seg loss: 1.1583, kendall s_cls: -0.4127, s_seg: 0.2929
11-09-26 12:44:04: Val - Source 87, cls acc: 1.0000, cls avg acc: 1.0000, cls loss: 0.0004, seg loss: 1.0144, total loss: 0.6976
11-09-26 12:44:04: Val - Source 87, Tomato seg: loss=1.1015, mIoU=0.3090, acc=0.6381
11-09-26 12:44:04: Val - Source 87, Maize seg: loss=0.9827, mIoU=0.3411, acc=0.7691
11-09-26 12:44:05: Eval(no-train) - Target 87, acc: 0.7619, avg acc: 0.7571, cls loss: 0.9553  <- domain gap indicator (DA-0 baseline, cls-only)
11-09-26 12:44:08: Trn - Source 88, cls loss: 0.0133, seg loss: 1.1653, kendall s_cls: -0.4130, s_seg: 0.2930
11-09-26 12:44:09: Val - Source 88, cls acc: 1.0000, cls avg acc: 1.0000, cls loss: 0.0004, seg loss: 1.0133, total loss: 0.6966
11-09-26 12:44:09: Val - Source 88, Tomato seg: loss=1.0989, mIoU=0.3097, acc=0.6397
11-09-26 12:44:09: Val - Source 88, Maize seg: loss=0.9822, mIoU=0.3416, acc=0.7680
11-09-26 12:44:09: Eval(no-train) - Target 88, acc: 0.7460, avg acc: 0.7446, cls loss: 0.9814  <- domain gap indicator (DA-0 baseline, cls-only)
11-09-26 12:44:13: Trn - Source 89, cls loss: 0.0060, seg loss: 1.1605, kendall s_cls: -0.4132, s_seg: 0.2932
11-09-26 12:44:13: Val - Source 89, cls acc: 1.0000, cls avg acc: 1.0000, cls loss: 0.0004, seg loss: 1.0122, total loss: 0.6956
11-09-26 12:44:13: Val - Source 89, Tomato seg: loss=1.0803, mIoU=0.3128, acc=0.6434
11-09-26 12:44:13: Val - Source 89, Maize seg: loss=0.9874, mIoU=0.3403, acc=0.7667
11-09-26 12:44:14: Eval(no-train) - Target 89, acc: 0.7460, avg acc: 0.7446, cls loss: 0.9642  <- domain gap indicator (DA-0 baseline, cls-only)
11-09-26 12:44:17: Trn - Source 90, cls loss: 0.0145, seg loss: 1.1925, kendall s_cls: -0.4134, s_seg: 0.2933
11-09-26 12:44:18: Val - Source 90, cls acc: 1.0000, cls avg acc: 1.0000, cls loss: 0.0004, seg loss: 1.0094, total loss: 0.6934
11-09-26 12:44:18: Val - Source 90, Tomato seg: loss=1.0782, mIoU=0.3141, acc=0.6472
11-09-26 12:44:18: Val - Source 90, Maize seg: loss=0.9844, mIoU=0.3426, acc=0.7712
11-09-26 12:44:18: Eval(no-train) - Target 90, acc: 0.7460, avg acc: 0.7446, cls loss: 0.9562  <- domain gap indicator (DA-0 baseline, cls-only)
11-09-26 12:44:22: Trn - Source 91, cls loss: 0.0145, seg loss: 1.1416, kendall s_cls: -0.4136, s_seg: 0.2934
11-09-26 12:44:22: Val - Source 91, cls acc: 1.0000, cls avg acc: 1.0000, cls loss: 0.0004, seg loss: 1.0085, total loss: 0.6926
11-09-26 12:44:22: Val - Source 91, Tomato seg: loss=1.0744, mIoU=0.3119, acc=0.6432
11-09-26 12:44:22: Val - Source 91, Maize seg: loss=0.9846, mIoU=0.3423, acc=0.7701
11-09-26 12:44:23: Eval(no-train) - Target 91, acc: 0.7778, avg acc: 0.7696, cls loss: 0.9460  <- domain gap indicator (DA-0 baseline, cls-only)
11-09-26 12:44:26: Trn - Source 92, cls loss: 0.0031, seg loss: 1.1388, kendall s_cls: -0.4137, s_seg: 0.2934
11-09-26 12:44:27: Val - Source 92, cls acc: 1.0000, cls avg acc: 1.0000, cls loss: 0.0005, seg loss: 1.0062, total loss: 0.6910
11-09-26 12:44:27: Val - Source 92, Tomato seg: loss=1.0709, mIoU=0.3110, acc=0.6413
11-09-26 12:44:27: Val - Source 92, Maize seg: loss=0.9826, mIoU=0.3421, acc=0.7688
11-09-26 12:44:27: Eval(no-train) - Target 92, acc: 0.7619, avg acc: 0.7571, cls loss: 0.9598  <- domain gap indicator (DA-0 baseline, cls-only)
11-09-26 12:44:31: Trn - Source 93, cls loss: 0.0026, seg loss: 1.1189, kendall s_cls: -0.4138, s_seg: 0.2935
11-09-26 12:44:31: Val - Source 93, cls acc: 1.0000, cls avg acc: 1.0000, cls loss: 0.0005, seg loss: 1.0055, total loss: 0.6904
11-09-26 12:44:31: Val - Source 93, Tomato seg: loss=1.0702, mIoU=0.3174, acc=0.6539
11-09-26 12:44:31: Val - Source 93, Maize seg: loss=0.9819, mIoU=0.3437, acc=0.7702
11-09-26 12:44:32: Eval(no-train) - Target 93, acc: 0.7460, avg acc: 0.7446, cls loss: 0.9882  <- domain gap indicator (DA-0 baseline, cls-only)
11-09-26 12:44:35: Trn - Source 94, cls loss: 0.0093, seg loss: 1.1933, kendall s_cls: -0.4139, s_seg: 0.2935
11-09-26 12:44:36: Val - Source 94, cls acc: 1.0000, cls avg acc: 1.0000, cls loss: 0.0006, seg loss: 1.0103, total loss: 0.6940
11-09-26 12:44:36: Val - Source 94, Tomato seg: loss=1.0643, mIoU=0.3211, acc=0.6593
11-09-26 12:44:36: Val - Source 94, Maize seg: loss=0.9907, mIoU=0.3411, acc=0.7650
11-09-26 12:44:36: Eval(no-train) - Target 94, acc: 0.7460, avg acc: 0.7446, cls loss: 0.9727  <- domain gap indicator (DA-0 baseline, cls-only)
11-09-26 12:44:39: Trn - Source 95, cls loss: 0.0040, seg loss: 1.1468, kendall s_cls: -0.4139, s_seg: 0.2935
11-09-26 12:44:40: Val - Source 95, cls acc: 1.0000, cls avg acc: 1.0000, cls loss: 0.0005, seg loss: 1.0006, total loss: 0.6866
11-09-26 12:44:40: Val - Source 95, Tomato seg: loss=1.0577, mIoU=0.3248, acc=0.6645
11-09-26 12:44:40: Val - Source 95, Maize seg: loss=0.9798, mIoU=0.3427, acc=0.7698
11-09-26 12:44:41: Eval(no-train) - Target 95, acc: 0.7460, avg acc: 0.7446, cls loss: 0.9845  <- domain gap indicator (DA-0 baseline, cls-only)
11-09-26 12:44:44: Trn - Source 96, cls loss: 0.0036, seg loss: 1.1539, kendall s_cls: -0.4140, s_seg: 0.2936
11-09-26 12:44:45: Val - Source 96, cls acc: 1.0000, cls avg acc: 1.0000, cls loss: 0.0005, seg loss: 1.0032, total loss: 0.6885
11-09-26 12:44:45: Val - Source 96, Tomato seg: loss=1.0518, mIoU=0.3271, acc=0.6689
11-09-26 12:44:45: Val - Source 96, Maize seg: loss=0.9855, mIoU=0.3415, acc=0.7663
11-09-26 12:44:45: Eval(no-train) - Target 96, acc: 0.7460, avg acc: 0.7446, cls loss: 0.9840  <- domain gap indicator (DA-0 baseline, cls-only)
11-09-26 12:44:48: Trn - Source 97, cls loss: 0.0019, seg loss: 1.1191, kendall s_cls: -0.4140, s_seg: 0.2936
11-09-26 12:44:49: Val - Source 97, cls acc: 1.0000, cls avg acc: 1.0000, cls loss: 0.0006, seg loss: 1.0017, total loss: 0.6876
11-09-26 12:44:49: Val - Source 97, Tomato seg: loss=1.0687, mIoU=0.3170, acc=0.6524
11-09-26 12:44:49: Val - Source 97, Maize seg: loss=0.9773, mIoU=0.3423, acc=0.7698
11-09-26 12:44:50: Eval(no-train) - Target 97, acc: 0.7460, avg acc: 0.7446, cls loss: 1.0125  <- domain gap indicator (DA-0 baseline, cls-only)
11-09-26 12:44:53: Trn - Source 98, cls loss: 0.0027, seg loss: 1.1892, kendall s_cls: -0.4140, s_seg: 0.2936
11-09-26 12:44:53: Val - Source 98, cls acc: 1.0000, cls avg acc: 1.0000, cls loss: 0.0006, seg loss: 1.0053, total loss: 0.6903
11-09-26 12:44:53: Val - Source 98, Tomato seg: loss=1.0655, mIoU=0.3205, acc=0.6563
11-09-26 12:44:53: Val - Source 98, Maize seg: loss=0.9834, mIoU=0.3416, acc=0.7654
11-09-26 12:44:54: Eval(no-train) - Target 98, acc: 0.7460, avg acc: 0.7446, cls loss: 0.9507  <- domain gap indicator (DA-0 baseline, cls-only)
11-09-26 12:44:57: Trn - Source 99, cls loss: 0.0067, seg loss: 1.1550, kendall s_cls: -0.4140, s_seg: 0.2936
11-09-26 12:44:58: Val - Source 99, cls acc: 1.0000, cls avg acc: 1.0000, cls loss: 0.0005, seg loss: 1.0064, total loss: 0.6909
11-09-26 12:44:58: Val - Source 99, Tomato seg: loss=1.0624, mIoU=0.3184, acc=0.6528
11-09-26 12:44:58: Val - Source 99, Maize seg: loss=0.9861, mIoU=0.3415, acc=0.7690
11-09-26 12:44:58: Eval(no-train) - Target 99, acc: 0.7460, avg acc: 0.7446, cls loss: 0.9853  <- domain gap indicator (DA-0 baseline, cls-only)
11-09-26 12:44:58: Best model at epoch 95, source val total loss 0.6866
11-09-26 12:44:59: FINAL best-model source val: cls acc: 1.0000, cls avg acc: 1.0000, seg loss: 1.0006
11-09-26 12:44:59: FINAL best-model source val, Tomato seg: loss=1.0577, mIoU=0.3248, acc=0.6645
11-09-26 12:44:59: FINAL best-model source val, Maize seg: loss=0.9798, mIoU=0.3427, acc=0.7698
11-09-26 12:45:00: FINAL target (Pheno4D held-out) test accuracy: 0.7460, avg acc: 0.7446, loss: 0.9845  <- classification-only; target segmentation not evaluated (see module docstring)
11-09-26 12:45:00: Confusion matrix (rows=true, cols=pred, order=['Tomato', 'Maize']):
[[30 10]
 [ 6 17]]
11-09-26 12:45:00: Per-class precision/recall/F1 on target test:
              precision    recall  f1-score   support

      Tomato     0.8333    0.7500    0.7895        40
       Maize     0.6296    0.7391    0.6800        23

    accuracy                         0.7460        63
   macro avg     0.7315    0.7446    0.7347        63
weighted avg     0.7590    0.7460    0.7495        63

